Archive member included to satisfy reference by file (symbol)

/usr/local/bin/../lib/gcc/arm-none-eabi/10.3.1/../../../../arm-none-eabi/lib/thumb/v7e-m+fp/hard/libc_nano.a(lib_a-errno.o)
                              build/sysmem.o (__errno)
/usr/local/bin/../lib/gcc/arm-none-eabi/10.3.1/../../../../arm-none-eabi/lib/thumb/v7e-m+fp/hard/libc_nano.a(lib_a-exit.o)
                              /usr/local/bin/../lib/gcc/arm-none-eabi/10.3.1/../../../../arm-none-eabi/lib/thumb/v7e-m+fp/hard/crt0.o (exit)
/usr/local/bin/../lib/gcc/arm-none-eabi/10.3.1/../../../../arm-none-eabi/lib/thumb/v7e-m+fp/hard/libc_nano.a(lib_a-impure.o)
                              /usr/local/bin/../lib/gcc/arm-none-eabi/10.3.1/../../../../arm-none-eabi/lib/thumb/v7e-m+fp/hard/libc_nano.a(lib_a-exit.o) (_global_impure_ptr)
/usr/local/bin/../lib/gcc/arm-none-eabi/10.3.1/../../../../arm-none-eabi/lib/thumb/v7e-m+fp/hard/libc_nano.a(lib_a-init.o)
                              /usr/local/bin/../lib/gcc/arm-none-eabi/10.3.1/../../../../arm-none-eabi/lib/thumb/v7e-m+fp/hard/crt0.o (__libc_init_array)
/usr/local/bin/../lib/gcc/arm-none-eabi/10.3.1/../../../../arm-none-eabi/lib/thumb/v7e-m+fp/hard/libc_nano.a(lib_a-memcpy-stub.o)
                              build/queue.o (memcpy)
/usr/local/bin/../lib/gcc/arm-none-eabi/10.3.1/../../../../arm-none-eabi/lib/thumb/v7e-m+fp/hard/libc_nano.a(lib_a-memset.o)
                              /usr/local/bin/../lib/gcc/arm-none-eabi/10.3.1/../../../../arm-none-eabi/lib/thumb/v7e-m+fp/hard/crt0.o (memset)
/usr/local/bin/../lib/gcc/arm-none-eabi/10.3.1/../../../../arm-none-eabi/lib/thumb/v7e-m+fp/hard/libc_nano.a(lib_a-printf.o)
                              build/main.o (printf)
/usr/local/bin/../lib/gcc/arm-none-eabi/10.3.1/../../../../arm-none-eabi/lib/thumb/v7e-m+fp/hard/libc_nano.a(lib_a-puts.o)
                              build/main.o (puts)
/usr/local/bin/../lib/gcc/arm-none-eabi/10.3.1/../../../../arm-none-eabi/lib/thumb/v7e-m+fp/hard/libc_nano.a(lib_a-wbuf.o)
                              /usr/local/bin/../lib/gcc/arm-none-eabi/10.3.1/../../../../arm-none-eabi/lib/thumb/v7e-m+fp/hard/libc_nano.a(lib_a-puts.o) (__swbuf_r)
/usr/local/bin/../lib/gcc/arm-none-eabi/10.3.1/../../../../arm-none-eabi/lib/thumb/v7e-m+fp/hard/libc_nano.a(lib_a-wsetup.o)
                              /usr/local/bin/../lib/gcc/arm-none-eabi/10.3.1/../../../../arm-none-eabi/lib/thumb/v7e-m+fp/hard/libc_nano.a(lib_a-puts.o) (__swsetup_r)
/usr/local/bin/../lib/gcc/arm-none-eabi/10.3.1/../../../../arm-none-eabi/lib/thumb/v7e-m+fp/hard/libc_nano.a(lib_a-fflush.o)
                              /usr/local/bin/../lib/gcc/arm-none-eabi/10.3.1/../../../../arm-none-eabi/lib/thumb/v7e-m+fp/hard/libc_nano.a(lib_a-wbuf.o) (_fflush_r)
/usr/local/bin/../lib/gcc/arm-none-eabi/10.3.1/../../../../arm-none-eabi/lib/thumb/v7e-m+fp/hard/libc_nano.a(lib_a-findfp.o)
                              /usr/local/bin/../lib/gcc/arm-none-eabi/10.3.1/../../../../arm-none-eabi/lib/thumb/v7e-m+fp/hard/libc_nano.a(lib_a-printf.o) (__sinit)
/usr/local/bin/../lib/gcc/arm-none-eabi/10.3.1/../../../../arm-none-eabi/lib/thumb/v7e-m+fp/hard/libc_nano.a(lib_a-fwalk.o)
                              /usr/local/bin/../lib/gcc/arm-none-eabi/10.3.1/../../../../arm-none-eabi/lib/thumb/v7e-m+fp/hard/libc_nano.a(lib_a-findfp.o) (_fwalk)
/usr/local/bin/../lib/gcc/arm-none-eabi/10.3.1/../../../../arm-none-eabi/lib/thumb/v7e-m+fp/hard/libc_nano.a(lib_a-lock.o)
                              /usr/local/bin/../lib/gcc/arm-none-eabi/10.3.1/../../../../arm-none-eabi/lib/thumb/v7e-m+fp/hard/libc_nano.a(lib_a-findfp.o) (__retarget_lock_init_recursive)
/usr/local/bin/../lib/gcc/arm-none-eabi/10.3.1/../../../../arm-none-eabi/lib/thumb/v7e-m+fp/hard/libc_nano.a(lib_a-makebuf.o)
                              /usr/local/bin/../lib/gcc/arm-none-eabi/10.3.1/../../../../arm-none-eabi/lib/thumb/v7e-m+fp/hard/libc_nano.a(lib_a-wsetup.o) (__smakebuf_r)
/usr/local/bin/../lib/gcc/arm-none-eabi/10.3.1/../../../../arm-none-eabi/lib/thumb/v7e-m+fp/hard/libc_nano.a(lib_a-nano-freer.o)
                              /usr/local/bin/../lib/gcc/arm-none-eabi/10.3.1/../../../../arm-none-eabi/lib/thumb/v7e-m+fp/hard/libc_nano.a(lib_a-wsetup.o) (_free_r)
/usr/local/bin/../lib/gcc/arm-none-eabi/10.3.1/../../../../arm-none-eabi/lib/thumb/v7e-m+fp/hard/libc_nano.a(lib_a-nano-mallocr.o)
                              /usr/local/bin/../lib/gcc/arm-none-eabi/10.3.1/../../../../arm-none-eabi/lib/thumb/v7e-m+fp/hard/libc_nano.a(lib_a-findfp.o) (_malloc_r)
/usr/local/bin/../lib/gcc/arm-none-eabi/10.3.1/../../../../arm-none-eabi/lib/thumb/v7e-m+fp/hard/libc_nano.a(lib_a-nano-vfprintf.o)
                              /usr/local/bin/../lib/gcc/arm-none-eabi/10.3.1/../../../../arm-none-eabi/lib/thumb/v7e-m+fp/hard/libc_nano.a(lib_a-printf.o) (_vfprintf_r)
/usr/local/bin/../lib/gcc/arm-none-eabi/10.3.1/../../../../arm-none-eabi/lib/thumb/v7e-m+fp/hard/libc_nano.a(lib_a-nano-vfprintf_i.o)
[...]
Memory Configuration

Name             Origin             Length             Attributes
RAM              0x0000000020000000 0x0000000000020000 xrw
FLASH            0x0000000008000000 0x0000000000080000 xr
*default*        0x0000000000000000 0xffffffffffffffff

Linker script and memory map

LOAD /usr/local/bin/../lib/gcc/arm-none-eabi/10.3.1/thumb/v7e-m+fp/hard/crti.o
LOAD /usr/local/bin/../lib/gcc/arm-none-eabi/10.3.1/thumb/v7e-m+fp/hard/crtbegin.o
LOAD /usr/local/bin/../lib/gcc/arm-none-eabi/10.3.1/../../../../arm-none-eabi/lib/thumb/v7e-m+fp/hard/crt0.o
LOAD build/main.o
LOAD build/freertos.o
LOAD build/stm32f4xx_it.o
LOAD build/stm32f4xx_hal_msp.o
LOAD build/stm32f4xx_hal_timebase_tim.o
LOAD build/stm32f4xx_hal_rcc.o
LOAD build/stm32f4xx_hal_rcc_ex.o
LOAD build/stm32f4xx_hal_flash.o
LOAD build/stm32f4xx_hal_flash_ex.o
LOAD build/stm32f4xx_hal_flash_ramfunc.o
LOAD build/stm32f4xx_hal_gpio.o
LOAD build/stm32f4xx_hal_dma_ex.o
LOAD build/stm32f4xx_hal_dma.o
LOAD build/stm32f4xx_hal_pwr.o
LOAD build/stm32f4xx_hal_pwr_ex.o
LOAD build/stm32f4xx_hal_cortex.o
LOAD build/stm32f4xx_hal.o
LOAD build/stm32f4xx_hal_exti.o
LOAD build/stm32f4xx_hal_tim.o
LOAD build/stm32f4xx_hal_tim_ex.o
LOAD build/stm32f4xx_hal_uart.o
LOAD build/system_stm32f4xx.o
LOAD build/croutine.o
LOAD build/event_groups.o
LOAD build/list.o
LOAD build/queue.o
LOAD build/stream_buffer.o
LOAD build/tasks.o
LOAD build/timers.o
LOAD build/cmsis_os2.o
LOAD build/heap_4.o
LOAD build/port.o
LOAD build/sysmem.o
LOAD build/syscalls.o
LOAD build/stm32f4xx_hal_adc.o
LOAD build/stm32f4xx_hal_adc_ex.o
LOAD build/stm32f4xx_ll_adc.o
LOAD build/startup_stm32f411xe.o
LOAD /usr/local/bin/../lib/gcc/arm-none-eabi/10.3.1/../../../../arm-none-eabi/lib/thumb/v7e-m+fp/hard/libc_nano.a
LOAD /usr/local/bin/../lib/gcc/arm-none-eabi/10.3.1/../../../../arm-none-eabi/lib/thumb/v7e-m+fp/hard/libm.a
LOAD /usr/local/bin/../lib/gcc/arm-none-eabi/10.3.1/../../../../arm-none-eabi/lib/thumb/v7e-m+fp/hard/libnosys.a
START GROUP
LOAD /usr/local/bin/../lib/gcc/arm-none-eabi/10.3.1/thumb/v7e-m+fp/hard/libgcc.a
LOAD /usr/local/bin/../lib/gcc/arm-none-eabi/10.3.1/../../../../arm-none-eabi/lib/thumb/v7e-m+fp/hard/libc_nano.a
END GROUP
START GROUP
LOAD /usr/local/bin/../lib/gcc/arm-none-eabi/10.3.1/thumb/v7e-m+fp/hard/libgcc.a
LOAD /usr/local/bin/../lib/gcc/arm-none-eabi/10.3.1/../../../../arm-none-eabi/lib/thumb/v7e-m+fp/hard/libc_nano.a
END GROUP
LOAD /usr/local/bin/../lib/gcc/arm-none-eabi/10.3.1/thumb/v7e-m+fp/hard/crtend.o
LOAD /usr/local/bin/../lib/gcc/arm-none-eabi/10.3.1/thumb/v7e-m+fp/hard/crtn.o
                0x0000000020020000                _estack = (ORIGIN (RAM) + LENGTH (RAM))
                0x0000000000000200                _Min_Heap_Size = 0x200
                0x0000000000000400                _Min_Stack_Size = 0x400

.isr_vector     0x0000000008000000      0x198
                0x0000000008000000                . = ALIGN (0x4)
 *(.isr_vector)
 .isr_vector    0x0000000008000000      0x198 build/startup_stm32f411xe.o
                0x0000000008000000                g_pfnVectors
                0x0000000008000198                . = ALIGN (0x4)

.text           0x00000000080001a0     0x5348
                0x00000000080001a0                . = ALIGN (0x4)
 *(.text)
 .text          0x00000000080001a0       0x40 /usr/local/bin/../lib/gcc/arm-none-eabi/10.3.1/thumb/v7e-m+fp/hard/crtbegin.o
 .text          0x00000000080001e0       0xa0 /usr/local/bin/../lib/gcc/arm-none-eabi/10.3.1/../../../../arm-none-eabi/lib/thumb/v7e-m+fp/hard/libc_nano.a(lib_a-memchr.o)
                0x00000000080001e0                memchr
 .text          0x0000000008000280      0x254 /usr/local/bin/../lib/gcc/arm-none-eabi/10.3.1/thumb/v7e-m+fp/hard/libgcc.a(_arm_muldf3.o)
                0x0000000008000280                __aeabi_dmul
                0x0000000008000280                __muldf3
 .text          0x00000000080004d4      0x378 /usr/local/bin/../lib/gcc/arm-none-eabi/10.3.1/thumb/v7e-m+fp/hard/libgcc.a(_arm_addsubdf3.o)
                0x00000000080004d4                __aeabi_drsub
                0x00000000080004dc                __aeabi_dsub
                0x00000000080004dc                __subdf3
                0x00000000080004e0                __adddf3
                0x00000000080004e0                __aeabi_dadd
                0x0000000008000758                __aeabi_ui2d
                0x0000000008000758                __floatunsidf
                0x0000000008000778                __floatsidf
                0x0000000008000778                __aeabi_i2d
                0x000000000800079c                __extendsfdf2
                0x000000000800079c                __aeabi_f2d
                0x00000000080007e0                __aeabi_ul2d
                0x00000000080007e0                __floatundidf
                0x00000000080007f0                __floatdidf
                0x00000000080007f0                __aeabi_l2d
 .text          0x000000000800084c       0x40 /usr/local/bin/../lib/gcc/arm-none-eabi/10.3.1/thumb/v7e-m+fp/hard/libgcc.a(_arm_fixunsdfsi.o)
                0x000000000800084c                __fixunsdfsi
                0x000000000800084c                __aeabi_d2uiz
 .text          0x000000000800088c       0x30 /usr/local/bin/../lib/gcc/arm-none-eabi/10.3.1/thumb/v7e-m+fp/hard/libgcc.a(_aeabi_uldivmod.o)
                0x000000000800088c                __aeabi_uldivmod
 .text          0x00000000080008bc      0x2d0 /usr/local/bin/../lib/gcc/arm-none-eabi/10.3.1/thumb/v7e-m+fp/hard/libgcc.a(_udivmoddi4.o)
                0x00000000080008bc                __udivmoddi4
 .text          0x0000000008000b8c        0x4 /usr/local/bin/../lib/gcc/arm-none-eabi/10.3.1/thumb/v7e-m+fp/hard/libgcc.a(_dvmd_tls.o)
                0x0000000008000b8c                __aeabi_ldiv0
                0x0000000008000b8c                __aeabi_idiv0
 *(.text*)
 .text.MX_GPIO_Init
                0x0000000008000b90       0xb8 build/main.o
 .text.StartDefaultTask
                0x0000000008000c48       0x18 build/main.o
                0x0000000008000c48                StartDefaultTask
 .text.StartTask02
                0x0000000008000c60       0x88 build/main.o
                0x0000000008000c60                StartTask02
 .text.__io_putchar
                0x0000000008000ce8       0x20 build/main.o
                0x0000000008000ce8                __io_putchar
 .text.HAL_TIM_PeriodElapsedCallback
                0x0000000008000d08       0x18 build/main.o
                0x0000000008000d08                HAL_TIM_PeriodElapsedCallback
 .text.HAL_GPIO_EXTI_Callback
                0x0000000008000d20       0x10 build/main.o
                0x0000000008000d20                HAL_GPIO_EXTI_Callback
 .text.Error_Handler
                0x0000000008000d30        0x4 build/main.o
                0x0000000008000d30                Error_Handler
 .text.MX_USART2_UART_Init
                0x0000000008000d34       0x34 build/main.o
 .text.MX_ADC1_Init
                0x0000000008000d68       0x70 build/main.o
 .text.SystemClock_Config
                0x0000000008000dd8       0xa0 build/main.o
                0x0000000008000dd8                SystemClock_Config
 .text.main     0x0000000008000e78       0x54 build/main.o
                0x0000000008000e78                main
 .text.NMI_Handler
                0x0000000008000ecc        0x2 build/stm32f4xx_it.o
                0x0000000008000ecc                NMI_Handler
 .text.HardFault_Handler
                0x0000000008000ece        0x2 build/stm32f4xx_it.o
                0x0000000008000ece                HardFault_Handler
 .text.MemManage_Handler
                0x0000000008000ed0        0x2 build/stm32f4xx_it.o
                0x0000000008000ed0                MemManage_Handler
 .text.BusFault_Handler
                0x0000000008000ed2        0x2 build/stm32f4xx_it.o
                0x0000000008000ed2                BusFault_Handler
 .text.UsageFault_Handler
                0x0000000008000ed4        0x2 build/stm32f4xx_it.o
                0x0000000008000ed4                UsageFault_Handler
 .text.DebugMon_Handler
                0x0000000008000ed6        0x2 build/stm32f4xx_it.o
                0x0000000008000ed6                DebugMon_Handler
 .text.ADC_IRQHandler
                0x0000000008000ed8       0x10 build/stm32f4xx_it.o
                0x0000000008000ed8                ADC_IRQHandler
 .text.TIM1_TRG_COM_TIM11_IRQHandler
                0x0000000008000ee8       0x10 build/stm32f4xx_it.o
                0x0000000008000ee8                TIM1_TRG_COM_TIM11_IRQHandler
 .text.EXTI15_10_IRQHandler
                0x0000000008000ef8        0xc build/stm32f4xx_it.o
                0x0000000008000ef8                EXTI15_10_IRQHandler
 .text.HAL_MspInit
                0x0000000008000f04       0x44 build/stm32f4xx_hal_msp.o
                0x0000000008000f04                HAL_MspInit
 .text.HAL_ADC_MspInit
                0x0000000008000f48       0x40 build/stm32f4xx_hal_msp.o
                0x0000000008000f48                HAL_ADC_MspInit
 .text.HAL_UART_MspInit
                0x0000000008000f88       0x70 build/stm32f4xx_hal_msp.o
                0x0000000008000f88                HAL_UART_MspInit
 .text.HAL_InitTick
                0x0000000008000ff8       0x98 build/stm32f4xx_hal_timebase_tim.o
                0x0000000008000ff8                HAL_InitTick
 .text.HAL_RCC_OscConfig
                0x0000000008001090      0x3f8 build/stm32f4xx_hal_rcc.o
                0x0000000008001090                HAL_RCC_OscConfig
 .text.HAL_RCC_GetSysClockFreq
                0x0000000008001488       0xd4 build/stm32f4xx_hal_rcc.o
                0x0000000008001488                HAL_RCC_GetSysClockFreq
 .text.HAL_RCC_ClockConfig
                0x000000000800155c      0x160 build/stm32f4xx_hal_rcc.o
                0x000000000800155c                HAL_RCC_ClockConfig
 .text.HAL_RCC_GetHCLKFreq
                0x00000000080016bc        0xc build/stm32f4xx_hal_rcc.o
                0x00000000080016bc                HAL_RCC_GetHCLKFreq
 .text.HAL_RCC_GetPCLK1Freq
                0x00000000080016c8       0x20 build/stm32f4xx_hal_rcc.o
                0x00000000080016c8                HAL_RCC_GetPCLK1Freq
 .text.HAL_RCC_GetPCLK2Freq
                0x00000000080016e8       0x20 build/stm32f4xx_hal_rcc.o
                0x00000000080016e8                HAL_RCC_GetPCLK2Freq
 .text.HAL_RCC_GetClockConfig
                0x0000000008001708       0x3c build/stm32f4xx_hal_rcc.o
                0x0000000008001708                HAL_RCC_GetClockConfig
 .text.HAL_GPIO_Init
                0x0000000008001744      0x1c0 build/stm32f4xx_hal_gpio.o
                0x0000000008001744                HAL_GPIO_Init
 .text.HAL_GPIO_WritePin
                0x0000000008001904        0xc build/stm32f4xx_hal_gpio.o
                0x0000000008001904                HAL_GPIO_WritePin
 .text.HAL_GPIO_TogglePin
                0x0000000008001910       0x12 build/stm32f4xx_hal_gpio.o
                0x0000000008001910                HAL_GPIO_TogglePin
 *fill*         0x0000000008001922        0x2 
 .text.HAL_GPIO_EXTI_IRQHandler
                0x0000000008001924       0x1c build/stm32f4xx_hal_gpio.o
                0x0000000008001924                HAL_GPIO_EXTI_IRQHandler
 .text.HAL_NVIC_SetPriorityGrouping
                0x0000000008001940       0x24 build/stm32f4xx_hal_cortex.o
                0x0000000008001940                HAL_NVIC_SetPriorityGrouping
 .text.HAL_NVIC_SetPriority
                0x0000000008001964       0x70 build/stm32f4xx_hal_cortex.o
                0x0000000008001964                HAL_NVIC_SetPriority
 .text.HAL_NVIC_EnableIRQ
                0x00000000080019d4       0x1c build/stm32f4xx_hal_cortex.o
                0x00000000080019d4                HAL_NVIC_EnableIRQ
 .text.HAL_Init
                0x00000000080019f0       0x34 build/stm32f4xx_hal.o
                0x00000000080019f0                HAL_Init
 .text.HAL_IncTick
                0x0000000008001a24       0x18 build/stm32f4xx_hal.o
                0x0000000008001a24                HAL_IncTick
 .text.HAL_GetTick
                0x0000000008001a3c        0xc build/stm32f4xx_hal.o
                0x0000000008001a3c                HAL_GetTick
 .text.HAL_TIM_Base_MspInit
                0x0000000008001a48        0x2 build/stm32f4xx_hal_tim.o
                0x0000000008001a48                HAL_TIM_Base_MspInit
 *fill*         0x0000000008001a4a        0x2 
 .text.HAL_TIM_Base_Start_IT
                0x0000000008001a4c       0x78 build/stm32f4xx_hal_tim.o
                0x0000000008001a4c                HAL_TIM_Base_Start_IT
 .text.HAL_TIM_OC_DelayElapsedCallback
                0x0000000008001ac4        0x2 build/stm32f4xx_hal_tim.o
                0x0000000008001ac4                HAL_TIM_OC_DelayElapsedCallback
 .text.HAL_TIM_IC_CaptureCallback
                0x0000000008001ac6        0x2 build/stm32f4xx_hal_tim.o
                0x0000000008001ac6                HAL_TIM_IC_CaptureCallback
 .text.HAL_TIM_PWM_PulseFinishedCallback
                0x0000000008001ac8        0x2 build/stm32f4xx_hal_tim.o
                0x0000000008001ac8                HAL_TIM_PWM_PulseFinishedCallback
 .text.HAL_TIM_TriggerCallback
                0x0000000008001aca        0x2 build/stm32f4xx_hal_tim.o
                0x0000000008001aca                HAL_TIM_TriggerCallback
 .text.HAL_TIM_IRQHandler
                0x0000000008001acc      0x15e build/stm32f4xx_hal_tim.o
                0x0000000008001acc                HAL_TIM_IRQHandler
 *fill*         0x0000000008001c2a        0x2 
 .text.TIM_Base_SetConfig
                0x0000000008001c2c       0xac build/stm32f4xx_hal_tim.o
                0x0000000008001c2c                TIM_Base_SetConfig
 .text.HAL_TIM_Base_Init
                0x0000000008001cd8       0x58 build/stm32f4xx_hal_tim.o
                0x0000000008001cd8                HAL_TIM_Base_Init
 .text.HAL_TIMEx_CommutCallback
                0x0000000008001d30        0x2 build/stm32f4xx_hal_tim_ex.o
                0x0000000008001d30                HAL_TIMEx_CommutCallback
 .text.HAL_TIMEx_BreakCallback
                0x0000000008001d32        0x2 build/stm32f4xx_hal_tim_ex.o
                0x0000000008001d32                HAL_TIMEx_BreakCallback
 .text.UART_EndRxTransfer
                0x0000000008001d34       0x5c build/stm32f4xx_hal_uart.o
 .text.UART_SetConfig
                0x0000000008001d90      0x110 build/stm32f4xx_hal_uart.o
 .text.UART_WaitOnFlagUntilTimeout
                0x0000000008001ea0       0x8a build/stm32f4xx_hal_uart.o
 .text.HAL_UART_Init
                0x0000000008001f2a       0x60 build/stm32f4xx_hal_uart.o
                0x0000000008001f2a                HAL_UART_Init
 .text.HAL_UART_Transmit
                0x0000000008001f8a       0xcc build/stm32f4xx_hal_uart.o
                0x0000000008001f8a                HAL_UART_Transmit
 *fill*         0x0000000008002056        0x2 
 .text.SystemInit
                0x0000000008002058       0x14 build/system_stm32f4xx.o
                0x0000000008002058                SystemInit
 .text.vListInitialise
                0x000000000800206c       0x16 build/list.o
                0x000000000800206c                vListInitialise
 .text.vListInitialiseItem
                0x0000000008002082        0x6 build/list.o
                0x0000000008002082                vListInitialiseItem
 .text.vListInsertEnd
                0x0000000008002088       0x16 build/list.o
                0x0000000008002088                vListInsertEnd
 .text.vListInsert
                0x000000000800209e       0x32 build/list.o
                0x000000000800209e                vListInsert
 .text.uxListRemove
                0x00000000080020d0       0x26 build/list.o
                0x00000000080020d0                uxListRemove
 .text.prvIsQueueFull
                0x00000000080020f6       0x1e build/queue.o
 .text.prvIsQueueEmpty
                0x0000000008002114       0x1a build/queue.o
 .text.prvCopyDataToQueue
                0x000000000800212e       0x76 build/queue.o
 .text.prvCopyDataFromQueue
                0x00000000080021a4       0x24 build/queue.o
 .text.prvUnlockQueue
                0x00000000080021c8       0x6e build/queue.o
 .text.xQueueGenericReset
                0x0000000008002236       0x84 build/queue.o
                0x0000000008002236                xQueueGenericReset
 .text.prvInitialiseNewQueue
                0x00000000080022ba       0x22 build/queue.o
 .text.xQueueGenericCreateStatic
                0x00000000080022dc       0x94 build/queue.o
                0x00000000080022dc                xQueueGenericCreateStatic
 .text.xQueueGenericSend
                0x0000000008002370      0x188 build/queue.o
                0x0000000008002370                xQueueGenericSend
 .text.xQueueGenericSendFromISR
                0x00000000080024f8       0xce build/queue.o
                0x00000000080024f8                xQueueGenericSendFromISR
 .text.xQueueReceive
                0x00000000080025c6      0x15e build/queue.o
                0x00000000080025c6                xQueueReceive
 .text.vQueueAddToRegistry
                0x0000000008002724       0x28 build/queue.o
                0x0000000008002724                vQueueAddToRegistry
 .text.vQueueWaitForMessageRestricted
                0x000000000800274c       0x52 build/queue.o
                0x000000000800274c                vQueueWaitForMessageRestricted
 *fill*         0x000000000800279e        0x2 
 .text.prvResetNextTaskUnblockTime
                0x00000000080027a0       0x2c build/tasks.o
 .text.prvInitialiseNewTask
                0x00000000080027cc       0xa6 build/tasks.o
 *fill*         0x0000000008002872        0x2 
 .text.prvInitialiseTaskLists
                0x0000000008002874       0x68 build/tasks.o
 .text.prvAddNewTaskToReadyList
                0x00000000080028dc       0xac build/tasks.o
 .text.prvDeleteTCB
                0x0000000008002988       0x38 build/tasks.o
 .text.prvCheckTasksWaitingTermination
                0x00000000080029c0       0x4c build/tasks.o
 .text.prvIdleTask
                0x0000000008002a0c       0x28 build/tasks.o
 .text.prvAddCurrentTaskToDelayedList
                0x0000000008002a34       0x7c build/tasks.o
 .text.xTaskCreateStatic
                0x0000000008002ab0       0x76 build/tasks.o
                0x0000000008002ab0                xTaskCreateStatic
 .text.xTaskCreate
                0x0000000008002b26       0x68 build/tasks.o
                0x0000000008002b26                xTaskCreate
 *fill*         0x0000000008002b8e        0x2 
 .text.vTaskStartScheduler
                0x0000000008002b90       0x9c build/tasks.o
                0x0000000008002b90                vTaskStartScheduler
 .text.vTaskSuspendAll
                0x0000000008002c2c       0x10 build/tasks.o
                0x0000000008002c2c                vTaskSuspendAll
 .text.xTaskGetTickCount
                0x0000000008002c3c        0xc build/tasks.o
                0x0000000008002c3c                xTaskGetTickCount
 .text.xTaskIncrementTick
                0x0000000008002c48      0x118 build/tasks.o
                0x0000000008002c48                xTaskIncrementTick
 .text.xTaskResumeAll
                0x0000000008002d60       0xf8 build/tasks.o
                0x0000000008002d60                xTaskResumeAll
 .text.vTaskDelay
                0x0000000008002e58       0x4c build/tasks.o
                0x0000000008002e58                vTaskDelay
 .text.vTaskSwitchContext
                0x0000000008002ea4       0x94 build/tasks.o
                0x0000000008002ea4                vTaskSwitchContext
 .text.vTaskPlaceOnEventList
                0x0000000008002f38       0x30 build/tasks.o
                0x0000000008002f38                vTaskPlaceOnEventList
 .text.vTaskPlaceOnEventListRestricted
                0x0000000008002f68       0x38 build/tasks.o
                0x0000000008002f68                vTaskPlaceOnEventListRestricted
 .text.xTaskRemoveFromEventList
                0x0000000008002fa0       0x8c build/tasks.o
                0x0000000008002fa0                xTaskRemoveFromEventList
 .text.vTaskInternalSetTimeOutState
                0x000000000800302c       0x18 build/tasks.o
                0x000000000800302c                vTaskInternalSetTimeOutState
 .text.xTaskCheckForTimeOut
                0x0000000008003044       0x84 build/tasks.o
                0x0000000008003044                xTaskCheckForTimeOut
 .text.vTaskMissedYield
                0x00000000080030c8        0xc build/tasks.o
                0x00000000080030c8                vTaskMissedYield
 .text.xTaskGetSchedulerState
                0x00000000080030d4       0x20 build/tasks.o
                0x00000000080030d4                xTaskGetSchedulerState
 .text.xTaskPriorityDisinherit
                0x00000000080030f4       0x90 build/tasks.o
                0x00000000080030f4                xTaskPriorityDisinherit
 .text.prvGetNextExpireTime
                0x0000000008003184       0x20 build/timers.o
 .text.prvInsertTimerInActiveList
                0x00000000080031a4       0x48 build/timers.o
 .text.prvCheckForValidListAndQueue
                0x00000000080031ec       0x70 build/timers.o
 .text.xTimerCreateTimerTask
                0x000000000800325c       0x64 build/timers.o
                0x000000000800325c                xTimerCreateTimerTask
 .text.xTimerGenericCommand
                0x00000000080032c0       0x6c build/timers.o
                0x00000000080032c0                xTimerGenericCommand
 .text.prvSwitchTimerLists
                0x000000000800332c       0x7c build/timers.o
 .text.prvSampleTimeNow
                0x00000000080033a8       0x2c build/timers.o
 .text.prvProcessExpiredTimer
                0x00000000080033d4       0x6c build/timers.o
 .text.prvProcessTimerOrBlockTask
                0x0000000008003440       0x74 build/timers.o
 .text.prvProcessReceivedCommands
                0x00000000080034b4      0x10c build/timers.o
 .text.prvTimerTask
                0x00000000080035c0       0x16 build/timers.o
 .text.SysTick_Handler
                0x00000000080035d6       0x18 build/cmsis_os2.o
                0x00000000080035d6                SysTick_Handler
 *fill*         0x00000000080035ee        0x2 
 .text.osKernelInitialize
                0x00000000080035f0       0x24 build/cmsis_os2.o
                0x00000000080035f0                osKernelInitialize
 .text.osKernelStart
                0x0000000008003614       0x38 build/cmsis_os2.o
                0x0000000008003614                osKernelStart
 .text.osThreadNew
                0x000000000800364c       0xbc build/cmsis_os2.o
                0x000000000800364c                osThreadNew
 .text.osDelay  0x0000000008003708       0x1c build/cmsis_os2.o
                0x0000000008003708                osDelay
 .text.vApplicationGetIdleTaskMemory
                0x0000000008003724       0x18 build/cmsis_os2.o
                0x0000000008003724                vApplicationGetIdleTaskMemory
 .text.vApplicationGetTimerTaskMemory
                0x000000000800373c       0x18 build/cmsis_os2.o
                0x000000000800373c                vApplicationGetTimerTaskMemory
 .text.prvHeapInit
                0x0000000008003754       0x64 build/heap_4.o
 .text.prvInsertBlockIntoFreeList
                0x00000000080037b8       0x64 build/heap_4.o
 .text.pvPortMalloc
                0x000000000800381c       0xfc build/heap_4.o
                0x000000000800381c                pvPortMalloc
 .text.vPortFree
                0x0000000008003918       0x7c build/heap_4.o
                0x0000000008003918                vPortFree
 .text.prvTaskExitError
                0x0000000008003994       0x40 build/port.o
 .text.prvPortStartFirstTask
                0x00000000080039d4       0x28 build/port.o
 .text.vPortEnableVFP
                0x00000000080039fc       0x14 build/port.o
 .text.pxPortInitialiseStack
                0x0000000008003a10       0x2c build/port.o
                0x0000000008003a10                pxPortInitialiseStack
 *fill*         0x0000000008003a3c        0x4 
 .text.SVC_Handler
                0x0000000008003a40       0x24 build/port.o
                0x0000000008003a40                SVC_Handler
 .text.vPortEnterCritical
                0x0000000008003a64       0x44 build/port.o
                0x0000000008003a64                vPortEnterCritical
 .text.vPortExitCritical
                0x0000000008003aa8       0x2c build/port.o
                0x0000000008003aa8                vPortExitCritical
 *fill*         0x0000000008003ad4        0xc 
 .text.PendSV_Handler
                0x0000000008003ae0       0x64 build/port.o
                0x0000000008003ae0                PendSV_Handler
 .text.xPortSysTickHandler
                0x0000000008003b44       0x2c build/port.o
                0x0000000008003b44                xPortSysTickHandler
 .text.vPortSetupTimerInterrupt
                0x0000000008003b70       0x28 build/port.o
                0x0000000008003b70                vPortSetupTimerInterrupt
 .text.xPortStartScheduler
                0x0000000008003b98      0x118 build/port.o
                0x0000000008003b98                xPortStartScheduler
 .text.vPortValidateInterruptPriority
                0x0000000008003cb0       0x5c build/port.o
                0x0000000008003cb0                vPortValidateInterruptPriority
 .text._sbrk    0x0000000008003d0c       0x48 build/sysmem.o
                0x0000000008003d0c                _sbrk
 .text._read    0x0000000008003d54       0x20 build/syscalls.o
                0x0000000008003d54                _read
 .text._write   0x0000000008003d74       0x1c build/syscalls.o
                0x0000000008003d74                _write
 .text._close   0x0000000008003d90        0x6 build/syscalls.o
                0x0000000008003d90                _close
 .text._fstat   0x0000000008003d96        0xa build/syscalls.o
                0x0000000008003d96                _fstat
 .text._isatty  0x0000000008003da0        0x4 build/syscalls.o
                0x0000000008003da0                _isatty
 .text._lseek   0x0000000008003da4        0x4 build/syscalls.o
                0x0000000008003da4                _lseek
 .text.ADC_Init
                0x0000000008003da8      0x134 build/stm32f4xx_hal_adc.o
 .text.HAL_ADC_Init
                0x0000000008003edc       0x56 build/stm32f4xx_hal_adc.o
                0x0000000008003edc                HAL_ADC_Init
 *fill*         0x0000000008003f32        0x2 
 .text.HAL_ADC_Start
                0x0000000008003f34      0x108 build/stm32f4xx_hal_adc.o
                0x0000000008003f34                HAL_ADC_Start
 .text.HAL_ADC_PollForConversion
                0x000000000800403c       0xb8 build/stm32f4xx_hal_adc.o
                0x000000000800403c                HAL_ADC_PollForConversion
 .text.HAL_ADC_GetValue
                0x00000000080040f4        0x6 build/stm32f4xx_hal_adc.o
                0x00000000080040f4                HAL_ADC_GetValue
 .text.HAL_ADC_ConvCpltCallback
                0x00000000080040fa        0x2 build/stm32f4xx_hal_adc.o
                0x00000000080040fa                HAL_ADC_ConvCpltCallback
 .text.HAL_ADC_LevelOutOfWindowCallback
                0x00000000080040fc        0x2 build/stm32f4xx_hal_adc.o
                0x00000000080040fc                HAL_ADC_LevelOutOfWindowCallback
 .text.HAL_ADC_ErrorCallback
                0x00000000080040fe        0x2 build/stm32f4xx_hal_adc.o
                0x00000000080040fe                HAL_ADC_ErrorCallback
 .text.HAL_ADC_IRQHandler
                0x0000000008004100      0x142 build/stm32f4xx_hal_adc.o
                0x0000000008004100                HAL_ADC_IRQHandler
 *fill*         0x0000000008004242        0x2 
 .text.HAL_ADC_ConfigChannel
                0x0000000008004244      0x1ac build/stm32f4xx_hal_adc.o
                0x0000000008004244                HAL_ADC_ConfigChannel
 .text.HAL_ADCEx_InjectedConvCpltCallback
                0x00000000080043f0        0x2 build/stm32f4xx_hal_adc_ex.o
                0x00000000080043f0                HAL_ADCEx_InjectedConvCpltCallback
 *fill*         0x00000000080043f2        0x2 
 .text.Reset_Handler
                0x00000000080043f4       0x50 build/startup_stm32f411xe.o
                0x00000000080043f4                Reset_Handler
 .text.Default_Handler
                0x0000000008004444        0x2 build/startup_stm32f411xe.o
                0x0000000008004444                RTC_Alarm_IRQHandler
                0x0000000008004444                EXTI2_IRQHandler
                0x0000000008004444                SPI4_IRQHandler
                0x0000000008004444                TIM1_CC_IRQHandler
                0x0000000008004444                DMA2_Stream5_IRQHandler
                0x0000000008004444                DMA1_Stream5_IRQHandler
                0x0000000008004444                PVD_IRQHandler
                0x0000000008004444                SDIO_IRQHandler
                0x0000000008004444                TAMP_STAMP_IRQHandler
                0x0000000008004444                EXTI3_IRQHandler
                0x0000000008004444                TIM1_UP_TIM10_IRQHandler
                0x0000000008004444                I2C3_ER_IRQHandler
                0x0000000008004444                EXTI0_IRQHandler
                0x0000000008004444                I2C2_EV_IRQHandler
                0x0000000008004444                DMA1_Stream2_IRQHandler
                0x0000000008004444                FPU_IRQHandler
                0x0000000008004444                DMA2_Stream2_IRQHandler
                0x0000000008004444                SPI1_IRQHandler
                0x0000000008004444                TIM1_BRK_TIM9_IRQHandler
                0x0000000008004444                DMA2_Stream3_IRQHandler
                0x0000000008004444                USART6_IRQHandler
                0x0000000008004444                DMA2_Stream0_IRQHandler
                0x0000000008004444                TIM4_IRQHandler
                0x0000000008004444                I2C1_EV_IRQHandler
                0x0000000008004444                DMA1_Stream6_IRQHandler
                0x0000000008004444                DMA1_Stream1_IRQHandler
                0x0000000008004444                TIM3_IRQHandler
                0x0000000008004444                RCC_IRQHandler
                0x0000000008004444                Default_Handler
                0x0000000008004444                DMA1_Stream7_IRQHandler
                0x0000000008004444                SPI5_IRQHandler
                0x0000000008004444                TIM5_IRQHandler
                0x0000000008004444                DMA2_Stream7_IRQHandler
                0x0000000008004444                I2C3_EV_IRQHandler
                0x0000000008004444                EXTI9_5_IRQHandler
                0x0000000008004444                RTC_WKUP_IRQHandler
                0x0000000008004444                SPI2_IRQHandler
                0x0000000008004444                DMA1_Stream0_IRQHandler
                0x0000000008004444                EXTI4_IRQHandler
                0x0000000008004444                WWDG_IRQHandler
                0x0000000008004444                TIM2_IRQHandler
                0x0000000008004444                OTG_FS_WKUP_IRQHandler
                0x0000000008004444                EXTI1_IRQHandler
                0x0000000008004444                USART2_IRQHandler
                0x0000000008004444                I2C2_ER_IRQHandler
                0x0000000008004444                DMA2_Stream1_IRQHandler
                0x0000000008004444                FLASH_IRQHandler
                0x0000000008004444                DMA2_Stream4_IRQHandler
                0x0000000008004444                USART1_IRQHandler
                0x0000000008004444                OTG_FS_IRQHandler
                0x0000000008004444                SPI3_IRQHandler
                0x0000000008004444                DMA1_Stream4_IRQHandler
                0x0000000008004444                I2C1_ER_IRQHandler
                0x0000000008004444                DMA2_Stream6_IRQHandler
                0x0000000008004444                DMA1_Stream3_IRQHandler
 *fill*         0x0000000008004446        0x2 
 .text.__errno  0x0000000008004448        0xc /usr/local/bin/../lib/gcc/arm-none-eabi/10.3.1/../../../../arm-none-eabi/lib/thumb/v7e-m+fp/hard/libc_nano.a(lib_a-errno.o)
                0x0000000008004448                __errno
 .text.__libc_init_array
                0x0000000008004454       0x48 /usr/local/bin/../lib/gcc/arm-none-eabi/10.3.1/../../../../arm-none-eabi/lib/thumb/v7e-m+fp/hard/libc_nano.a(lib_a-init.o)
                0x0000000008004454                __libc_init_array
 .text.memcpy   0x000000000800449c       0x1c /usr/local/bin/../lib/gcc/arm-none-eabi/10.3.1/../../../../arm-none-eabi/lib/thumb/v7e-m+fp/hard/libc_nano.a(lib_a-memcpy-stub.o)
                0x000000000800449c                memcpy
 .text.memset   0x00000000080044b8       0x10 /usr/local/bin/../lib/gcc/arm-none-eabi/10.3.1/../../../../arm-none-eabi/lib/thumb/v7e-m+fp/hard/libc_nano.a(lib_a-memset.o)
                0x00000000080044b8                memset
 .text.printf   0x00000000080044c8       0x30 /usr/local/bin/../lib/gcc/arm-none-eabi/10.3.1/../../../../arm-none-eabi/lib/thumb/v7e-m+fp/hard/libc_nano.a(lib_a-printf.o)
                0x00000000080044c8                printf
                0x00000000080044c8                iprintf
 .text._puts_r  0x00000000080044f8       0xdc /usr/local/bin/../lib/gcc/arm-none-eabi/10.3.1/../../../../arm-none-eabi/lib/thumb/v7e-m+fp/hard/libc_nano.a(lib_a-puts.o)
                0x00000000080044f8                _puts_r
 .text.puts     0x00000000080045d4       0x10 /usr/local/bin/../lib/gcc/arm-none-eabi/10.3.1/../../../../arm-none-eabi/lib/thumb/v7e-m+fp/hard/libc_nano.a(lib_a-puts.o)
                0x00000000080045d4                puts
 .text.__swbuf_r
                0x00000000080045e4       0xa4 /usr/local/bin/../lib/gcc/arm-none-eabi/10.3.1/../../../../arm-none-eabi/lib/thumb/v7e-m+fp/hard/libc_nano.a(lib_a-wbuf.o)
                0x00000000080045e4                __swbuf_r
 .text.__swsetup_r
                0x0000000008004688       0xdc /usr/local/bin/../lib/gcc/arm-none-eabi/10.3.1/../../../../arm-none-eabi/lib/thumb/v7e-m+fp/hard/libc_nano.a(lib_a-wsetup.o)
                0x0000000008004688                __swsetup_r
 .text.__sflush_r
                0x0000000008004764      0x10c /usr/local/bin/../lib/gcc/arm-none-eabi/10.3.1/../../../../arm-none-eabi/lib/thumb/v7e-m+fp/hard/libc_nano.a(lib_a-fflush.o)
                0x0000000008004764                __sflush_r
 .text._fflush_r
                0x0000000008004870       0x78 /usr/local/bin/../lib/gcc/arm-none-eabi/10.3.1/../../../../arm-none-eabi/lib/thumb/v7e-m+fp/hard/libc_nano.a(lib_a-fflush.o)
                0x0000000008004870                _fflush_r
 .text.std      0x00000000080048e8       0x48 /usr/local/bin/../lib/gcc/arm-none-eabi/10.3.1/../../../../arm-none-eabi/lib/thumb/v7e-m+fp/hard/libc_nano.a(lib_a-findfp.o)
 .text._cleanup_r
                0x0000000008004930        0xc /usr/local/bin/../lib/gcc/arm-none-eabi/10.3.1/../../../../arm-none-eabi/lib/thumb/v7e-m+fp/hard/libc_nano.a(lib_a-findfp.o)
                0x0000000008004930                _cleanup_r
 .text.__sfmoreglue
                0x000000000800493c       0x2c /usr/local/bin/../lib/gcc/arm-none-eabi/10.3.1/../../../../arm-none-eabi/lib/thumb/v7e-m+fp/hard/libc_nano.a(lib_a-findfp.o)
                0x000000000800493c                __sfmoreglue
 .text.__sfp_lock_acquire
                0x0000000008004968        0xc /usr/local/bin/../lib/gcc/arm-none-eabi/10.3.1/../../../../arm-none-eabi/lib/thumb/v7e-m+fp/hard/libc_nano.a(lib_a-findfp.o)
                0x0000000008004968                __sfp_lock_acquire
 .text.__sfp_lock_release
                0x0000000008004974        0xc /usr/local/bin/../lib/gcc/arm-none-eabi/10.3.1/../../../../arm-none-eabi/lib/thumb/v7e-m+fp/hard/libc_nano.a(lib_a-findfp.o)
                0x0000000008004974                __sfp_lock_release
 .text.__sinit_lock_acquire
                0x0000000008004980        0xc /usr/local/bin/../lib/gcc/arm-none-eabi/10.3.1/../../../../arm-none-eabi/lib/thumb/v7e-m+fp/hard/libc_nano.a(lib_a-findfp.o)
                0x0000000008004980                __sinit_lock_acquire
 .text.__sinit_lock_release
                0x000000000800498c        0xc /usr/local/bin/../lib/gcc/arm-none-eabi/10.3.1/../../../../arm-none-eabi/lib/thumb/v7e-m+fp/hard/libc_nano.a(lib_a-findfp.o)
                0x000000000800498c                __sinit_lock_release
 .text.__sinit  0x0000000008004998       0x70 /usr/local/bin/../lib/gcc/arm-none-eabi/10.3.1/../../../../arm-none-eabi/lib/thumb/v7e-m+fp/hard/libc_nano.a(lib_a-findfp.o)
                0x0000000008004998                __sinit
 .text.__sfp    0x0000000008004a08       0x8c /usr/local/bin/../lib/gcc/arm-none-eabi/10.3.1/../../../../arm-none-eabi/lib/thumb/v7e-m+fp/hard/libc_nano.a(lib_a-findfp.o)
                0x0000000008004a08                __sfp
 .text._fwalk_reent
                0x0000000008004a94       0x3e /usr/local/bin/../lib/gcc/arm-none-eabi/10.3.1/../../../../arm-none-eabi/lib/thumb/v7e-m+fp/hard/libc_nano.a(lib_a-fwalk.o)
                0x0000000008004a94                _fwalk_reent
 .text.__retarget_lock_init_recursive
                0x0000000008004ad2        0x2 /usr/local/bin/../lib/gcc/arm-none-eabi/10.3.1/../../../../arm-none-eabi/lib/thumb/v7e-m+fp/hard/libc_nano.a(lib_a-lock.o)
                0x0000000008004ad2                __retarget_lock_init_recursive
 .text.__retarget_lock_acquire_recursive
                0x0000000008004ad4        0x2 /usr/local/bin/../lib/gcc/arm-none-eabi/10.3.1/../../../../arm-none-eabi/lib/thumb/v7e-m+fp/hard/libc_nano.a(lib_a-lock.o)
                0x0000000008004ad4                __retarget_lock_acquire_recursive
 .text.__retarget_lock_release_recursive
                0x0000000008004ad6        0x2 /usr/local/bin/../lib/gcc/arm-none-eabi/10.3.1/../../../../arm-none-eabi/lib/thumb/v7e-m+fp/hard/libc_nano.a(lib_a-lock.o)
                0x0000000008004ad6                __retarget_lock_release_recursive
 .text.__swhatbuf_r
                0x0000000008004ad8       0x4a /usr/local/bin/../lib/gcc/arm-none-eabi/10.3.1/../../../../arm-none-eabi/lib/thumb/v7e-m+fp/hard/libc_nano.a(lib_a-makebuf.o)
                0x0000000008004ad8                __swhatbuf_r
 *fill*         0x0000000008004b22        0x2 
 .text.__smakebuf_r
                0x0000000008004b24       0x80 /usr/local/bin/../lib/gcc/arm-none-eabi/10.3.1/../../../../arm-none-eabi/lib/thumb/v7e-m+fp/hard/libc_nano.a(lib_a-makebuf.o)
                0x0000000008004b24                __smakebuf_r
 .text._free_r  0x0000000008004ba4       0x98 /usr/local/bin/../lib/gcc/arm-none-eabi/10.3.1/../../../../arm-none-eabi/lib/thumb/v7e-m+fp/hard/libc_nano.a(lib_a-nano-freer.o)
                0x0000000008004ba4                _free_r
 .text.sbrk_aligned
                0x0000000008004c3c       0x40 /usr/local/bin/../lib/gcc/arm-none-eabi/10.3.1/../../../../arm-none-eabi/lib/thumb/v7e-m+fp/hard/libc_nano.a(lib_a-nano-mallocr.o)
 .text._malloc_r
                0x0000000008004c7c       0xe8 /usr/local/bin/../lib/gcc/arm-none-eabi/10.3.1/../../../../arm-none-eabi/lib/thumb/v7e-m+fp/hard/libc_nano.a(lib_a-nano-mallocr.o)
                0x0000000008004c7c                _malloc_r
 .text.__sfputc_r
                0x0000000008004d64       0x2e /usr/local/bin/../lib/gcc/arm-none-eabi/10.3.1/../../../../arm-none-eabi/lib/thumb/v7e-m+fp/hard/libc_nano.a(lib_a-nano-vfprintf.o)
 .text.__sfputs_r
                0x0000000008004d92       0x24 /usr/local/bin/../lib/gcc/arm-none-eabi/10.3.1/../../../../arm-none-eabi/lib/thumb/v7e-m+fp/hard/libc_nano.a(lib_a-nano-vfprintf.o)
                0x0000000008004d92                __sfputs_r
 *fill*         0x0000000008004db6        0x2 
 .text._vfprintf_r
                0x0000000008004db8      0x260 /usr/local/bin/../lib/gcc/arm-none-eabi/10.3.1/../../../../arm-none-eabi/lib/thumb/v7e-m+fp/hard/libc_nano.a(lib_a-nano-vfprintf.o)
                0x0000000008004db8                _vfiprintf_r
                0x0000000008004db8                _vfprintf_r
 .text._printf_common
                0x0000000008005018       0xda /usr/local/bin/../lib/gcc/arm-none-eabi/10.3.1/../../../../arm-none-eabi/lib/thumb/v7e-m+fp/hard/libc_nano.a(lib_a-nano-vfprintf_i.o)
                0x0000000008005018                _printf_common
 *fill*         0x00000000080050f2        0x2 
 .text._printf_i
                0x00000000080050f4      0x24c /usr/local/bin/../lib/gcc/arm-none-eabi/10.3.1/../../../../arm-none-eabi/lib/thumb/v7e-m+fp/hard/libc_nano.a(lib_a-nano-vfprintf_i.o)
                0x00000000080050f4                _printf_i
 .text._sbrk_r  0x0000000008005340       0x20 /usr/local/bin/../lib/gcc/arm-none-eabi/10.3.1/../../../../arm-none-eabi/lib/thumb/v7e-m+fp/hard/libc_nano.a(lib_a-sbrkr.o)
                0x0000000008005340                _sbrk_r
 .text.__sread  0x0000000008005360       0x22 /usr/local/bin/../lib/gcc/arm-none-eabi/10.3.1/../../../../arm-none-eabi/lib/thumb/v7e-m+fp/hard/libc_nano.a(lib_a-stdio.o)
                0x0000000008005360                __sread
 .text.__swrite
                0x0000000008005382       0x38 /usr/local/bin/../lib/gcc/arm-none-eabi/10.3.1/../../../../arm-none-eabi/lib/thumb/v7e-m+fp/hard/libc_nano.a(lib_a-stdio.o)
                0x0000000008005382                __swrite
 .text.__sseek  0x00000000080053ba       0x24 /usr/local/bin/../lib/gcc/arm-none-eabi/10.3.1/../../../../arm-none-eabi/lib/thumb/v7e-m+fp/hard/libc_nano.a(lib_a-stdio.o)
                0x00000000080053ba                __sseek
 .text.__sclose
                0x00000000080053de        0x8 /usr/local/bin/../lib/gcc/arm-none-eabi/10.3.1/../../../../arm-none-eabi/lib/thumb/v7e-m+fp/hard/libc_nano.a(lib_a-stdio.o)
                0x00000000080053de                __sclose
 *fill*         0x00000000080053e6        0x2 
 .text._write_r
                0x00000000080053e8       0x24 /usr/local/bin/../lib/gcc/arm-none-eabi/10.3.1/../../../../arm-none-eabi/lib/thumb/v7e-m+fp/hard/libc_nano.a(lib_a-writer.o)
                0x00000000080053e8                _write_r
 .text._close_r
                0x000000000800540c       0x20 /usr/local/bin/../lib/gcc/arm-none-eabi/10.3.1/../../../../arm-none-eabi/lib/thumb/v7e-m+fp/hard/libc_nano.a(lib_a-closer.o)
                0x000000000800540c                _close_r
 .text._fstat_r
                0x000000000800542c       0x24 /usr/local/bin/../lib/gcc/arm-none-eabi/10.3.1/../../../../arm-none-eabi/lib/thumb/v7e-m+fp/hard/libc_nano.a(lib_a-fstatr.o)
                0x000000000800542c                _fstat_r
 .text._isatty_r
                0x0000000008005450       0x20 /usr/local/bin/../lib/gcc/arm-none-eabi/10.3.1/../../../../arm-none-eabi/lib/thumb/v7e-m+fp/hard/libc_nano.a(lib_a-isattyr.o)
                0x0000000008005450                _isatty_r
 .text._lseek_r
                0x0000000008005470       0x24 /usr/local/bin/../lib/gcc/arm-none-eabi/10.3.1/../../../../arm-none-eabi/lib/thumb/v7e-m+fp/hard/libc_nano.a(lib_a-lseekr.o)
                0x0000000008005470                _lseek_r
 .text.__malloc_lock
                0x0000000008005494        0xc /usr/local/bin/../lib/gcc/arm-none-eabi/10.3.1/../../../../arm-none-eabi/lib/thumb/v7e-m+fp/hard/libc_nano.a(lib_a-mlock.o)
                0x0000000008005494                __malloc_lock
 .text.__malloc_unlock
                0x00000000080054a0        0xc /usr/local/bin/../lib/gcc/arm-none-eabi/10.3.1/../../../../arm-none-eabi/lib/thumb/v7e-m+fp/hard/libc_nano.a(lib_a-mlock.o)
                0x00000000080054a0                __malloc_unlock
 .text._read_r  0x00000000080054ac       0x24 /usr/local/bin/../lib/gcc/arm-none-eabi/10.3.1/../../../../arm-none-eabi/lib/thumb/v7e-m+fp/hard/libc_nano.a(lib_a-readr.o)
                0x00000000080054ac                _read_r
 *(.glue_7)
 .glue_7        0x00000000080054d0        0x0 linker stubs
 *(.glue_7t)
 .glue_7t       0x00000000080054d0        0x0 linker stubs
 *(.eh_frame)
 .eh_frame      0x00000000080054d0        0x0 /usr/local/bin/../lib/gcc/arm-none-eabi/10.3.1/thumb/v7e-m+fp/hard/crtbegin.o
 *(.init)
 .init          0x00000000080054d0        0x4 /usr/local/bin/../lib/gcc/arm-none-eabi/10.3.1/thumb/v7e-m+fp/hard/crti.o
                0x00000000080054d0                _init
 .init          0x00000000080054d4        0x8 /usr/local/bin/../lib/gcc/arm-none-eabi/10.3.1/thumb/v7e-m+fp/hard/crtn.o
 *(.fini)
 .fini          0x00000000080054dc        0x4 /usr/local/bin/../lib/gcc/arm-none-eabi/10.3.1/thumb/v7e-m+fp/hard/crti.o
                0x00000000080054dc                _fini
 .fini          0x00000000080054e0        0x8 /usr/local/bin/../lib/gcc/arm-none-eabi/10.3.1/thumb/v7e-m+fp/hard/crtn.o
                0x00000000080054e8                . = ALIGN (0x4)
                0x00000000080054e8                _etext = .

.vfp11_veneer   0x00000000080054e8        0x0
 .vfp11_veneer  0x00000000080054e8        0x0 linker stubs

.v4_bx          0x00000000080054e8        0x0
 .v4_bx         0x00000000080054e8        0x0 linker stubs

.iplt           0x00000000080054e8        0x0
 .iplt          0x00000000080054e8        0x0 /usr/local/bin/../lib/gcc/arm-none-eabi/10.3.1/thumb/v7e-m+fp/hard/crtbegin.o

.rodata         0x00000000080054e8      0x17c
                0x00000000080054e8                . = ALIGN (0x4)
 *(.rodata)
 *(.rodata*)
 .rodata.StartDefaultTask.str1.4
                0x00000000080054e8       0x13 build/main.o
 *fill*         0x00000000080054fb        0x1 
 .rodata.StartTask02.str1.4
                0x00000000080054fc       0x3c build/main.o
 .rodata.str1.4
                0x0000000008005538       0x1a build/main.o
 *fill*         0x0000000008005552        0x2 
 .rodata.defaultTask01_attributes
                0x0000000008005554       0x24 build/main.o
                0x0000000008005554                defaultTask01_attributes
 .rodata.myTask02_attributes
                0x0000000008005578       0x24 build/main.o
                0x0000000008005578                myTask02_attributes
 .rodata.AHBPrescTable
                0x000000000800559c       0x10 build/system_stm32f4xx.o
                0x000000000800559c                AHBPrescTable
 .rodata.APBPrescTable
                0x00000000080055ac        0x8 build/system_stm32f4xx.o
                0x00000000080055ac                APBPrescTable
 .rodata.vTaskStartScheduler.str1.4
                0x00000000080055b4        0x5 build/tasks.o
 *fill*         0x00000000080055b9        0x3 
 .rodata.prvCheckForValidListAndQueue.str1.4
                0x00000000080055bc        0x5 build/timers.o
 *fill*         0x00000000080055c1        0x3 
 .rodata.xTimerCreateTimerTask.str1.4
                0x00000000080055c4        0x8 build/timers.o
 .rodata._global_impure_ptr
                0x00000000080055cc        0x4 /usr/local/bin/../lib/gcc/arm-none-eabi/10.3.1/../../../../arm-none-eabi/lib/thumb/v7e-m+fp/hard/libc_nano.a(lib_a-impure.o)
                0x00000000080055cc                _global_impure_ptr
 .rodata.__sf_fake_stderr
                0x00000000080055d0       0x20 /usr/local/bin/../lib/gcc/arm-none-eabi/10.3.1/../../../../arm-none-eabi/lib/thumb/v7e-m+fp/hard/libc_nano.a(lib_a-findfp.o)
                0x00000000080055d0                __sf_fake_stderr
 .rodata.__sf_fake_stdin
                0x00000000080055f0       0x20 /usr/local/bin/../lib/gcc/arm-none-eabi/10.3.1/../../../../arm-none-eabi/lib/thumb/v7e-m+fp/hard/libc_nano.a(lib_a-findfp.o)
                0x00000000080055f0                __sf_fake_stdin
 .rodata.__sf_fake_stdout
                0x0000000008005610       0x20 /usr/local/bin/../lib/gcc/arm-none-eabi/10.3.1/../../../../arm-none-eabi/lib/thumb/v7e-m+fp/hard/libc_nano.a(lib_a-findfp.o)
                0x0000000008005610                __sf_fake_stdout
 .rodata._vfprintf_r.str1.1
                0x0000000008005630       0x11 /usr/local/bin/../lib/gcc/arm-none-eabi/10.3.1/../../../../arm-none-eabi/lib/thumb/v7e-m+fp/hard/libc_nano.a(lib_a-nano-vfprintf.o)
 .rodata._printf_i.str1.1
                0x0000000008005641       0x22 /usr/local/bin/../lib/gcc/arm-none-eabi/10.3.1/../../../../arm-none-eabi/lib/thumb/v7e-m+fp/hard/libc_nano.a(lib_a-nano-vfprintf_i.o)
                0x0000000008005664                . = ALIGN (0x4)
 *fill*         0x0000000008005663        0x1 

.ARM.extab
 *(.ARM.extab* .gnu.linkonce.armextab.*)

.ARM            0x0000000008005664        0x8
                0x0000000008005664                __exidx_start = .
 *(.ARM.exidx*)
 .ARM.exidx     0x0000000008005664        0x8 /usr/local/bin/../lib/gcc/arm-none-eabi/10.3.1/thumb/v7e-m+fp/hard/libgcc.a(_udivmoddi4.o)
                0x000000000800566c                __exidx_end = .

.rel.dyn        0x000000000800566c        0x0
 .rel.iplt      0x000000000800566c        0x0 /usr/local/bin/../lib/gcc/arm-none-eabi/10.3.1/thumb/v7e-m+fp/hard/crtbegin.o

.preinit_array  0x000000000800566c        0x0
                0x000000000800566c                PROVIDE (__preinit_array_start = .)
 *(.preinit_array*)
                0x000000000800566c                PROVIDE (__preinit_array_end = .)

.init_array     0x000000000800566c        0x4
                0x000000000800566c                PROVIDE (__init_array_start = .)
 *(SORT_BY_NAME(.init_array.*))
 *(.init_array*)
 .init_array    0x000000000800566c        0x4 /usr/local/bin/../lib/gcc/arm-none-eabi/10.3.1/thumb/v7e-m+fp/hard/crtbegin.o
                0x0000000008005670                PROVIDE (__init_array_end = .)

.fini_array     0x0000000008005670        0x4
                [!provide]                        PROVIDE (__fini_array_start = .)
 *(SORT_BY_NAME(.fini_array.*))
 *(.fini_array*)
 .fini_array    0x0000000008005670        0x4 /usr/local/bin/../lib/gcc/arm-none-eabi/10.3.1/thumb/v7e-m+fp/hard/crtbegin.o
                [!provide]                        PROVIDE (__fini_array_end = .)
                0x0000000008005674                _sidata = LOADADDR (.data)

.data           0x0000000020000000       0x74 load address 0x0000000008005674
                0x0000000020000000                . = ALIGN (0x4)
                0x0000000020000000                _sdata = .
 *(.data)
 *(.data*)
 .data.uwTickFreq
                0x0000000020000000        0x1 build/stm32f4xx_hal.o
                0x0000000020000000                uwTickFreq
 *fill*         0x0000000020000001        0x3 
 .data.uwTickPrio
                0x0000000020000004        0x4 build/stm32f4xx_hal.o
                0x0000000020000004                uwTickPrio
 .data.SystemCoreClock
                0x0000000020000008        0x4 build/system_stm32f4xx.o
                0x0000000020000008                SystemCoreClock
 .data.uxCriticalNesting
                0x000000002000000c        0x4 build/port.o
 .data._impure_ptr
                0x0000000020000010        0x4 /usr/local/bin/../lib/gcc/arm-none-eabi/10.3.1/../../../../arm-none-eabi/lib/thumb/v7e-m+fp/hard/libc_nano.a(lib_a-impure.o)
                0x0000000020000010                _impure_ptr
 .data.impure_data
                0x0000000020000014       0x60 /usr/local/bin/../lib/gcc/arm-none-eabi/10.3.1/../../../../arm-none-eabi/lib/thumb/v7e-m+fp/hard/libc_nano.a(lib_a-impure.o)
                0x0000000020000074                . = ALIGN (0x4)
                0x0000000020000074                _edata = .

.igot.plt       0x0000000020000074        0x0 load address 0x00000000080056e8
 .igot.plt      0x0000000020000074        0x0 /usr/local/bin/../lib/gcc/arm-none-eabi/10.3.1/thumb/v7e-m+fp/hard/crtbegin.o
                0x0000000020000074                . = ALIGN (0x4)

.bss            0x0000000020000074     0x4a64 load address 0x00000000080056e8
                0x0000000020000074                _sbss = .
                0x0000000020000074                __bss_start__ = _sbss
 *(.bss)
 .bss           0x0000000020000074       0x1c /usr/local/bin/../lib/gcc/arm-none-eabi/10.3.1/thumb/v7e-m+fp/hard/crtbegin.o
 *(.bss*)
 .bss.defaultTask01Handle
                0x0000000020000090        0x4 build/main.o
                0x0000000020000090                defaultTask01Handle
 .bss.hadc1     0x0000000020000094       0x48 build/main.o
                0x0000000020000094                hadc1
 .bss.huart2    0x00000000200000dc       0x48 build/main.o
                0x00000000200000dc                huart2
 .bss.myTask02Handle
                0x0000000020000124        0x4 build/main.o
                0x0000000020000124                myTask02Handle
 .bss.htim11    0x0000000020000128       0x48 build/stm32f4xx_hal_timebase_tim.o
                0x0000000020000128                htim11
 .bss.uwTick    0x0000000020000170        0x4 build/stm32f4xx_hal.o
                0x0000000020000170                uwTick
 .bss.xQueueRegistry
                0x0000000020000174       0x40 build/queue.o
                0x0000000020000174                xQueueRegistry
 .bss.pxCurrentTCB
                0x00000000200001b4        0x4 build/tasks.o
                0x00000000200001b4                pxCurrentTCB
 .bss.pxDelayedTaskList
                0x00000000200001b8        0x4 build/tasks.o
 .bss.pxOverflowDelayedTaskList
                0x00000000200001bc        0x4 build/tasks.o
 .bss.pxReadyTasksLists
                0x00000000200001c0      0x460 build/tasks.o
 .bss.uxCurrentNumberOfTasks
                0x0000000020000620        0x4 build/tasks.o
 .bss.uxDeletedTasksWaitingCleanUp
                0x0000000020000624        0x4 build/tasks.o
 .bss.uxSchedulerSuspended
                0x0000000020000628        0x4 build/tasks.o
 .bss.uxTaskNumber
                0x000000002000062c        0x4 build/tasks.o
 .bss.uxTopReadyPriority
                0x0000000020000630        0x4 build/tasks.o
 .bss.xDelayedTaskList1
                0x0000000020000634       0x14 build/tasks.o
 .bss.xDelayedTaskList2
                0x0000000020000648       0x14 build/tasks.o
 .bss.xIdleTaskHandle
                0x000000002000065c        0x4 build/tasks.o
 .bss.xNextTaskUnblockTime
                0x0000000020000660        0x4 build/tasks.o
 .bss.xNumOfOverflows
                0x0000000020000664        0x4 build/tasks.o
 .bss.xPendedTicks
                0x0000000020000668        0x4 build/tasks.o
 .bss.xPendingReadyList
                0x000000002000066c       0x14 build/tasks.o
 .bss.xSchedulerRunning
                0x0000000020000680        0x4 build/tasks.o
 .bss.xSuspendedTaskList
                0x0000000020000684       0x14 build/tasks.o
 .bss.xTasksWaitingTermination
                0x0000000020000698       0x14 build/tasks.o
 .bss.xTickCount
                0x00000000200006ac        0x4 build/tasks.o
 .bss.xYieldPending
                0x00000000200006b0        0x4 build/tasks.o
 .bss.pxCurrentTimerList
                0x00000000200006b4        0x4 build/timers.o
 .bss.pxOverflowTimerList
                0x00000000200006b8        0x4 build/timers.o
 .bss.ucStaticTimerQueueStorage.1
                0x00000000200006bc       0xa0 build/timers.o
 .bss.xActiveTimerList1
                0x000000002000075c       0x14 build/timers.o
 .bss.xActiveTimerList2
                0x0000000020000770       0x14 build/timers.o
 .bss.xLastTime.2
                0x0000000020000784        0x4 build/timers.o
 .bss.xStaticTimerQueue.0
                0x0000000020000788       0x50 build/timers.o
 .bss.xTimerQueue
                0x00000000200007d8        0x4 build/timers.o
 .bss.xTimerTaskHandle
                0x00000000200007dc        0x4 build/timers.o
 .bss.Idle_Stack.2
                0x00000000200007e0      0x200 build/cmsis_os2.o
 .bss.Idle_TCB.3
                0x00000000200009e0       0x5c build/cmsis_os2.o
 .bss.KernelState
                0x0000000020000a3c        0x4 build/cmsis_os2.o
 .bss.Timer_Stack.0
                0x0000000020000a40      0x400 build/cmsis_os2.o
 .bss.Timer_TCB.1
                0x0000000020000e40       0x5c build/cmsis_os2.o
 .bss.pxEnd     0x0000000020000e9c        0x4 build/heap_4.o
 .bss.ucHeap    0x0000000020000ea0     0x3c00 build/heap_4.o
 .bss.xBlockAllocatedBit
                0x0000000020004aa0        0x4 build/heap_4.o
 .bss.xFreeBytesRemaining
                0x0000000020004aa4        0x4 build/heap_4.o
 .bss.xMinimumEverFreeBytesRemaining
                0x0000000020004aa8        0x4 build/heap_4.o
 .bss.xNumberOfSuccessfulAllocations
                0x0000000020004aac        0x4 build/heap_4.o
 .bss.xNumberOfSuccessfulFrees
                0x0000000020004ab0        0x4 build/heap_4.o
 .bss.xStart    0x0000000020004ab4        0x8 build/heap_4.o
 .bss.ucMaxSysCallPriority
                0x0000000020004abc        0x1 build/port.o
 *fill*         0x0000000020004abd        0x3 
 .bss.ulMaxPRIGROUPValue
                0x0000000020004ac0        0x4 build/port.o
 .bss.__sbrk_heap_end
                0x0000000020004ac4        0x4 build/sysmem.o
 .bss.__lock___malloc_recursive_mutex
                0x0000000020004ac8        0x1 /usr/local/bin/../lib/gcc/arm-none-eabi/10.3.1/../../../../arm-none-eabi/lib/thumb/v7e-m+fp/hard/libc_nano.a(lib_a-lock.o)
                0x0000000020004ac8                __lock___malloc_recursive_mutex
 .bss.__lock___sfp_recursive_mutex
                0x0000000020004ac9        0x1 /usr/local/bin/../lib/gcc/arm-none-eabi/10.3.1/../../../../arm-none-eabi/lib/thumb/v7e-m+fp/hard/libc_nano.a(lib_a-lock.o)
                0x0000000020004ac9                __lock___sfp_recursive_mutex
 .bss.__lock___sinit_recursive_mutex
                0x0000000020004aca        0x1 /usr/local/bin/../lib/gcc/arm-none-eabi/10.3.1/../../../../arm-none-eabi/lib/thumb/v7e-m+fp/hard/libc_nano.a(lib_a-lock.o)
                0x0000000020004aca                __lock___sinit_recursive_mutex
 *fill*         0x0000000020004acb        0x1 
 .bss.__malloc_free_list
                0x0000000020004acc        0x4 /usr/local/bin/../lib/gcc/arm-none-eabi/10.3.1/../../../../arm-none-eabi/lib/thumb/v7e-m+fp/hard/libc_nano.a(lib_a-nano-mallocr.o)
                0x0000000020004acc                __malloc_free_list
 .bss.__malloc_sbrk_start
                0x0000000020004ad0        0x4 /usr/local/bin/../lib/gcc/arm-none-eabi/10.3.1/../../../../arm-none-eabi/lib/thumb/v7e-m+fp/hard/libc_nano.a(lib_a-nano-mallocr.o)
                0x0000000020004ad0                __malloc_sbrk_start
 .bss.errno     0x0000000020004ad4        0x4 /usr/local/bin/../lib/gcc/arm-none-eabi/10.3.1/../../../../arm-none-eabi/lib/thumb/v7e-m+fp/hard/libc_nano.a(lib_a-reent.o)
                0x0000000020004ad4                errno
 *(COMMON)
                0x0000000020004ad8                . = ALIGN (0x4)
                0x0000000020004ad8                _ebss = .
                0x0000000020004ad8                __bss_end__ = _ebss

._user_heap_stack
                0x0000000020004ad8      0x600 load address 0x00000000080056e8
                0x0000000020004ad8                . = ALIGN (0x8)
                [!provide]                        PROVIDE (end = .)
                0x0000000020004ad8                PROVIDE (_end = .)
                0x0000000020004cd8                . = (. + _Min_Heap_Size)
 *fill*         0x0000000020004ad8      0x200 
                0x00000000200050d8                . = (. + _Min_Stack_Size)
 *fill*         0x0000000020004cd8      0x400 
                0x00000000200050d8                . = ALIGN (0x8)

/DISCARD/
 libc.a(*)
 libm.a(*)
 libgcc.a(*)

.ARM.attributes
                0x0000000000000000       0x30
 *(.ARM.attributes)
 .ARM.attributes
                0x0000000000000000       0x1e /usr/local/bin/../lib/gcc/arm-none-eabi/10.3.1/thumb/v7e-m+fp/hard/crti.o
 .ARM.attributes
                0x000000000000001e       0x34 /usr/local/bin/../lib/gcc/arm-none-eabi/10.3.1/thumb/v7e-m+fp/hard/crtbegin.o
 .ARM.attributes
                0x0000000000000052       0x34 build/main.o
 .ARM.attributes
                0x0000000000000086       0x34 build/stm32f4xx_it.o
 .ARM.attributes
                0x00000000000000ba       0x34 build/stm32f4xx_hal_msp.o
 .ARM.attributes
                0x00000000000000ee       0x34 build/stm32f4xx_hal_timebase_tim.o
 .ARM.attributes
                0x0000000000000122       0x34 build/stm32f4xx_hal_rcc.o
 .ARM.attributes
                0x0000000000000156       0x34 build/stm32f4xx_hal_gpio.o
 .ARM.attributes
                0x000000000000018a       0x34 build/stm32f4xx_hal_cortex.o
 .ARM.attributes
                0x00000000000001be       0x34 build/stm32f4xx_hal.o
 .ARM.attributes
                0x00000000000001f2       0x34 build/stm32f4xx_hal_tim.o
 .ARM.attributes
                0x0000000000000226       0x34 build/stm32f4xx_hal_tim_ex.o
 .ARM.attributes
                0x000000000000025a       0x34 build/stm32f4xx_hal_uart.o
 .ARM.attributes
                0x000000000000028e       0x34 build/system_stm32f4xx.o
 .ARM.attributes
                0x00000000000002c2       0x34 build/list.o
 .ARM.attributes
                0x00000000000002f6       0x34 build/queue.o
 .ARM.attributes
                0x000000000000032a       0x34 build/tasks.o
 .ARM.attributes
                0x000000000000035e       0x34 build/timers.o
 .ARM.attributes
                0x0000000000000392       0x34 build/cmsis_os2.o
 .ARM.attributes
                0x00000000000003c6       0x34 build/heap_4.o
 .ARM.attributes
                0x00000000000003fa       0x34 build/port.o
 .ARM.attributes
                0x000000000000042e       0x34 build/sysmem.o
 .ARM.attributes
                0x0000000000000462       0x34 build/syscalls.o
 .ARM.attributes
                0x0000000000000496       0x34 build/stm32f4xx_hal_adc.o
 .ARM.attributes
                0x00000000000004ca       0x34 build/stm32f4xx_hal_adc_ex.o
 .ARM.attributes
                0x00000000000004fe       0x21 build/startup_stm32f411xe.o
 .ARM.attributes
                0x000000000000051f       0x34 /usr/local/bin/../lib/gcc/arm-none-eabi/10.3.1/../../../../arm-none-eabi/lib/thumb/v7e-m+fp/hard/libc_nano.a(lib_a-errno.o)
 .ARM.attributes
                0x0000000000000553       0x34 /usr/local/bin/../lib/gcc/arm-none-eabi/10.3.1/../../../../arm-none-eabi/lib/thumb/v7e-m+fp/hard/libc_nano.a(lib_a-impure.o)
 .ARM.attributes
                0x0000000000000587       0x34 /usr/local/bin/../lib/gcc/arm-none-eabi/10.3.1/../../../../arm-none-eabi/lib/thumb/v7e-m+fp/hard/libc_nano.a(lib_a-init.o)
 .ARM.attributes
                0x00000000000005bb       0x34 /usr/local/bin/../lib/gcc/arm-none-eabi/10.3.1/../../../../arm-none-eabi/lib/thumb/v7e-m+fp/hard/libc_nano.a(lib_a-memcpy-stub.o)
 .ARM.attributes
                0x00000000000005ef       0x34 /usr/local/bin/../lib/gcc/arm-none-eabi/10.3.1/../../../../arm-none-eabi/lib/thumb/v7e-m+fp/hard/libc_nano.a(lib_a-memset.o)
 .ARM.attributes
                0x0000000000000623       0x34 /usr/local/bin/../lib/gcc/arm-none-eabi/10.3.1/../../../../arm-none-eabi/lib/thumb/v7e-m+fp/hard/libc_nano.a(lib_a-printf.o)
 .ARM.attributes
                0x0000000000000657       0x34 /usr/local/bin/../lib/gcc/arm-none-eabi/10.3.1/../../../../arm-none-eabi/lib/thumb/v7e-m+fp/hard/libc_nano.a(lib_a-puts.o)
 .ARM.attributes
                0x000000000000068b       0x34 /usr/local/bin/../lib/gcc/arm-none-eabi/10.3.1/../../../../arm-none-eabi/lib/thumb/v7e-m+fp/hard/libc_nano.a(lib_a-wbuf.o)
 .ARM.attributes
                0x00000000000006bf       0x34 /usr/local/bin/../lib/gcc/arm-none-eabi/10.3.1/../../../../arm-none-eabi/lib/thumb/v7e-m+fp/hard/libc_nano.a(lib_a-wsetup.o)
 .ARM.attributes
                0x00000000000006f3       0x34 /usr/local/bin/../lib/gcc/arm-none-eabi/10.3.1/../../../../arm-none-eabi/lib/thumb/v7e-m+fp/hard/libc_nano.a(lib_a-fflush.o)
 .ARM.attributes
                0x0000000000000727       0x34 /usr/local/bin/../lib/gcc/arm-none-eabi/10.3.1/../../../../arm-none-eabi/lib/thumb/v7e-m+fp/hard/libc_nano.a(lib_a-findfp.o)
 .ARM.attributes
                0x000000000000075b       0x34 /usr/local/bin/../lib/gcc/arm-none-eabi/10.3.1/../../../../arm-none-eabi/lib/thumb/v7e-m+fp/hard/libc_nano.a(lib_a-fwalk.o)
 .ARM.attributes
                0x000000000000078f       0x34 /usr/local/bin/../lib/gcc/arm-none-eabi/10.3.1/../../../../arm-none-eabi/lib/thumb/v7e-m+fp/hard/libc_nano.a(lib_a-lock.o)
 .ARM.attributes
                0x00000000000007c3       0x34 /usr/local/bin/../lib/gcc/arm-none-eabi/10.3.1/../../../../arm-none-eabi/lib/thumb/v7e-m+fp/hard/libc_nano.a(lib_a-makebuf.o)
 .ARM.attributes
                0x00000000000007f7       0x34 /usr/local/bin/../lib/gcc/arm-none-eabi/10.3.1/../../../../arm-none-eabi/lib/thumb/v7e-m+fp/hard/libc_nano.a(lib_a-nano-freer.o)
 .ARM.attributes
                0x000000000000082b       0x34 /usr/local/bin/../lib/gcc/arm-none-eabi/10.3.1/../../../../arm-none-eabi/lib/thumb/v7e-m+fp/hard/libc_nano.a(lib_a-nano-mallocr.o)
 .ARM.attributes
                0x000000000000085f       0x34 /usr/local/bin/../lib/gcc/arm-none-eabi/10.3.1/../../../../arm-none-eabi/lib/thumb/v7e-m+fp/hard/libc_nano.a(lib_a-nano-vfprintf.o)
 .ARM.attributes
                0x0000000000000893       0x34 /usr/local/bin/../lib/gcc/arm-none-eabi/10.3.1/../../../../arm-none-eabi/lib/thumb/v7e-m+fp/hard/libc_nano.a(lib_a-nano-vfprintf_i.o)
 .ARM.attributes
                0x00000000000008c7       0x34 /usr/local/bin/../lib/gcc/arm-none-eabi/10.3.1/../../../../arm-none-eabi/lib/thumb/v7e-m+fp/hard/libc_nano.a(lib_a-sbrkr.o)
 .ARM.attributes
                0x00000000000008fb       0x34 /usr/local/bin/../lib/gcc/arm-none-eabi/10.3.1/../../../../arm-none-eabi/lib/thumb/v7e-m+fp/hard/libc_nano.a(lib_a-stdio.o)
 .ARM.attributes
                0x000000000000092f       0x34 /usr/local/bin/../lib/gcc/arm-none-eabi/10.3.1/../../../../arm-none-eabi/lib/thumb/v7e-m+fp/hard/libc_nano.a(lib_a-writer.o)
 .ARM.attributes
                0x0000000000000963       0x34 /usr/local/bin/../lib/gcc/arm-none-eabi/10.3.1/../../../../arm-none-eabi/lib/thumb/v7e-m+fp/hard/libc_nano.a(lib_a-closer.o)
 .ARM.attributes
                0x0000000000000997       0x34 /usr/local/bin/../lib/gcc/arm-none-eabi/10.3.1/../../../../arm-none-eabi/lib/thumb/v7e-m+fp/hard/libc_nano.a(lib_a-fstatr.o)
 .ARM.attributes
                0x00000000000009cb       0x34 /usr/local/bin/../lib/gcc/arm-none-eabi/10.3.1/../../../../arm-none-eabi/lib/thumb/v7e-m+fp/hard/libc_nano.a(lib_a-isattyr.o)
 .ARM.attributes
                0x00000000000009ff       0x34 /usr/local/bin/../lib/gcc/arm-none-eabi/10.3.1/../../../../arm-none-eabi/lib/thumb/v7e-m+fp/hard/libc_nano.a(lib_a-lseekr.o)
 .ARM.attributes
                0x0000000000000a33       0x1c /usr/local/bin/../lib/gcc/arm-none-eabi/10.3.1/../../../../arm-none-eabi/lib/thumb/v7e-m+fp/hard/libc_nano.a(lib_a-memchr.o)
 .ARM.attributes
                0x0000000000000a4f       0x34 /usr/local/bin/../lib/gcc/arm-none-eabi/10.3.1/../../../../arm-none-eabi/lib/thumb/v7e-m+fp/hard/libc_nano.a(lib_a-mlock.o)
 .ARM.attributes
                0x0000000000000a83       0x34 /usr/local/bin/../lib/gcc/arm-none-eabi/10.3.1/../../../../arm-none-eabi/lib/thumb/v7e-m+fp/hard/libc_nano.a(lib_a-readr.o)
 .ARM.attributes
                0x0000000000000ab7       0x34 /usr/local/bin/../lib/gcc/arm-none-eabi/10.3.1/../../../../arm-none-eabi/lib/thumb/v7e-m+fp/hard/libc_nano.a(lib_a-reent.o)
 .ARM.attributes
                0x0000000000000aeb       0x1e /usr/local/bin/../lib/gcc/arm-none-eabi/10.3.1/thumb/v7e-m+fp/hard/libgcc.a(_arm_muldf3.o)
 .ARM.attributes
                0x0000000000000b09       0x1e /usr/local/bin/../lib/gcc/arm-none-eabi/10.3.1/thumb/v7e-m+fp/hard/libgcc.a(_arm_addsubdf3.o)
 .ARM.attributes
                0x0000000000000b27       0x1e /usr/local/bin/../lib/gcc/arm-none-eabi/10.3.1/thumb/v7e-m+fp/hard/libgcc.a(_arm_fixunsdfsi.o)
 .ARM.attributes
                0x0000000000000b45       0x1e /usr/local/bin/../lib/gcc/arm-none-eabi/10.3.1/thumb/v7e-m+fp/hard/libgcc.a(_aeabi_uldivmod.o)
 .ARM.attributes
                0x0000000000000b63       0x34 /usr/local/bin/../lib/gcc/arm-none-eabi/10.3.1/thumb/v7e-m+fp/hard/libgcc.a(_udivmoddi4.o)
 .ARM.attributes
                0x0000000000000b97       0x1e /usr/local/bin/../lib/gcc/arm-none-eabi/10.3.1/thumb/v7e-m+fp/hard/libgcc.a(_dvmd_tls.o)
 .ARM.attributes
                0x0000000000000bb5       0x1e /usr/local/bin/../lib/gcc/arm-none-eabi/10.3.1/thumb/v7e-m+fp/hard/crtn.o
OUTPUT(build/lab1.elf elf32-littlearm)
LOAD linker stubs
LOAD /usr/local/bin/../lib/gcc/arm-none-eabi/10.3.1/../../../../arm-none-eabi/lib/thumb/v7e-m+fp/hard/libc.a
LOAD /usr/local/bin/../lib/gcc/arm-none-eabi/10.3.1/../../../../arm-none-eabi/lib/thumb/v7e-m+fp/hard/libm.a
LOAD /usr/local/bin/../lib/gcc/arm-none-eabi/10.3.1/thumb/v7e-m+fp/hard/libgcc.a

.debug_info     0x0000000000000000    0x21826
 .debug_info    0x0000000000000000     0x1d6a build/main.o
 .debug_info    0x0000000000001d6a      0xae7 build/stm32f4xx_it.o
 .debug_info    0x0000000000002851     0x1012 build/stm32f4xx_hal_msp.o
 .debug_info    0x0000000000003863      0xd0a build/stm32f4xx_hal_timebase_tim.o
 .debug_info    0x000000000000456d      0xc13 build/stm32f4xx_hal_rcc.o
 .debug_info    0x0000000000005180      0x872 build/stm32f4xx_hal_gpio.o
 .debug_info    0x00000000000059f2     0x10fb build/stm32f4xx_hal_cortex.o
 .debug_info    0x0000000000006aed      0xa66 build/stm32f4xx_hal.o
 .debug_info    0x0000000000007553     0x40c4 build/stm32f4xx_hal_tim.o
 .debug_info    0x000000000000b617     0x1c87 build/stm32f4xx_hal_tim_ex.o
 .debug_info    0x000000000000d29e     0x4326 build/stm32f4xx_hal_uart.o
 .debug_info    0x00000000000115c4      0x5e5 build/system_stm32f4xx.o
 .debug_info    0x0000000000011ba9      0x30f build/list.o
 .debug_info    0x0000000000011eb8     0x2968 build/queue.o
 .debug_info    0x0000000000014820     0x333f build/tasks.o
 .debug_info    0x0000000000017b5f     0x1bd3 build/timers.o
 .debug_info    0x0000000000019732     0x4d8f build/cmsis_os2.o
 .debug_info    0x000000000001e4c1      0x61a build/heap_4.o
 .debug_info    0x000000000001eadb      0x5c8 build/port.o
 .debug_info    0x000000000001f0a3      0x185 build/sysmem.o
 .debug_info    0x000000000001f228      0x835 build/syscalls.o
 .debug_info    0x000000000001fa5d     0x1002 build/stm32f4xx_hal_adc.o
 .debug_info    0x0000000000020a5f      0xda5 build/stm32f4xx_hal_adc_ex.o
 .debug_info    0x0000000000021804       0x22 build/startup_stm32f411xe.o

.debug_abbrev   0x0000000000000000     0x3ab7
 .debug_abbrev  0x0000000000000000      0x31c build/main.o
 .debug_abbrev  0x000000000000031c      0x1b8 build/stm32f4xx_it.o
 .debug_abbrev  0x00000000000004d4      0x1ba build/stm32f4xx_hal_msp.o
 .debug_abbrev  0x000000000000068e      0x213 build/stm32f4xx_hal_timebase_tim.o
 .debug_abbrev  0x00000000000008a1      0x2aa build/stm32f4xx_hal_rcc.o
 .debug_abbrev  0x0000000000000b4b      0x22b build/stm32f4xx_hal_gpio.o
 .debug_abbrev  0x0000000000000d76      0x382 build/stm32f4xx_hal_cortex.o
 .debug_abbrev  0x00000000000010f8      0x23a build/stm32f4xx_hal.o
 .debug_abbrev  0x0000000000001332      0x29a build/stm32f4xx_hal_tim.o
 .debug_abbrev  0x00000000000015cc      0x2b0 build/stm32f4xx_hal_tim_ex.o
 .debug_abbrev  0x000000000000187c      0x367 build/stm32f4xx_hal_uart.o
 .debug_abbrev  0x0000000000001be3      0x11b build/system_stm32f4xx.o
 .debug_abbrev  0x0000000000001cfe      0x124 build/list.o
 .debug_abbrev  0x0000000000001e22      0x3c4 build/queue.o
 .debug_abbrev  0x00000000000021e6      0x387 build/tasks.o
 .debug_abbrev  0x000000000000256d      0x366 build/timers.o
 .debug_abbrev  0x00000000000028d3      0x56a build/cmsis_os2.o
 .debug_abbrev  0x0000000000002e3d      0x269 build/heap_4.o
 .debug_abbrev  0x00000000000030a6      0x28a build/port.o
 .debug_abbrev  0x0000000000003330       0xea build/sysmem.o
 .debug_abbrev  0x000000000000341a      0x1c4 build/syscalls.o
 .debug_abbrev  0x00000000000035de      0x252 build/stm32f4xx_hal_adc.o
 .debug_abbrev  0x0000000000003830      0x275 build/stm32f4xx_hal_adc_ex.o
 .debug_abbrev  0x0000000000003aa5       0x12 build/startup_stm32f411xe.o

.debug_loc      0x0000000000000000    0x1cfdf
 .debug_loc     0x0000000000000000      0x2ee build/main.o
 .debug_loc     0x00000000000002ee       0x60 build/stm32f4xx_it.o
 .debug_loc     0x000000000000034e      0x1df build/stm32f4xx_hal_msp.o
 .debug_loc     0x000000000000052d       0xf5 build/stm32f4xx_hal_timebase_tim.o
 .debug_loc     0x0000000000000622      0x6e4 build/stm32f4xx_hal_rcc.o
 .debug_loc     0x0000000000000d06      0x5e8 build/stm32f4xx_hal_gpio.o
 .debug_loc     0x00000000000012ee      0x7a4 build/stm32f4xx_hal_cortex.o
 .debug_loc     0x0000000000001a92      0x1e1 build/stm32f4xx_hal.o
 .debug_loc     0x0000000000001c73     0x5cc1 build/stm32f4xx_hal_tim.o
 .debug_loc     0x0000000000007934     0x212a build/stm32f4xx_hal_tim_ex.o
 .debug_loc     0x0000000000009a5e     0x4d30 build/stm32f4xx_hal_uart.o
 .debug_loc     0x000000000000e78e      0x158 build/system_stm32f4xx.o
 .debug_loc     0x000000000000e8e6       0xe5 build/list.o
 .debug_loc     0x000000000000e9cb     0x1fe4 build/queue.o
 .debug_loc     0x00000000000109af     0x2c72 build/tasks.o
 .debug_loc     0x0000000000013621     0x1586 build/timers.o
 .debug_loc     0x0000000000014ba7     0x5dbc build/cmsis_os2.o
 .debug_loc     0x000000000001a963      0x4e4 build/heap_4.o
 .debug_loc     0x000000000001ae47      0x1c0 build/port.o
 .debug_loc     0x000000000001b007       0x84 build/sysmem.o
 .debug_loc     0x000000000001b08b      0x511 build/syscalls.o
 .debug_loc     0x000000000001b59c      0xdb9 build/stm32f4xx_hal_adc.o
 .debug_loc     0x000000000001c355      0xc8a build/stm32f4xx_hal_adc_ex.o

.debug_aranges  0x0000000000000000     0x1598
 .debug_aranges
                0x0000000000000000       0x70 build/main.o
 .debug_aranges
                0x0000000000000070       0x60 build/stm32f4xx_it.o
 .debug_aranges
                0x00000000000000d0       0x40 build/stm32f4xx_hal_msp.o
 .debug_aranges
                0x0000000000000110       0x30 build/stm32f4xx_hal_timebase_tim.o
 .debug_aranges
                0x0000000000000140       0x88 build/stm32f4xx_hal_rcc.o
 .debug_aranges
                0x00000000000001c8       0x58 build/stm32f4xx_hal_gpio.o
 .debug_aranges
                0x0000000000000220       0xb0 build/stm32f4xx_hal_cortex.o
 .debug_aranges
                0x00000000000002d0       0xf0 build/stm32f4xx_hal.o
 .debug_aranges
                0x00000000000003c0      0x3d0 build/stm32f4xx_hal_tim.o
 .debug_aranges
                0x0000000000000790      0x168 build/stm32f4xx_hal_tim_ex.o
 .debug_aranges
                0x00000000000008f8      0x208 build/stm32f4xx_hal_uart.o
 .debug_aranges
                0x0000000000000b00       0x28 build/system_stm32f4xx.o
 .debug_aranges
                0x0000000000000b28       0x40 build/list.o
 .debug_aranges
                0x0000000000000b68      0x158 build/queue.o
 .debug_aranges
                0x0000000000000cc0      0x208 build/tasks.o
 .debug_aranges
                0x0000000000000ec8       0xf0 build/timers.o
 .debug_aranges
                0x0000000000000fb8      0x2a0 build/cmsis_os2.o
 .debug_aranges
                0x0000000000001258       0x58 build/heap_4.o
 .debug_aranges
                0x00000000000012b0       0x80 build/port.o
 .debug_aranges
                0x0000000000001330       0x20 build/sysmem.o
 .debug_aranges
                0x0000000000001350       0xa8 build/syscalls.o
 .debug_aranges
                0x00000000000013f8       0xe8 build/stm32f4xx_hal_adc.o
 .debug_aranges
                0x00000000000014e0       0x90 build/stm32f4xx_hal_adc_ex.o
 .debug_aranges
                0x0000000000001570       0x28 build/startup_stm32f411xe.o

.debug_ranges   0x0000000000000000     0x16f0
 .debug_ranges  0x0000000000000000       0x60 build/main.o
 .debug_ranges  0x0000000000000060       0x50 build/stm32f4xx_it.o
 .debug_ranges  0x00000000000000b0       0x30 build/stm32f4xx_hal_msp.o
 .debug_ranges  0x00000000000000e0       0x20 build/stm32f4xx_hal_timebase_tim.o
 .debug_ranges  0x0000000000000100       0x90 build/stm32f4xx_hal_rcc.o
 .debug_ranges  0x0000000000000190       0x48 build/stm32f4xx_hal_gpio.o
 .debug_ranges  0x00000000000001d8      0x100 build/stm32f4xx_hal_cortex.o
 .debug_ranges  0x00000000000002d8       0xe0 build/stm32f4xx_hal.o
 .debug_ranges  0x00000000000003b8      0x3c0 build/stm32f4xx_hal_tim.o
 .debug_ranges  0x0000000000000778      0x158 build/stm32f4xx_hal_tim_ex.o
 .debug_ranges  0x00000000000008d0      0x210 build/stm32f4xx_hal_uart.o
 .debug_ranges  0x0000000000000ae0       0x18 build/system_stm32f4xx.o
 .debug_ranges  0x0000000000000af8       0x30 build/list.o
 .debug_ranges  0x0000000000000b28      0x218 build/queue.o
 .debug_ranges  0x0000000000000d40      0x338 build/tasks.o
 .debug_ranges  0x0000000000001078       0xe0 build/timers.o
 .debug_ranges  0x0000000000001158      0x2a8 build/cmsis_os2.o
 .debug_ranges  0x0000000000001400       0x48 build/heap_4.o
 .debug_ranges  0x0000000000001448       0x88 build/port.o
 .debug_ranges  0x00000000000014d0       0x10 build/sysmem.o
 .debug_ranges  0x00000000000014e0       0x98 build/syscalls.o
 .debug_ranges  0x0000000000001578       0xd8 build/stm32f4xx_hal_adc.o
 .debug_ranges  0x0000000000001650       0x80 build/stm32f4xx_hal_adc_ex.o
 .debug_ranges  0x00000000000016d0       0x20 build/startup_stm32f411xe.o

.debug_line     0x0000000000000000    0x18cf7
 .debug_line    0x0000000000000000      0x680 build/main.o
 .debug_line    0x0000000000000680      0x29f build/stm32f4xx_it.o
 .debug_line    0x000000000000091f      0x2c0 build/stm32f4xx_hal_msp.o
 .debug_line    0x0000000000000bdf      0x27e build/stm32f4xx_hal_timebase_tim.o
 .debug_line    0x0000000000000e5d      0xac0 build/stm32f4xx_hal_rcc.o
 .debug_line    0x000000000000191d      0x673 build/stm32f4xx_hal_gpio.o
 .debug_line    0x0000000000001f90      0x741 build/stm32f4xx_hal_cortex.o
 .debug_line    0x00000000000026d1      0x515 build/stm32f4xx_hal.o
 .debug_line    0x0000000000002be6     0x499e build/stm32f4xx_hal_tim.o
 .debug_line    0x0000000000007584     0x1bfc build/stm32f4xx_hal_tim_ex.o
 .debug_line    0x0000000000009180     0x426b build/stm32f4xx_hal_uart.o
 .debug_line    0x000000000000d3eb      0x200 build/system_stm32f4xx.o
 .debug_line    0x000000000000d5eb      0x309 build/list.o
 .debug_line    0x000000000000d8f4     0x1fd2 build/queue.o
 .debug_line    0x000000000000f8c6     0x2cfa build/tasks.o
 .debug_line    0x00000000000125c0      0xea8 build/timers.o
 .debug_line    0x0000000000013468     0x29a5 build/cmsis_os2.o
 .debug_line    0x0000000000015e0d      0x6ba build/heap_4.o
 .debug_line    0x00000000000164c7      0x6ba build/port.o
 .debug_line    0x0000000000016b81      0x14a build/sysmem.o
 .debug_line    0x0000000000016ccb      0x3b2 build/syscalls.o
 .debug_line    0x000000000001707d      0xfd8 build/stm32f4xx_hal_adc.o
 .debug_line    0x0000000000018055      0xc2c build/stm32f4xx_hal_adc_ex.o
 .debug_line    0x0000000000018c81       0x76 build/startup_stm32f411xe.o

.debug_str      0x0000000000000000     0x747a
 .debug_str     0x0000000000000000     0x171c build/main.o
                                       0x1850 (size before relaxing)
 .debug_str     0x000000000000171c       0xf6 build/stm32f4xx_it.o
                                        0x936 (size before relaxing)
 .debug_str     0x0000000000001812       0x9e build/stm32f4xx_hal_msp.o
                                        0xd4c (size before relaxing)
 .debug_str     0x00000000000018b0      0x100 build/stm32f4xx_hal_timebase_tim.o
                                        0xcee (size before relaxing)
 .debug_str     0x00000000000019b0      0x1e1 build/stm32f4xx_hal_rcc.o
                                        0x6f9 (size before relaxing)
 .debug_str     0x0000000000001b91       0xdd build/stm32f4xx_hal_gpio.o
                                        0x4d3 (size before relaxing)
 .debug_str     0x0000000000001c6e      0x4d2 build/stm32f4xx_hal_cortex.o
                                        0xacc (size before relaxing)
 .debug_str     0x0000000000002140      0x26e build/stm32f4xx_hal.o
                                        0x9f5 (size before relaxing)
 .debug_str     0x00000000000023ae      0xeca build/stm32f4xx_hal_tim.o
                                       0x16aa (size before relaxing)
 .debug_str     0x0000000000003278      0x591 build/stm32f4xx_hal_tim_ex.o
                                        0xe9b (size before relaxing)
 .debug_str     0x0000000000003809      0x621 build/stm32f4xx_hal_uart.o
                                        0xd7c (size before relaxing)
 .debug_str     0x0000000000003e2a       0x47 build/system_stm32f4xx.o
                                        0x368 (size before relaxing)
 .debug_str     0x0000000000003e71      0x14d build/list.o
                                        0x2e3 (size before relaxing)
 .debug_str     0x0000000000003fbe      0xa23 build/queue.o
                                        0xcf9 (size before relaxing)
 .debug_str     0x00000000000049e1      0xc95 build/tasks.o
                                       0x12c8 (size before relaxing)
 .debug_str     0x0000000000005676      0x5d8 build/timers.o
                                        0xc29 (size before relaxing)
 .debug_str     0x0000000000005c4e      0xc2e build/cmsis_os2.o
                                       0x1fde (size before relaxing)
 .debug_str     0x000000000000687c      0x2bf build/heap_4.o
                                        0x4f1 (size before relaxing)
 .debug_str     0x0000000000006b3b      0x17d build/port.o
                                        0x463 (size before relaxing)
 .debug_str     0x0000000000006cb8       0x7a build/sysmem.o
                                        0x206 (size before relaxing)
 .debug_str     0x0000000000006d32      0x1fb build/syscalls.o
                                        0x3da (size before relaxing)
 .debug_str     0x0000000000006f2d      0x24d build/stm32f4xx_hal_adc.o
                                        0x943 (size before relaxing)
 .debug_str     0x000000000000717a      0x2dc build/stm32f4xx_hal_adc_ex.o
                                        0x997 (size before relaxing)
 .debug_str     0x0000000000007456       0x24 build/startup_stm32f411xe.o
                                         0x4b (size before relaxing)

.comment        0x0000000000000000       0x49
 .comment       0x0000000000000000       0x49 build/main.o
                                         0x4a (size before relaxing)
 .comment       0x0000000000000049       0x4a build/stm32f4xx_it.o
 .comment       0x0000000000000049       0x4a build/stm32f4xx_hal_msp.o
 .comment       0x0000000000000049       0x4a build/stm32f4xx_hal_timebase_tim.o
 .comment       0x0000000000000049       0x4a build/stm32f4xx_hal_rcc.o
 .comment       0x0000000000000049       0x4a build/stm32f4xx_hal_gpio.o
 .comment       0x0000000000000049       0x4a build/stm32f4xx_hal_cortex.o
 .comment       0x0000000000000049       0x4a build/stm32f4xx_hal.o
 .comment       0x0000000000000049       0x4a build/stm32f4xx_hal_tim.o
 .comment       0x0000000000000049       0x4a build/stm32f4xx_hal_tim_ex.o
 .comment       0x0000000000000049       0x4a build/stm32f4xx_hal_uart.o
 .comment       0x0000000000000049       0x4a build/system_stm32f4xx.o
 .comment       0x0000000000000049       0x4a build/list.o
 .comment       0x0000000000000049       0x4a build/queue.o
 .comment       0x0000000000000049       0x4a build/tasks.o
 .comment       0x0000000000000049       0x4a build/timers.o
 .comment       0x0000000000000049       0x4a build/cmsis_os2.o
 .comment       0x0000000000000049       0x4a build/heap_4.o
 .comment       0x0000000000000049       0x4a build/port.o
 .comment       0x0000000000000049       0x4a build/sysmem.o
 .comment       0x0000000000000049       0x4a build/syscalls.o
 .comment       0x0000000000000049       0x4a build/stm32f4xx_hal_adc.o
 .comment       0x0000000000000049       0x4a build/stm32f4xx_hal_adc_ex.o

.debug_frame    0x0000000000000000     0x4670
 .debug_frame   0x0000000000000000      0x12c build/main.o
 .debug_frame   0x000000000000012c       0xb8 build/stm32f4xx_it.o
 .debug_frame   0x00000000000001e4       0x98 build/stm32f4xx_hal_msp.o
 .debug_frame   0x000000000000027c       0x54 build/stm32f4xx_hal_timebase_tim.o
 .debug_frame   0x00000000000002d0      0x16c build/stm32f4xx_hal_rcc.o
 .debug_frame   0x000000000000043c       0xd8 build/stm32f4xx_hal_gpio.o
 .debug_frame   0x0000000000000514      0x158 build/stm32f4xx_hal_cortex.o
 .debug_frame   0x000000000000066c      0x1ec build/stm32f4xx_hal.o
 .debug_frame   0x0000000000000858      0xb24 build/stm32f4xx_hal_tim.o
 .debug_frame   0x000000000000137c      0x40c build/stm32f4xx_hal_tim_ex.o
 .debug_frame   0x0000000000001788      0x5e4 build/stm32f4xx_hal_uart.o
 .debug_frame   0x0000000000001d6c       0x30 build/system_stm32f4xx.o
 .debug_frame   0x0000000000001d9c       0x70 build/list.o
 .debug_frame   0x0000000000001e0c      0x458 build/queue.o
 .debug_frame   0x0000000000002264      0x688 build/tasks.o
 .debug_frame   0x00000000000028ec      0x30c build/timers.o
 .debug_frame   0x0000000000002bf8      0x900 build/cmsis_os2.o
 .debug_frame   0x00000000000034f8       0xd0 build/heap_4.o
 .debug_frame   0x00000000000035c8      0x110 build/port.o
 .debug_frame   0x00000000000036d8       0x28 build/sysmem.o
 .debug_frame   0x0000000000003700      0x190 build/syscalls.o
 .debug_frame   0x0000000000003890      0x268 build/stm32f4xx_hal_adc.o
 .debug_frame   0x0000000000003af8      0x18c build/stm32f4xx_hal_adc_ex.o
 .debug_frame   0x0000000000003c84       0x20 /usr/local/bin/../lib/gcc/arm-none-eabi/10.3.1/../../../../arm-none-eabi/lib/thumb/v7e-m+fp/hard/libc_nano.a(lib_a-errno.o)
 .debug_frame   0x0000000000003ca4       0x2c /usr/local/bin/../lib/gcc/arm-none-eabi/10.3.1/../../../../arm-none-eabi/lib/thumb/v7e-m+fp/hard/libc_nano.a(lib_a-init.o)
 .debug_frame   0x0000000000003cd0       0x28 /usr/local/bin/../lib/gcc/arm-none-eabi/10.3.1/../../../../arm-none-eabi/lib/thumb/v7e-m+fp/hard/libc_nano.a(lib_a-memcpy-stub.o)
 .debug_frame   0x0000000000003cf8       0x20 /usr/local/bin/../lib/gcc/arm-none-eabi/10.3.1/../../../../arm-none-eabi/lib/thumb/v7e-m+fp/hard/libc_nano.a(lib_a-memset.o)
 .debug_frame   0x0000000000003d18       0x74 /usr/local/bin/../lib/gcc/arm-none-eabi/10.3.1/../../../../arm-none-eabi/lib/thumb/v7e-m+fp/hard/libc_nano.a(lib_a-printf.o)
 .debug_frame   0x0000000000003d8c       0x3c /usr/local/bin/../lib/gcc/arm-none-eabi/10.3.1/../../../../arm-none-eabi/lib/thumb/v7e-m+fp/hard/libc_nano.a(lib_a-puts.o)
 .debug_frame   0x0000000000003dc8       0x40 /usr/local/bin/../lib/gcc/arm-none-eabi/10.3.1/../../../../arm-none-eabi/lib/thumb/v7e-m+fp/hard/libc_nano.a(lib_a-wbuf.o)
 .debug_frame   0x0000000000003e08       0x2c /usr/local/bin/../lib/gcc/arm-none-eabi/10.3.1/../../../../arm-none-eabi/lib/thumb/v7e-m+fp/hard/libc_nano.a(lib_a-wsetup.o)
 .debug_frame   0x0000000000003e34       0x5c /usr/local/bin/../lib/gcc/arm-none-eabi/10.3.1/../../../../arm-none-eabi/lib/thumb/v7e-m+fp/hard/libc_nano.a(lib_a-fflush.o)
 .debug_frame   0x0000000000003e90      0x14c /usr/local/bin/../lib/gcc/arm-none-eabi/10.3.1/../../../../arm-none-eabi/lib/thumb/v7e-m+fp/hard/libc_nano.a(lib_a-findfp.o)
 .debug_frame   0x0000000000003fdc       0x54 /usr/local/bin/../lib/gcc/arm-none-eabi/10.3.1/../../../../arm-none-eabi/lib/thumb/v7e-m+fp/hard/libc_nano.a(lib_a-fwalk.o)
 .debug_frame   0x0000000000004030       0xb0 /usr/local/bin/../lib/gcc/arm-none-eabi/10.3.1/../../../../arm-none-eabi/lib/thumb/v7e-m+fp/hard/libc_nano.a(lib_a-lock.o)
 .debug_frame   0x00000000000040e0       0x58 /usr/local/bin/../lib/gcc/arm-none-eabi/10.3.1/../../../../arm-none-eabi/lib/thumb/v7e-m+fp/hard/libc_nano.a(lib_a-makebuf.o)
 .debug_frame   0x0000000000004138       0x38 /usr/local/bin/../lib/gcc/arm-none-eabi/10.3.1/../../../../arm-none-eabi/lib/thumb/v7e-m+fp/hard/libc_nano.a(lib_a-nano-freer.o)
 .debug_frame   0x0000000000004170       0x4c /usr/local/bin/../lib/gcc/arm-none-eabi/10.3.1/../../../../arm-none-eabi/lib/thumb/v7e-m+fp/hard/libc_nano.a(lib_a-nano-mallocr.o)
 .debug_frame   0x00000000000041bc       0xac /usr/local/bin/../lib/gcc/arm-none-eabi/10.3.1/../../../../arm-none-eabi/lib/thumb/v7e-m+fp/hard/libc_nano.a(lib_a-nano-vfprintf.o)
 .debug_frame   0x0000000000004268       0x60 /usr/local/bin/../lib/gcc/arm-none-eabi/10.3.1/../../../../arm-none-eabi/lib/thumb/v7e-m+fp/hard/libc_nano.a(lib_a-nano-vfprintf_i.o)
 .debug_frame   0x00000000000042c8       0x2c /usr/local/bin/../lib/gcc/arm-none-eabi/10.3.1/../../../../arm-none-eabi/lib/thumb/v7e-m+fp/hard/libc_nano.a(lib_a-sbrkr.o)
 .debug_frame   0x00000000000042f4       0x88 /usr/local/bin/../lib/gcc/arm-none-eabi/10.3.1/../../../../arm-none-eabi/lib/thumb/v7e-m+fp/hard/libc_nano.a(lib_a-stdio.o)
 .debug_frame   0x000000000000437c       0x2c /usr/local/bin/../lib/gcc/arm-none-eabi/10.3.1/../../../../arm-none-eabi/lib/thumb/v7e-m+fp/hard/libc_nano.a(lib_a-writer.o)
 .debug_frame   0x00000000000043a8       0x2c /usr/local/bin/../lib/gcc/arm-none-eabi/10.3.1/../../../../arm-none-eabi/lib/thumb/v7e-m+fp/hard/libc_nano.a(lib_a-closer.o)
 .debug_frame   0x00000000000043d4       0x2c /usr/local/bin/../lib/gcc/arm-none-eabi/10.3.1/../../../../arm-none-eabi/lib/thumb/v7e-m+fp/hard/libc_nano.a(lib_a-fstatr.o)
 .debug_frame   0x0000000000004400       0x2c /usr/local/bin/../lib/gcc/arm-none-eabi/10.3.1/../../../../arm-none-eabi/lib/thumb/v7e-m+fp/hard/libc_nano.a(lib_a-isattyr.o)
 .debug_frame   0x000000000000442c       0x2c /usr/local/bin/../lib/gcc/arm-none-eabi/10.3.1/../../../../arm-none-eabi/lib/thumb/v7e-m+fp/hard/libc_nano.a(lib_a-lseekr.o)
 .debug_frame   0x0000000000004458       0x30 /usr/local/bin/../lib/gcc/arm-none-eabi/10.3.1/../../../../arm-none-eabi/lib/thumb/v7e-m+fp/hard/libc_nano.a(lib_a-mlock.o)
 .debug_frame   0x0000000000004488       0x2c /usr/local/bin/../lib/gcc/arm-none-eabi/10.3.1/../../../../arm-none-eabi/lib/thumb/v7e-m+fp/hard/libc_nano.a(lib_a-readr.o)
 .debug_frame   0x00000000000044b4       0x5c /usr/local/bin/../lib/gcc/arm-none-eabi/10.3.1/../../../../arm-none-eabi/lib/thumb/v7e-m+fp/hard/libc_nano.a(lib_a-reent.o)
 .debug_frame   0x0000000000004510       0x30 /usr/local/bin/../lib/gcc/arm-none-eabi/10.3.1/thumb/v7e-m+fp/hard/libgcc.a(_arm_muldf3.o)
 .debug_frame   0x0000000000004540       0xac /usr/local/bin/../lib/gcc/arm-none-eabi/10.3.1/thumb/v7e-m+fp/hard/libgcc.a(_arm_addsubdf3.o)
 .debug_frame   0x00000000000045ec       0x24 /usr/local/bin/../lib/gcc/arm-none-eabi/10.3.1/thumb/v7e-m+fp/hard/libgcc.a(_arm_fixunsdfsi.o)
 .debug_frame   0x0000000000004610       0x2c /usr/local/bin/../lib/gcc/arm-none-eabi/10.3.1/thumb/v7e-m+fp/hard/libgcc.a(_aeabi_uldivmod.o)
 .debug_frame   0x000000000000463c       0x34 /usr/local/bin/../lib/gcc/arm-none-eabi/10.3.1/thumb/v7e-m+fp/hard/libgcc.a(_udivmoddi4.o)

Cross Reference Table

Symbol                                            File
ADC_IRQHandler                                    build/stm32f4xx_it.o
AHBPrescTable                                     build/system_stm32f4xx.o
                                                  build/stm32f4xx_hal_rcc.o
APBPrescTable                                     build/system_stm32f4xx.o
                                                  build/stm32f4xx_hal_rcc.o
BusFault_Handler                                  build/stm32f4xx_it.o
DMA1_Stream0_IRQHandler                           build/startup_stm32f411xe.o
DMA1_Stream1_IRQHandler                           build/startup_stm32f411xe.o
DMA1_Stream2_IRQHandler                           build/startup_stm32f411xe.o
DMA1_Stream3_IRQHandler                           build/startup_stm32f411xe.o
DMA1_Stream4_IRQHandler                           build/startup_stm32f411xe.o
DMA1_Stream5_IRQHandler                           build/startup_stm32f411xe.o
DMA1_Stream6_IRQHandler                           build/startup_stm32f411xe.o
DMA1_Stream7_IRQHandler                           build/startup_stm32f411xe.o
DMA2_Stream0_IRQHandler                           build/startup_stm32f411xe.o
DMA2_Stream1_IRQHandler                           build/startup_stm32f411xe.o
DMA2_Stream2_IRQHandler                           build/startup_stm32f411xe.o
DMA2_Stream3_IRQHandler                           build/startup_stm32f411xe.o
DMA2_Stream4_IRQHandler                           build/startup_stm32f411xe.o
DMA2_Stream5_IRQHandler                           build/startup_stm32f411xe.o
DMA2_Stream6_IRQHandler                           build/startup_stm32f411xe.o
DMA2_Stream7_IRQHandler                           build/startup_stm32f411xe.o
DebugMon_Handler                                  build/stm32f4xx_it.o
Default_Handler                                   build/startup_stm32f411xe.o
EXTI0_IRQHandler                                  build/startup_stm32f411xe.o
EXTI15_10_IRQHandler                              build/stm32f4xx_it.o
EXTI1_IRQHandler                                  build/startup_stm32f411xe.o
EXTI2_IRQHandler                                  build/startup_stm32f411xe.o
EXTI3_IRQHandler                                  build/startup_stm32f411xe.o
EXTI4_IRQHandler                                  build/startup_stm32f411xe.o
EXTI9_5_IRQHandler                                build/startup_stm32f411xe.o
Error_Handler                                     build/main.o
FLASH_Erase_Sector                                build/stm32f4xx_hal_flash_ex.o
                                                  build/stm32f4xx_hal_flash.o
FLASH_FlushCaches                                 build/stm32f4xx_hal_flash_ex.o
                                                  build/stm32f4xx_hal_flash.o
FLASH_IRQHandler                                  build/startup_stm32f411xe.o
FLASH_WaitForLastOperation                        build/stm32f4xx_hal_flash.o
                                                  build/stm32f4xx_hal_flash_ex.o
FPU_IRQHandler                                    build/startup_stm32f411xe.o
HAL_ADCEx_InjectedConfigChannel                   build/stm32f4xx_hal_adc_ex.o
HAL_ADCEx_InjectedConvCpltCallback                build/stm32f4xx_hal_adc_ex.o
                                                  build/stm32f4xx_hal_adc.o
HAL_ADCEx_InjectedGetValue                        build/stm32f4xx_hal_adc_ex.o