Archive member included to satisfy reference by file (symbol)

/usr/local/bin/../lib/gcc/arm-none-eabi/10.3.1/../../../../arm-none-eabi/lib/thumb/v7e-m+fp/hard/libc_nano.a(lib_a-errno.o)
                              build/sysmem.o (__errno)
/usr/local/bin/../lib/gcc/arm-none-eabi/10.3.1/../../../../arm-none-eabi/lib/thumb/v7e-m+fp/hard/libc_nano.a(lib_a-exit.o)
                              /usr/local/bin/../lib/gcc/arm-none-eabi/10.3.1/../../../../arm-none-eabi/lib/thumb/v7e-m+fp/hard/crt0.o (exit)
/usr/local/bin/../lib/gcc/arm-none-eabi/10.3.1/../../../../arm-none-eabi/lib/thumb/v7e-m+fp/hard/libc_nano.a(lib_a-impure.o)
                              /usr/local/bin/../lib/gcc/arm-none-eabi/10.3.1/../../../../arm-none-eabi/lib/thumb/v7e-m+fp/hard/libc_nano.a(lib_a-exit.o) (_global_impure_ptr)
/usr/local/bin/../lib/gcc/arm-none-eabi/10.3.1/../../../../arm-none-eabi/lib/thumb/v7e-m+fp/hard/libc_nano.a(lib_a-init.o)
                              /usr/local/bin/../lib/gcc/arm-none-eabi/10.3.1/../../../../arm-none-eabi/lib/thumb/v7e-m+fp/hard/crt0.o (__libc_init_array)
/usr/local/bin/../lib/gcc/arm-none-eabi/10.3.1/../../../../arm-none-eabi/lib/thumb/v7e-m+fp/hard/libc_nano.a(lib_a-memcpy-stub.o)
                              build/queue.o (memcpy)
/usr/local/bin/../lib/gcc/arm-none-eabi/10.3.1/../../../../arm-none-eabi/lib/thumb/v7e-m+fp/hard/libc_nano.a(lib_a-memset.o)
                              /usr/local/bin/../lib/gcc/arm-none-eabi/10.3.1/../../../../arm-none-eabi/lib/thumb/v7e-m+fp/hard/crt0.o (memset)
/usr/local/bin/../lib/gcc/arm-none-eabi/10.3.1/../../../../arm-none-eabi/lib/thumb/v7e-m+fp/hard/libc_nano.a(lib_a-printf.o)
                              build/main.o (printf)
/usr/local/bin/../lib/gcc/arm-none-eabi/10.3.1/../../../../arm-none-eabi/lib/thumb/v7e-m+fp/hard/libc_nano.a(lib_a-puts.o)
                              build/main.o (puts)
/usr/local/bin/../lib/gcc/arm-none-eabi/10.3.1/../../../../arm-none-eabi/lib/thumb/v7e-m+fp/hard/libc_nano.a(lib_a-sprintf.o)
                              build/tasks.o (sprintf)
/usr/local/bin/../lib/gcc/arm-none-eabi/10.3.1/../../../../arm-none-eabi/lib/thumb/v7e-m+fp/hard/libc_nano.a(lib_a-strcpy.o)
                              build/tasks.o (strcpy)
/usr/local/bin/../lib/gcc/arm-none-eabi/10.3.1/../../../../arm-none-eabi/lib/thumb/v7e-m+fp/hard/libc_nano.a(lib_a-strlen.o)
                              build/tasks.o (strlen)
/usr/local/bin/../lib/gcc/arm-none-eabi/10.3.1/../../../../arm-none-eabi/lib/thumb/v7e-m+fp/hard/libc_nano.a(lib_a-wbuf.o)
                              /usr/local/bin/../lib/gcc/arm-none-eabi/10.3.1/../../../../arm-none-eabi/lib/thumb/v7e-m+fp/hard/libc_nano.a(lib_a-puts.o) (__swbuf_r)
/usr/local/bin/../lib/gcc/arm-none-eabi/10.3.1/../../../../arm-none-eabi/lib/thumb/v7e-m+fp/hard/libc_nano.a(lib_a-wsetup.o)
                              /usr/local/bin/../lib/gcc/arm-none-eabi/10.3.1/../../../../arm-none-eabi/lib/thumb/v7e-m+fp/hard/libc_nano.a(lib_a-puts.o) (__swsetup_r)
/usr/local/bin/../lib/gcc/arm-none-eabi/10.3.1/../../../../arm-none-eabi/lib/thumb/v7e-m+fp/hard/libc_nano.a(lib_a-fflush.o)
                              /usr/local/bin/../lib/gcc/arm-none-eabi/10.3.1/../../../../arm-none-eabi/lib/thumb/v7e-m+fp/hard/libc_nano.a(lib_a-wbuf.o) (_fflush_r)
/usr/local/bin/../lib/gcc/arm-none-eabi/10.3.1/../../../../arm-none-eabi/lib/thumb/v7e-m+fp/hard/libc_nano.a(lib_a-findfp.o)
                              /usr/local/bin/../lib/gcc/arm-none-eabi/10.3.1/../../../../arm-none-eabi/lib/thumb/v7e-m+fp/hard/libc_nano.a(lib_a-printf.o) (__sinit)
/usr/local/bin/../lib/gcc/arm-none-eabi/10.3.1/../../../../arm-none-eabi/lib/thumb/v7e-m+fp/hard/libc_nano.a(lib_a-fwalk.o)
                              /usr/local/bin/../lib/gcc/arm-none-eabi/10.3.1/../../../../arm-none-eabi/lib/thumb/v7e-m+fp/hard/libc_nano.a(lib_a-findfp.o) (_fwalk)
/usr/local/bin/../lib/gcc/arm-none-eabi/10.3.1/../../../../arm-none-eabi/lib/thumb/v7e-m+fp/hard/libc_nano.a(lib_a-lock.o)
                              /usr/local/bin/../lib/gcc/arm-none-eabi/10.3.1/../../../../arm-none-eabi/lib/thumb/v7e-m+fp/hard/libc_nano.a(lib_a-findfp.o) (__retarget_lock_init_recursive)
/usr/local/bin/../lib/gcc/arm-none-eabi/10.3.1/../../../../arm-none-eabi/lib/thumb/v7e-m+fp/hard/libc_nano.a(lib_a-makebuf.o)
                              /usr/local/bin/../lib/gcc/arm-none-eabi/10.3.1/../../../../arm-none-eabi/lib/thumb/v7e-m+fp/hard/libc_nano.a(lib_a-wsetup.o) (__smakebuf_r)
/usr/local/bin/../lib/gcc/arm-none-eabi/10.3.1/../../../../arm-none-eabi/lib/thumb/v7e-m+fp/hard/libc_nano.a(lib_a-nano-freer.o)
                              /usr/local/bin/../lib/gcc/arm-none-eabi/10.3.1/../../../../arm-none-eabi/lib/thumb/v7e-m+fp/hard/libc_nano.a(lib_a-wsetup.o) (_free_r)
/usr/local/bin/../lib/gcc/arm-none-eabi/10.3.1/../../../../arm-none-eabi/lib/thumb/v7e-m+fp/hard/libc_nano.a(lib_a-nano-mallocr.o)
[...]
Memory Configuration

Name             Origin             Length             Attributes
RAM              0x0000000020000000 0x0000000000020000 xrw
FLASH            0x0000000008000000 0x0000000000080000 xr
*default*        0x0000000000000000 0xffffffffffffffff

Linker script and memory map

LOAD /usr/local/bin/../lib/gcc/arm-none-eabi/10.3.1/thumb/v7e-m+fp/hard/crti.o
LOAD /usr/local/bin/../lib/gcc/arm-none-eabi/10.3.1/thumb/v7e-m+fp/hard/crtbegin.o
LOAD /usr/local/bin/../lib/gcc/arm-none-eabi/10.3.1/../../../../arm-none-eabi/lib/thumb/v7e-m+fp/hard/crt0.o
LOAD build/main.o
LOAD build/freertos.o
LOAD build/stm32f4xx_it.o
LOAD build/stm32f4xx_hal_msp.o
LOAD build/stm32f4xx_hal_timebase_tim.o
LOAD build/stm32f4xx_hal_adc.o
LOAD build/stm32f4xx_hal_adc_ex.o
LOAD build/stm32f4xx_ll_adc.o
LOAD build/stm32f4xx_hal_rcc.o
LOAD build/stm32f4xx_hal_rcc_ex.o
LOAD build/stm32f4xx_hal_flash.o
LOAD build/stm32f4xx_hal_flash_ex.o
LOAD build/stm32f4xx_hal_flash_ramfunc.o
LOAD build/stm32f4xx_hal_gpio.o
LOAD build/stm32f4xx_hal_dma_ex.o
LOAD build/stm32f4xx_hal_dma.o
LOAD build/stm32f4xx_hal_pwr.o
LOAD build/stm32f4xx_hal_pwr_ex.o
LOAD build/stm32f4xx_hal_cortex.o
LOAD build/stm32f4xx_hal.o
LOAD build/stm32f4xx_hal_exti.o
LOAD build/stm32f4xx_hal_tim.o
LOAD build/stm32f4xx_hal_tim_ex.o
LOAD build/stm32f4xx_hal_uart.o
LOAD build/system_stm32f4xx.o
LOAD build/croutine.o
LOAD build/event_groups.o
LOAD build/list.o
LOAD build/queue.o
LOAD build/stream_buffer.o
LOAD build/tasks.o
LOAD build/timers.o
LOAD build/cmsis_os2.o
LOAD build/heap_4.o
LOAD build/port.o
LOAD build/sysmem.o
LOAD build/syscalls.o
LOAD build/startup_stm32f411xe.o
LOAD /usr/local/bin/../lib/gcc/arm-none-eabi/10.3.1/../../../../arm-none-eabi/lib/thumb/v7e-m+fp/hard/libc_nano.a
LOAD /usr/local/bin/../lib/gcc/arm-none-eabi/10.3.1/../../../../arm-none-eabi/lib/thumb/v7e-m+fp/hard/libm.a
LOAD /usr/local/bin/../lib/gcc/arm-none-eabi/10.3.1/../../../../arm-none-eabi/lib/thumb/v7e-m+fp/hard/libnosys.a
START GROUP
LOAD /usr/local/bin/../lib/gcc/arm-none-eabi/10.3.1/thumb/v7e-m+fp/hard/libgcc.a
LOAD /usr/local/bin/../lib/gcc/arm-none-eabi/10.3.1/../../../../arm-none-eabi/lib/thumb/v7e-m+fp/hard/libc_nano.a
END GROUP
START GROUP
LOAD /usr/local/bin/../lib/gcc/arm-none-eabi/10.3.1/thumb/v7e-m+fp/hard/libgcc.a
LOAD /usr/local/bin/../lib/gcc/arm-none-eabi/10.3.1/../../../../arm-none-eabi/lib/thumb/v7e-m+fp/hard/libc_nano.a
END GROUP
LOAD /usr/local/bin/../lib/gcc/arm-none-eabi/10.3.1/thumb/v7e-m+fp/hard/crtend.o
LOAD /usr/local/bin/../lib/gcc/arm-none-eabi/10.3.1/thumb/v7e-m+fp/hard/crtn.o
                0x0000000020020000                _estack = (ORIGIN (RAM) + LENGTH (RAM))
                0x0000000000000200                _Min_Heap_Size = 0x200
                0x0000000000000400                _Min_Stack_Size = 0x400

.isr_vector     0x0000000008000000      0x198
                0x0000000008000000                . = ALIGN (0x4)
 *(.isr_vector)
 .isr_vector    0x0000000008000000      0x198 build/startup_stm32f411xe.o
                0x0000000008000000                g_pfnVectors
                0x0000000008000198                . = ALIGN (0x4)

.text           0x00000000080001a0     0x5918
                0x00000000080001a0                . = ALIGN (0x4)
 *(.text)
 .text          0x00000000080001a0       0x40 /usr/local/bin/../lib/gcc/arm-none-eabi/10.3.1/thumb/v7e-m+fp/hard/crtbegin.o
 .text          0x00000000080001e0       0x10 /usr/local/bin/../lib/gcc/arm-none-eabi/10.3.1/../../../../arm-none-eabi/lib/thumb/v7e-m+fp/hard/libc_nano.a(lib_a-strlen.o)
                0x00000000080001e0                strlen
 .text          0x00000000080001f0       0xa0 /usr/local/bin/../lib/gcc/arm-none-eabi/10.3.1/../../../../arm-none-eabi/lib/thumb/v7e-m+fp/hard/libc_nano.a(lib_a-memchr.o)
                0x00000000080001f0                memchr
 .text          0x0000000008000290       0x30 /usr/local/bin/../lib/gcc/arm-none-eabi/10.3.1/thumb/v7e-m+fp/hard/libgcc.a(_aeabi_uldivmod.o)
                0x0000000008000290                __aeabi_uldivmod
 .text          0x00000000080002c0      0x2d0 /usr/local/bin/../lib/gcc/arm-none-eabi/10.3.1/thumb/v7e-m+fp/hard/libgcc.a(_udivmoddi4.o)
                0x00000000080002c0                __udivmoddi4
 .text          0x0000000008000590        0x4 /usr/local/bin/../lib/gcc/arm-none-eabi/10.3.1/thumb/v7e-m+fp/hard/libgcc.a(_dvmd_tls.o)
                0x0000000008000590                __aeabi_ldiv0
                0x0000000008000590                __aeabi_idiv0
 *(.text*)
 .text.MX_GPIO_Init
                0x0000000008000594       0xb8 build/main.o
 .text.MX_DMA_Init
                0x000000000800064c       0x34 build/main.o
 .text.__io_putchar
                0x0000000008000680       0x20 build/main.o
                0x0000000008000680                __io_putchar
 .text.HAL_GPIO_EXTI_Callback
                0x00000000080006a0       0x24 build/main.o
                0x00000000080006a0                HAL_GPIO_EXTI_Callback
 .text.HAL_ADC_ConvCpltCallback
                0x00000000080006c4        0x2 build/main.o
                0x00000000080006c4                HAL_ADC_ConvCpltCallback
 *fill*         0x00000000080006c6        0x2 
 .text.TaskAdd  0x00000000080006c8       0x40 build/main.o
                0x00000000080006c8                TaskAdd
 .text.getStatusName
                0x0000000008000708       0x5c build/main.o
                0x0000000008000708                getStatusName
 .text.StartTask03
                0x0000000008000764       0x78 build/main.o
                0x0000000008000764                StartTask03
 .text.StartTask04
                0x00000000080007dc       0x78 build/main.o
                0x00000000080007dc                StartTask04
 .text.StartTask05
                0x0000000008000854      0x110 build/main.o
                0x0000000008000854                StartTask05
 .text.HAL_TIM_PeriodElapsedCallback
                0x0000000008000964       0x18 build/main.o
                0x0000000008000964                HAL_TIM_PeriodElapsedCallback
 .text.Error_Handler
                0x000000000800097c        0x4 build/main.o
                0x000000000800097c                Error_Handler
 .text.MX_ADC1_Init
                0x0000000008000980       0x70 build/main.o
 .text.MX_USART2_UART_Init
                0x00000000080009f0       0x34 build/main.o
 .text.SystemClock_Config
                0x0000000008000a24       0xa0 build/main.o
                0x0000000008000a24                SystemClock_Config
 .text.main     0x0000000008000ac4       0x94 build/main.o
                0x0000000008000ac4                main
 .text.NMI_Handler
                0x0000000008000b58        0x2 build/stm32f4xx_it.o
                0x0000000008000b58                NMI_Handler
 .text.HardFault_Handler
                0x0000000008000b5a        0x2 build/stm32f4xx_it.o
                0x0000000008000b5a                HardFault_Handler
 .text.MemManage_Handler
                0x0000000008000b5c        0x2 build/stm32f4xx_it.o
                0x0000000008000b5c                MemManage_Handler
 .text.BusFault_Handler
                0x0000000008000b5e        0x2 build/stm32f4xx_it.o
                0x0000000008000b5e                BusFault_Handler
 .text.UsageFault_Handler
                0x0000000008000b60        0x2 build/stm32f4xx_it.o
                0x0000000008000b60                UsageFault_Handler
 .text.DebugMon_Handler
                0x0000000008000b62        0x2 build/stm32f4xx_it.o
                0x0000000008000b62                DebugMon_Handler
 .text.ADC_IRQHandler
                0x0000000008000b64       0x10 build/stm32f4xx_it.o
                0x0000000008000b64                ADC_IRQHandler
 .text.TIM1_TRG_COM_TIM11_IRQHandler
                0x0000000008000b74       0x10 build/stm32f4xx_it.o
                0x0000000008000b74                TIM1_TRG_COM_TIM11_IRQHandler
 .text.EXTI15_10_IRQHandler
                0x0000000008000b84        0xc build/stm32f4xx_it.o
                0x0000000008000b84                EXTI15_10_IRQHandler
 .text.DMA2_Stream0_IRQHandler
                0x0000000008000b90       0x10 build/stm32f4xx_it.o
                0x0000000008000b90                DMA2_Stream0_IRQHandler
 .text.HAL_MspInit
                0x0000000008000ba0       0x44 build/stm32f4xx_hal_msp.o
                0x0000000008000ba0                HAL_MspInit
 .text.HAL_ADC_MspInit
                0x0000000008000be4       0x88 build/stm32f4xx_hal_msp.o
                0x0000000008000be4                HAL_ADC_MspInit
 .text.HAL_UART_MspInit
                0x0000000008000c6c       0x70 build/stm32f4xx_hal_msp.o
                0x0000000008000c6c                HAL_UART_MspInit
 .text.HAL_InitTick
                0x0000000008000cdc       0x98 build/stm32f4xx_hal_timebase_tim.o
                0x0000000008000cdc                HAL_InitTick
 .text.ADC_Init
                0x0000000008000d74      0x134 build/stm32f4xx_hal_adc.o
 .text.HAL_ADC_Init
                0x0000000008000ea8       0x56 build/stm32f4xx_hal_adc.o
                0x0000000008000ea8                HAL_ADC_Init
 .text.HAL_ADC_LevelOutOfWindowCallback
                0x0000000008000efe        0x2 build/stm32f4xx_hal_adc.o
                0x0000000008000efe                HAL_ADC_LevelOutOfWindowCallback
 .text.HAL_ADC_ErrorCallback
                0x0000000008000f00        0x2 build/stm32f4xx_hal_adc.o
                0x0000000008000f00                HAL_ADC_ErrorCallback
 .text.HAL_ADC_IRQHandler
                0x0000000008000f02      0x142 build/stm32f4xx_hal_adc.o
                0x0000000008000f02                HAL_ADC_IRQHandler
 .text.HAL_ADC_ConfigChannel
                0x0000000008001044      0x1ac build/stm32f4xx_hal_adc.o
                0x0000000008001044                HAL_ADC_ConfigChannel
 .text.HAL_ADCEx_InjectedConvCpltCallback
                0x00000000080011f0        0x2 build/stm32f4xx_hal_adc_ex.o
                0x00000000080011f0                HAL_ADCEx_InjectedConvCpltCallback
 *fill*         0x00000000080011f2        0x2 
 .text.HAL_RCC_OscConfig
                0x00000000080011f4      0x3f8 build/stm32f4xx_hal_rcc.o
                0x00000000080011f4                HAL_RCC_OscConfig
 .text.HAL_RCC_GetSysClockFreq
                0x00000000080015ec       0xd4 build/stm32f4xx_hal_rcc.o
                0x00000000080015ec                HAL_RCC_GetSysClockFreq
 .text.HAL_RCC_ClockConfig
                0x00000000080016c0      0x160 build/stm32f4xx_hal_rcc.o
                0x00000000080016c0                HAL_RCC_ClockConfig
 .text.HAL_RCC_GetHCLKFreq
                0x0000000008001820        0xc build/stm32f4xx_hal_rcc.o
                0x0000000008001820                HAL_RCC_GetHCLKFreq
 .text.HAL_RCC_GetPCLK1Freq
                0x000000000800182c       0x20 build/stm32f4xx_hal_rcc.o
                0x000000000800182c                HAL_RCC_GetPCLK1Freq
 .text.HAL_RCC_GetPCLK2Freq
                0x000000000800184c       0x20 build/stm32f4xx_hal_rcc.o
                0x000000000800184c                HAL_RCC_GetPCLK2Freq
 .text.HAL_RCC_GetClockConfig
                0x000000000800186c       0x3c build/stm32f4xx_hal_rcc.o
                0x000000000800186c                HAL_RCC_GetClockConfig
 .text.HAL_GPIO_Init
                0x00000000080018a8      0x1c0 build/stm32f4xx_hal_gpio.o
                0x00000000080018a8                HAL_GPIO_Init
 .text.HAL_GPIO_WritePin
                0x0000000008001a68        0xc build/stm32f4xx_hal_gpio.o
                0x0000000008001a68                HAL_GPIO_WritePin
 .text.HAL_GPIO_TogglePin
                0x0000000008001a74       0x12 build/stm32f4xx_hal_gpio.o
                0x0000000008001a74                HAL_GPIO_TogglePin
 *fill*         0x0000000008001a86        0x2 
 .text.HAL_GPIO_EXTI_IRQHandler
                0x0000000008001a88       0x1c build/stm32f4xx_hal_gpio.o
                0x0000000008001a88                HAL_GPIO_EXTI_IRQHandler
 .text.DMA_CalcBaseAndBitshift
                0x0000000008001aa4       0x44 build/stm32f4xx_hal_dma.o
 .text.DMA_CheckFifoParam
                0x0000000008001ae8       0x8e build/stm32f4xx_hal_dma.o
 *fill*         0x0000000008001b76        0x2 
 .text.HAL_DMA_Init
                0x0000000008001b78       0xcc build/stm32f4xx_hal_dma.o
                0x0000000008001b78                HAL_DMA_Init
 .text.HAL_DMA_IRQHandler
                0x0000000008001c44      0x1dc build/stm32f4xx_hal_dma.o
                0x0000000008001c44                HAL_DMA_IRQHandler
 .text.HAL_NVIC_SetPriorityGrouping
                0x0000000008001e20       0x24 build/stm32f4xx_hal_cortex.o
                0x0000000008001e20                HAL_NVIC_SetPriorityGrouping
 .text.HAL_NVIC_SetPriority
                0x0000000008001e44       0x70 build/stm32f4xx_hal_cortex.o
                0x0000000008001e44                HAL_NVIC_SetPriority
 .text.HAL_NVIC_EnableIRQ
                0x0000000008001eb4       0x1c build/stm32f4xx_hal_cortex.o
                0x0000000008001eb4                HAL_NVIC_EnableIRQ
 .text.HAL_Init
                0x0000000008001ed0       0x34 build/stm32f4xx_hal.o
                0x0000000008001ed0                HAL_Init
 .text.HAL_IncTick
                0x0000000008001f04       0x18 build/stm32f4xx_hal.o
                0x0000000008001f04                HAL_IncTick
 .text.HAL_GetTick
                0x0000000008001f1c        0xc build/stm32f4xx_hal.o
                0x0000000008001f1c                HAL_GetTick
 .text.HAL_TIM_Base_MspInit
                0x0000000008001f28        0x2 build/stm32f4xx_hal_tim.o
                0x0000000008001f28                HAL_TIM_Base_MspInit
 *fill*         0x0000000008001f2a        0x2 
 .text.HAL_TIM_Base_Start_IT
                0x0000000008001f2c       0x78 build/stm32f4xx_hal_tim.o
                0x0000000008001f2c                HAL_TIM_Base_Start_IT
 .text.HAL_TIM_OC_DelayElapsedCallback
                0x0000000008001fa4        0x2 build/stm32f4xx_hal_tim.o
                0x0000000008001fa4                HAL_TIM_OC_DelayElapsedCallback
 .text.HAL_TIM_IC_CaptureCallback
                0x0000000008001fa6        0x2 build/stm32f4xx_hal_tim.o
                0x0000000008001fa6                HAL_TIM_IC_CaptureCallback
 .text.HAL_TIM_PWM_PulseFinishedCallback
                0x0000000008001fa8        0x2 build/stm32f4xx_hal_tim.o
                0x0000000008001fa8                HAL_TIM_PWM_PulseFinishedCallback
 .text.HAL_TIM_TriggerCallback
                0x0000000008001faa        0x2 build/stm32f4xx_hal_tim.o
                0x0000000008001faa                HAL_TIM_TriggerCallback
 .text.HAL_TIM_IRQHandler
                0x0000000008001fac      0x15e build/stm32f4xx_hal_tim.o
                0x0000000008001fac                HAL_TIM_IRQHandler
 *fill*         0x000000000800210a        0x2 
 .text.TIM_Base_SetConfig
                0x000000000800210c       0xac build/stm32f4xx_hal_tim.o
                0x000000000800210c                TIM_Base_SetConfig
 .text.HAL_TIM_Base_Init
                0x00000000080021b8       0x58 build/stm32f4xx_hal_tim.o
                0x00000000080021b8                HAL_TIM_Base_Init
 .text.HAL_TIMEx_CommutCallback
                0x0000000008002210        0x2 build/stm32f4xx_hal_tim_ex.o
                0x0000000008002210                HAL_TIMEx_CommutCallback
 .text.HAL_TIMEx_BreakCallback
                0x0000000008002212        0x2 build/stm32f4xx_hal_tim_ex.o
                0x0000000008002212                HAL_TIMEx_BreakCallback
 .text.UART_EndRxTransfer
                0x0000000008002214       0x5c build/stm32f4xx_hal_uart.o
 .text.UART_SetConfig
                0x0000000008002270      0x110 build/stm32f4xx_hal_uart.o
 .text.UART_WaitOnFlagUntilTimeout
                0x0000000008002380       0x8a build/stm32f4xx_hal_uart.o
 .text.HAL_UART_Init
                0x000000000800240a       0x60 build/stm32f4xx_hal_uart.o
                0x000000000800240a                HAL_UART_Init
 .text.HAL_UART_Transmit
                0x000000000800246a       0xcc build/stm32f4xx_hal_uart.o
                0x000000000800246a                HAL_UART_Transmit
 *fill*         0x0000000008002536        0x2 
 .text.SystemInit
                0x0000000008002538       0x14 build/system_stm32f4xx.o
                0x0000000008002538                SystemInit
 .text.vListInitialise
                0x000000000800254c       0x16 build/list.o
                0x000000000800254c                vListInitialise
 .text.vListInitialiseItem
                0x0000000008002562        0x6 build/list.o
                0x0000000008002562                vListInitialiseItem
 .text.vListInsertEnd
                0x0000000008002568       0x16 build/list.o
                0x0000000008002568                vListInsertEnd
 .text.vListInsert
                0x000000000800257e       0x32 build/list.o
                0x000000000800257e                vListInsert
 .text.uxListRemove
                0x00000000080025b0       0x26 build/list.o
                0x00000000080025b0                uxListRemove
 .text.prvIsQueueFull
                0x00000000080025d6       0x1e build/queue.o
 .text.prvIsQueueEmpty
                0x00000000080025f4       0x1a build/queue.o
 .text.prvCopyDataToQueue
                0x000000000800260e       0x76 build/queue.o
 .text.prvCopyDataFromQueue
                0x0000000008002684       0x24 build/queue.o
 .text.prvUnlockQueue
                0x00000000080026a8       0x6e build/queue.o
 .text.xQueueGenericReset
                0x0000000008002716       0x84 build/queue.o
                0x0000000008002716                xQueueGenericReset
 .text.prvInitialiseNewQueue
                0x000000000800279a       0x22 build/queue.o
 .text.xQueueGenericCreateStatic
                0x00000000080027bc       0x94 build/queue.o
                0x00000000080027bc                xQueueGenericCreateStatic
 .text.xQueueGenericSend
                0x0000000008002850      0x188 build/queue.o
                0x0000000008002850                xQueueGenericSend
 .text.xQueueGenericSendFromISR
                0x00000000080029d8       0xce build/queue.o
                0x00000000080029d8                xQueueGenericSendFromISR
 .text.xQueueReceive
                0x0000000008002aa6      0x15e build/queue.o
                0x0000000008002aa6                xQueueReceive
 .text.vQueueAddToRegistry
                0x0000000008002c04       0x28 build/queue.o
                0x0000000008002c04                vQueueAddToRegistry
 .text.vQueueWaitForMessageRestricted
                0x0000000008002c2c       0x52 build/queue.o
                0x0000000008002c2c                vQueueWaitForMessageRestricted
 *fill*         0x0000000008002c7e        0x2 
 .text.prvTaskIsTaskSuspended
                0x0000000008002c80       0x40 build/tasks.o
 .text.prvTaskCheckFreeStackSpace
                0x0000000008002cc0       0x14 build/tasks.o
 .text.prvResetNextTaskUnblockTime
                0x0000000008002cd4       0x2c build/tasks.o
 .text.prvInitialiseNewTask
                0x0000000008002d00       0xa6 build/tasks.o
 *fill*         0x0000000008002da6        0x2 
 .text.prvInitialiseTaskLists
                0x0000000008002da8       0x68 build/tasks.o
 .text.prvAddNewTaskToReadyList
                0x0000000008002e10       0xac build/tasks.o
 .text.prvDeleteTCB
                0x0000000008002ebc       0x38 build/tasks.o
 .text.prvCheckTasksWaitingTermination
                0x0000000008002ef4       0x4c build/tasks.o
 .text.prvIdleTask
                0x0000000008002f40       0x28 build/tasks.o
 .text.prvAddCurrentTaskToDelayedList
                0x0000000008002f68       0x7c build/tasks.o
 .text.prvWriteNameToBuffer
                0x0000000008002fe4       0x22 build/tasks.o
 .text.xTaskCreateStatic
                0x0000000008003006       0x76 build/tasks.o
                0x0000000008003006                xTaskCreateStatic
 .text.xTaskCreate
                0x000000000800307c       0x68 build/tasks.o
                0x000000000800307c                xTaskCreate
 .text.eTaskGetState
                0x00000000080030e4       0x90 build/tasks.o
                0x00000000080030e4                eTaskGetState
 .text.vTaskResume
                0x0000000008003174       0x88 build/tasks.o
                0x0000000008003174                vTaskResume
 .text.vTaskStartScheduler
                0x00000000080031fc       0x9c build/tasks.o
                0x00000000080031fc                vTaskStartScheduler
 .text.vTaskSuspendAll
                0x0000000008003298       0x10 build/tasks.o
                0x0000000008003298                vTaskSuspendAll
 .text.xTaskGetTickCount
                0x00000000080032a8        0xc build/tasks.o
                0x00000000080032a8                xTaskGetTickCount
 .text.uxTaskGetNumberOfTasks
                0x00000000080032b4        0xc build/tasks.o
                0x00000000080032b4                uxTaskGetNumberOfTasks
 .text.pcTaskGetName
                0x00000000080032c0       0x28 build/tasks.o
                0x00000000080032c0                pcTaskGetName
 .text.xTaskIncrementTick
                0x00000000080032e8      0x118 build/tasks.o
                0x00000000080032e8                xTaskIncrementTick
 .text.xTaskResumeAll
                0x0000000008003400       0xf8 build/tasks.o
                0x0000000008003400                xTaskResumeAll
 .text.vTaskDelay
                0x00000000080034f8       0x4c build/tasks.o
                0x00000000080034f8                vTaskDelay
 .text.vTaskSwitchContext
                0x0000000008003544       0x94 build/tasks.o
                0x0000000008003544                vTaskSwitchContext
 .text.vTaskSuspend
                0x00000000080035d8       0xc4 build/tasks.o
                0x00000000080035d8                vTaskSuspend
 .text.vTaskPlaceOnEventList
                0x000000000800369c       0x30 build/tasks.o
                0x000000000800369c                vTaskPlaceOnEventList
 .text.vTaskPlaceOnEventListRestricted
                0x00000000080036cc       0x38 build/tasks.o
                0x00000000080036cc                vTaskPlaceOnEventListRestricted
 .text.xTaskRemoveFromEventList
                0x0000000008003704       0x8c build/tasks.o
                0x0000000008003704                xTaskRemoveFromEventList
 .text.vTaskInternalSetTimeOutState
                0x0000000008003790       0x18 build/tasks.o
                0x0000000008003790                vTaskInternalSetTimeOutState
 .text.xTaskCheckForTimeOut
                0x00000000080037a8       0x84 build/tasks.o
                0x00000000080037a8                xTaskCheckForTimeOut
 .text.vTaskMissedYield
                0x000000000800382c        0xc build/tasks.o
                0x000000000800382c                vTaskMissedYield
 .text.vTaskGetInfo
                0x0000000008003838       0x78 build/tasks.o
                0x0000000008003838                vTaskGetInfo
 .text.prvListTasksWithinSingleList
                0x00000000080038b0       0x5e build/tasks.o
 *fill*         0x000000000800390e        0x2 
 .text.uxTaskGetSystemState
                0x0000000008003910       0xb0 build/tasks.o
                0x0000000008003910                uxTaskGetSystemState
 .text.xTaskGetSchedulerState
                0x00000000080039c0       0x20 build/tasks.o
                0x00000000080039c0                xTaskGetSchedulerState
 .text.xTaskPriorityDisinherit
                0x00000000080039e0       0x90 build/tasks.o
                0x00000000080039e0                xTaskPriorityDisinherit
 .text.vTaskList
                0x0000000008003a70       0xbc build/tasks.o
                0x0000000008003a70                vTaskList
 .text.prvGetNextExpireTime
                0x0000000008003b2c       0x20 build/timers.o
 .text.prvInsertTimerInActiveList
                0x0000000008003b4c       0x48 build/timers.o
 .text.prvCheckForValidListAndQueue
                0x0000000008003b94       0x70 build/timers.o
 .text.xTimerCreateTimerTask
                0x0000000008003c04       0x64 build/timers.o
                0x0000000008003c04                xTimerCreateTimerTask
 .text.xTimerGenericCommand
                0x0000000008003c68       0x6c build/timers.o
                0x0000000008003c68                xTimerGenericCommand
 .text.prvSwitchTimerLists
                0x0000000008003cd4       0x7c build/timers.o
 .text.prvSampleTimeNow
                0x0000000008003d50       0x2c build/timers.o
 .text.prvProcessExpiredTimer
                0x0000000008003d7c       0x6c build/timers.o
 .text.prvProcessTimerOrBlockTask
                0x0000000008003de8       0x74 build/timers.o
 .text.prvProcessReceivedCommands
                0x0000000008003e5c      0x10c build/timers.o
 .text.prvTimerTask
                0x0000000008003f68       0x16 build/timers.o
 .text.SysTick_Handler
                0x0000000008003f7e       0x18 build/cmsis_os2.o
                0x0000000008003f7e                SysTick_Handler
 *fill*         0x0000000008003f96        0x2 
 .text.vApplicationGetIdleTaskMemory
                0x0000000008003f98       0x18 build/cmsis_os2.o
                0x0000000008003f98                vApplicationGetIdleTaskMemory
 .text.vApplicationGetTimerTaskMemory
                0x0000000008003fb0       0x18 build/cmsis_os2.o
                0x0000000008003fb0                vApplicationGetTimerTaskMemory
 .text.prvHeapInit
                0x0000000008003fc8       0x64 build/heap_4.o
 .text.prvInsertBlockIntoFreeList
                0x000000000800402c       0x64 build/heap_4.o
 .text.pvPortMalloc
                0x0000000008004090       0xfc build/heap_4.o
                0x0000000008004090                pvPortMalloc
 .text.vPortFree
                0x000000000800418c       0x7c build/heap_4.o
                0x000000000800418c                vPortFree
 .text.prvTaskExitError
                0x0000000008004208       0x40 build/port.o
 .text.prvPortStartFirstTask
                0x0000000008004248       0x28 build/port.o
 .text.vPortEnableVFP
                0x0000000008004270       0x14 build/port.o
 .text.pxPortInitialiseStack
                0x0000000008004284       0x2c build/port.o
                0x0000000008004284                pxPortInitialiseStack
 .text.SVC_Handler
                0x00000000080042b0       0x24 build/port.o
                0x00000000080042b0                SVC_Handler
 .text.vPortEnterCritical
                0x00000000080042d4       0x44 build/port.o
                0x00000000080042d4                vPortEnterCritical
 .text.vPortExitCritical
                0x0000000008004318       0x2c build/port.o
                0x0000000008004318                vPortExitCritical
 *fill*         0x0000000008004344        0xc 
 .text.PendSV_Handler
                0x0000000008004350       0x64 build/port.o
                0x0000000008004350                PendSV_Handler
 .text.xPortSysTickHandler
                0x00000000080043b4       0x2c build/port.o
                0x00000000080043b4                xPortSysTickHandler
 .text.vPortSetupTimerInterrupt
                0x00000000080043e0       0x28 build/port.o
                0x00000000080043e0                vPortSetupTimerInterrupt
 .text.xPortStartScheduler
                0x0000000008004408      0x118 build/port.o
                0x0000000008004408                xPortStartScheduler
 .text.vPortValidateInterruptPriority
                0x0000000008004520       0x5c build/port.o
                0x0000000008004520                vPortValidateInterruptPriority
 .text._sbrk    0x000000000800457c       0x48 build/sysmem.o
                0x000000000800457c                _sbrk
 .text._read    0x00000000080045c4       0x20 build/syscalls.o
                0x00000000080045c4                _read
 .text._write   0x00000000080045e4       0x1c build/syscalls.o
                0x00000000080045e4                _write
 .text._close   0x0000000008004600        0x6 build/syscalls.o
                0x0000000008004600                _close
 .text._fstat   0x0000000008004606        0xa build/syscalls.o
                0x0000000008004606                _fstat
 .text._isatty  0x0000000008004610        0x4 build/syscalls.o
                0x0000000008004610                _isatty
 .text._lseek   0x0000000008004614        0x4 build/syscalls.o
                0x0000000008004614                _lseek
 .text.Reset_Handler
                0x0000000008004618       0x50 build/startup_stm32f411xe.o
                0x0000000008004618                Reset_Handler
 .text.Default_Handler
                0x0000000008004668        0x2 build/startup_stm32f411xe.o
                0x0000000008004668                RTC_Alarm_IRQHandler
                0x0000000008004668                EXTI2_IRQHandler
                0x0000000008004668                SPI4_IRQHandler
                0x0000000008004668                TIM1_CC_IRQHandler
                0x0000000008004668                DMA2_Stream5_IRQHandler
                0x0000000008004668                DMA1_Stream5_IRQHandler
                0x0000000008004668                PVD_IRQHandler
                0x0000000008004668                SDIO_IRQHandler
                0x0000000008004668                TAMP_STAMP_IRQHandler
                0x0000000008004668                EXTI3_IRQHandler
                0x0000000008004668                TIM1_UP_TIM10_IRQHandler
                0x0000000008004668                I2C3_ER_IRQHandler
                0x0000000008004668                EXTI0_IRQHandler
                0x0000000008004668                I2C2_EV_IRQHandler
                0x0000000008004668                DMA1_Stream2_IRQHandler
                0x0000000008004668                FPU_IRQHandler
                0x0000000008004668                DMA2_Stream2_IRQHandler
                0x0000000008004668                SPI1_IRQHandler
                0x0000000008004668                TIM1_BRK_TIM9_IRQHandler
                0x0000000008004668                DMA2_Stream3_IRQHandler
                0x0000000008004668                USART6_IRQHandler
                0x0000000008004668                TIM4_IRQHandler
                0x0000000008004668                I2C1_EV_IRQHandler
                0x0000000008004668                DMA1_Stream6_IRQHandler
                0x0000000008004668                DMA1_Stream1_IRQHandler
                0x0000000008004668                TIM3_IRQHandler
                0x0000000008004668                RCC_IRQHandler
                0x0000000008004668                Default_Handler
                0x0000000008004668                DMA1_Stream7_IRQHandler
                0x0000000008004668                SPI5_IRQHandler
                0x0000000008004668                TIM5_IRQHandler
                0x0000000008004668                DMA2_Stream7_IRQHandler
                0x0000000008004668                I2C3_EV_IRQHandler
                0x0000000008004668                EXTI9_5_IRQHandler
                0x0000000008004668                RTC_WKUP_IRQHandler
                0x0000000008004668                SPI2_IRQHandler
                0x0000000008004668                DMA1_Stream0_IRQHandler
                0x0000000008004668                EXTI4_IRQHandler
                0x0000000008004668                WWDG_IRQHandler
                0x0000000008004668                TIM2_IRQHandler
                0x0000000008004668                OTG_FS_WKUP_IRQHandler
                0x0000000008004668                EXTI1_IRQHandler
                0x0000000008004668                USART2_IRQHandler
                0x0000000008004668                I2C2_ER_IRQHandler
                0x0000000008004668                DMA2_Stream1_IRQHandler
                0x0000000008004668                FLASH_IRQHandler
                0x0000000008004668                DMA2_Stream4_IRQHandler
                0x0000000008004668                USART1_IRQHandler
                0x0000000008004668                OTG_FS_IRQHandler
                0x0000000008004668                SPI3_IRQHandler
                0x0000000008004668                DMA1_Stream4_IRQHandler
                0x0000000008004668                I2C1_ER_IRQHandler
                0x0000000008004668                DMA2_Stream6_IRQHandler
                0x0000000008004668                DMA1_Stream3_IRQHandler
 *fill*         0x000000000800466a        0x2 
 .text.__errno  0x000000000800466c        0xc /usr/local/bin/../lib/gcc/arm-none-eabi/10.3.1/../../../../arm-none-eabi/lib/thumb/v7e-m+fp/hard/libc_nano.a(lib_a-errno.o)
                0x000000000800466c                __errno
 .text.__libc_init_array
                0x0000000008004678       0x48 /usr/local/bin/../lib/gcc/arm-none-eabi/10.3.1/../../../../arm-none-eabi/lib/thumb/v7e-m+fp/hard/libc_nano.a(lib_a-init.o)
                0x0000000008004678                __libc_init_array
 .text.memcpy   0x00000000080046c0       0x1c /usr/local/bin/../lib/gcc/arm-none-eabi/10.3.1/../../../../arm-none-eabi/lib/thumb/v7e-m+fp/hard/libc_nano.a(lib_a-memcpy-stub.o)
                0x00000000080046c0                memcpy
 .text.memset   0x00000000080046dc       0x10 /usr/local/bin/../lib/gcc/arm-none-eabi/10.3.1/../../../../arm-none-eabi/lib/thumb/v7e-m+fp/hard/libc_nano.a(lib_a-memset.o)
                0x00000000080046dc                memset
 .text.printf   0x00000000080046ec       0x30 /usr/local/bin/../lib/gcc/arm-none-eabi/10.3.1/../../../../arm-none-eabi/lib/thumb/v7e-m+fp/hard/libc_nano.a(lib_a-printf.o)
                0x00000000080046ec                printf
                0x00000000080046ec                iprintf
 .text._puts_r  0x000000000800471c       0xdc /usr/local/bin/../lib/gcc/arm-none-eabi/10.3.1/../../../../arm-none-eabi/lib/thumb/v7e-m+fp/hard/libc_nano.a(lib_a-puts.o)
                0x000000000800471c                _puts_r
 .text.puts     0x00000000080047f8       0x10 /usr/local/bin/../lib/gcc/arm-none-eabi/10.3.1/../../../../arm-none-eabi/lib/thumb/v7e-m+fp/hard/libc_nano.a(lib_a-puts.o)
                0x00000000080047f8                puts
 .text.sprintf  0x0000000008004808       0x40 /usr/local/bin/../lib/gcc/arm-none-eabi/10.3.1/../../../../arm-none-eabi/lib/thumb/v7e-m+fp/hard/libc_nano.a(lib_a-sprintf.o)
                0x0000000008004808                sprintf
                0x0000000008004808                siprintf
 .text.strcpy   0x0000000008004848       0x10 /usr/local/bin/../lib/gcc/arm-none-eabi/10.3.1/../../../../arm-none-eabi/lib/thumb/v7e-m+fp/hard/libc_nano.a(lib_a-strcpy.o)
                0x0000000008004848                strcpy
 .text.__swbuf_r
                0x0000000008004858       0xa4 /usr/local/bin/../lib/gcc/arm-none-eabi/10.3.1/../../../../arm-none-eabi/lib/thumb/v7e-m+fp/hard/libc_nano.a(lib_a-wbuf.o)
                0x0000000008004858                __swbuf_r
 .text.__swsetup_r
                0x00000000080048fc       0xdc /usr/local/bin/../lib/gcc/arm-none-eabi/10.3.1/../../../../arm-none-eabi/lib/thumb/v7e-m+fp/hard/libc_nano.a(lib_a-wsetup.o)
                0x00000000080048fc                __swsetup_r
 .text.__sflush_r
                0x00000000080049d8      0x10c /usr/local/bin/../lib/gcc/arm-none-eabi/10.3.1/../../../../arm-none-eabi/lib/thumb/v7e-m+fp/hard/libc_nano.a(lib_a-fflush.o)
                0x00000000080049d8                __sflush_r
 .text._fflush_r
                0x0000000008004ae4       0x78 /usr/local/bin/../lib/gcc/arm-none-eabi/10.3.1/../../../../arm-none-eabi/lib/thumb/v7e-m+fp/hard/libc_nano.a(lib_a-fflush.o)
                0x0000000008004ae4                _fflush_r
 .text.std      0x0000000008004b5c       0x48 /usr/local/bin/../lib/gcc/arm-none-eabi/10.3.1/../../../../arm-none-eabi/lib/thumb/v7e-m+fp/hard/libc_nano.a(lib_a-findfp.o)
 .text._cleanup_r
                0x0000000008004ba4        0xc /usr/local/bin/../lib/gcc/arm-none-eabi/10.3.1/../../../../arm-none-eabi/lib/thumb/v7e-m+fp/hard/libc_nano.a(lib_a-findfp.o)
                0x0000000008004ba4                _cleanup_r
 .text.__sfmoreglue
                0x0000000008004bb0       0x2c /usr/local/bin/../lib/gcc/arm-none-eabi/10.3.1/../../../../arm-none-eabi/lib/thumb/v7e-m+fp/hard/libc_nano.a(lib_a-findfp.o)
                0x0000000008004bb0                __sfmoreglue
 .text.__sfp_lock_acquire
                0x0000000008004bdc        0xc /usr/local/bin/../lib/gcc/arm-none-eabi/10.3.1/../../../../arm-none-eabi/lib/thumb/v7e-m+fp/hard/libc_nano.a(lib_a-findfp.o)
                0x0000000008004bdc                __sfp_lock_acquire
 .text.__sfp_lock_release
                0x0000000008004be8        0xc /usr/local/bin/../lib/gcc/arm-none-eabi/10.3.1/../../../../arm-none-eabi/lib/thumb/v7e-m+fp/hard/libc_nano.a(lib_a-findfp.o)
                0x0000000008004be8                __sfp_lock_release
 .text.__sinit_lock_acquire
                0x0000000008004bf4        0xc /usr/local/bin/../lib/gcc/arm-none-eabi/10.3.1/../../../../arm-none-eabi/lib/thumb/v7e-m+fp/hard/libc_nano.a(lib_a-findfp.o)
                0x0000000008004bf4                __sinit_lock_acquire
 .text.__sinit_lock_release
                0x0000000008004c00        0xc /usr/local/bin/../lib/gcc/arm-none-eabi/10.3.1/../../../../arm-none-eabi/lib/thumb/v7e-m+fp/hard/libc_nano.a(lib_a-findfp.o)
                0x0000000008004c00                __sinit_lock_release
 .text.__sinit  0x0000000008004c0c       0x70 /usr/local/bin/../lib/gcc/arm-none-eabi/10.3.1/../../../../arm-none-eabi/lib/thumb/v7e-m+fp/hard/libc_nano.a(lib_a-findfp.o)
                0x0000000008004c0c                __sinit
 .text.__sfp    0x0000000008004c7c       0x8c /usr/local/bin/../lib/gcc/arm-none-eabi/10.3.1/../../../../arm-none-eabi/lib/thumb/v7e-m+fp/hard/libc_nano.a(lib_a-findfp.o)
                0x0000000008004c7c                __sfp
 .text._fwalk_reent
                0x0000000008004d08       0x3e /usr/local/bin/../lib/gcc/arm-none-eabi/10.3.1/../../../../arm-none-eabi/lib/thumb/v7e-m+fp/hard/libc_nano.a(lib_a-fwalk.o)
                0x0000000008004d08                _fwalk_reent
 .text.__retarget_lock_init_recursive
                0x0000000008004d46        0x2 /usr/local/bin/../lib/gcc/arm-none-eabi/10.3.1/../../../../arm-none-eabi/lib/thumb/v7e-m+fp/hard/libc_nano.a(lib_a-lock.o)
                0x0000000008004d46                __retarget_lock_init_recursive
 .text.__retarget_lock_acquire_recursive
                0x0000000008004d48        0x2 /usr/local/bin/../lib/gcc/arm-none-eabi/10.3.1/../../../../arm-none-eabi/lib/thumb/v7e-m+fp/hard/libc_nano.a(lib_a-lock.o)
                0x0000000008004d48                __retarget_lock_acquire_recursive
 .text.__retarget_lock_release_recursive
                0x0000000008004d4a        0x2 /usr/local/bin/../lib/gcc/arm-none-eabi/10.3.1/../../../../arm-none-eabi/lib/thumb/v7e-m+fp/hard/libc_nano.a(lib_a-lock.o)
                0x0000000008004d4a                __retarget_lock_release_recursive
 .text.__swhatbuf_r
                0x0000000008004d4c       0x4a /usr/local/bin/../lib/gcc/arm-none-eabi/10.3.1/../../../../arm-none-eabi/lib/thumb/v7e-m+fp/hard/libc_nano.a(lib_a-makebuf.o)
                0x0000000008004d4c                __swhatbuf_r
 *fill*         0x0000000008004d96        0x2 
 .text.__smakebuf_r
                0x0000000008004d98       0x80 /usr/local/bin/../lib/gcc/arm-none-eabi/10.3.1/../../../../arm-none-eabi/lib/thumb/v7e-m+fp/hard/libc_nano.a(lib_a-makebuf.o)
                0x0000000008004d98                __smakebuf_r
 .text._free_r  0x0000000008004e18       0x98 /usr/local/bin/../lib/gcc/arm-none-eabi/10.3.1/../../../../arm-none-eabi/lib/thumb/v7e-m+fp/hard/libc_nano.a(lib_a-nano-freer.o)
                0x0000000008004e18                _free_r
 .text.sbrk_aligned
                0x0000000008004eb0       0x40 /usr/local/bin/../lib/gcc/arm-none-eabi/10.3.1/../../../../arm-none-eabi/lib/thumb/v7e-m+fp/hard/libc_nano.a(lib_a-nano-mallocr.o)
 .text._malloc_r
                0x0000000008004ef0       0xe8 /usr/local/bin/../lib/gcc/arm-none-eabi/10.3.1/../../../../arm-none-eabi/lib/thumb/v7e-m+fp/hard/libc_nano.a(lib_a-nano-mallocr.o)
                0x0000000008004ef0                _malloc_r
 .text.__ssputs_r
                0x0000000008004fd8       0xb6 /usr/local/bin/../lib/gcc/arm-none-eabi/10.3.1/../../../../arm-none-eabi/lib/thumb/v7e-m+fp/hard/libc_nano.a(lib_a-nano-svfprintf.o)
                0x0000000008004fd8                __ssputs_r
 *fill*         0x000000000800508e        0x2 
 .text._svfprintf_r
                0x0000000008005090      0x200 /usr/local/bin/../lib/gcc/arm-none-eabi/10.3.1/../../../../arm-none-eabi/lib/thumb/v7e-m+fp/hard/libc_nano.a(lib_a-nano-svfprintf.o)
                0x0000000008005090                _svfprintf_r
                0x0000000008005090                _svfiprintf_r
 .text.__sfputc_r
                0x0000000008005290       0x2e /usr/local/bin/../lib/gcc/arm-none-eabi/10.3.1/../../../../arm-none-eabi/lib/thumb/v7e-m+fp/hard/libc_nano.a(lib_a-nano-vfprintf.o)
 .text.__sfputs_r
                0x00000000080052be       0x24 /usr/local/bin/../lib/gcc/arm-none-eabi/10.3.1/../../../../arm-none-eabi/lib/thumb/v7e-m+fp/hard/libc_nano.a(lib_a-nano-vfprintf.o)
                0x00000000080052be                __sfputs_r
 *fill*         0x00000000080052e2        0x2 
 .text._vfprintf_r
                0x00000000080052e4      0x260 /usr/local/bin/../lib/gcc/arm-none-eabi/10.3.1/../../../../arm-none-eabi/lib/thumb/v7e-m+fp/hard/libc_nano.a(lib_a-nano-vfprintf.o)
                0x00000000080052e4                _vfiprintf_r
                0x00000000080052e4                _vfprintf_r
 .text._printf_common
                0x0000000008005544       0xda /usr/local/bin/../lib/gcc/arm-none-eabi/10.3.1/../../../../arm-none-eabi/lib/thumb/v7e-m+fp/hard/libc_nano.a(lib_a-nano-vfprintf_i.o)
                0x0000000008005544                _printf_common
 *fill*         0x000000000800561e        0x2 
 .text._printf_i
                0x0000000008005620      0x24c /usr/local/bin/../lib/gcc/arm-none-eabi/10.3.1/../../../../arm-none-eabi/lib/thumb/v7e-m+fp/hard/libc_nano.a(lib_a-nano-vfprintf_i.o)
                0x0000000008005620                _printf_i
 .text._sbrk_r  0x000000000800586c       0x20 /usr/local/bin/../lib/gcc/arm-none-eabi/10.3.1/../../../../arm-none-eabi/lib/thumb/v7e-m+fp/hard/libc_nano.a(lib_a-sbrkr.o)
                0x000000000800586c                _sbrk_r
 .text.__sread  0x000000000800588c       0x22 /usr/local/bin/../lib/gcc/arm-none-eabi/10.3.1/../../../../arm-none-eabi/lib/thumb/v7e-m+fp/hard/libc_nano.a(lib_a-stdio.o)
                0x000000000800588c                __sread
 .text.__swrite
                0x00000000080058ae       0x38 /usr/local/bin/../lib/gcc/arm-none-eabi/10.3.1/../../../../arm-none-eabi/lib/thumb/v7e-m+fp/hard/libc_nano.a(lib_a-stdio.o)
                0x00000000080058ae                __swrite
 .text.__sseek  0x00000000080058e6       0x24 /usr/local/bin/../lib/gcc/arm-none-eabi/10.3.1/../../../../arm-none-eabi/lib/thumb/v7e-m+fp/hard/libc_nano.a(lib_a-stdio.o)
                0x00000000080058e6                __sseek
 .text.__sclose
                0x000000000800590a        0x8 /usr/local/bin/../lib/gcc/arm-none-eabi/10.3.1/../../../../arm-none-eabi/lib/thumb/v7e-m+fp/hard/libc_nano.a(lib_a-stdio.o)
                0x000000000800590a                __sclose
 *fill*         0x0000000008005912        0x2 
 .text._write_r
                0x0000000008005914       0x24 /usr/local/bin/../lib/gcc/arm-none-eabi/10.3.1/../../../../arm-none-eabi/lib/thumb/v7e-m+fp/hard/libc_nano.a(lib_a-writer.o)
                0x0000000008005914                _write_r
 .text._close_r
                0x0000000008005938       0x20 /usr/local/bin/../lib/gcc/arm-none-eabi/10.3.1/../../../../arm-none-eabi/lib/thumb/v7e-m+fp/hard/libc_nano.a(lib_a-closer.o)
                0x0000000008005938                _close_r
 .text._fstat_r
                0x0000000008005958       0x24 /usr/local/bin/../lib/gcc/arm-none-eabi/10.3.1/../../../../arm-none-eabi/lib/thumb/v7e-m+fp/hard/libc_nano.a(lib_a-fstatr.o)
                0x0000000008005958                _fstat_r
 .text._isatty_r
                0x000000000800597c       0x20 /usr/local/bin/../lib/gcc/arm-none-eabi/10.3.1/../../../../arm-none-eabi/lib/thumb/v7e-m+fp/hard/libc_nano.a(lib_a-isattyr.o)
                0x000000000800597c                _isatty_r
 .text._lseek_r
                0x000000000800599c       0x24 /usr/local/bin/../lib/gcc/arm-none-eabi/10.3.1/../../../../arm-none-eabi/lib/thumb/v7e-m+fp/hard/libc_nano.a(lib_a-lseekr.o)
                0x000000000800599c                _lseek_r
 .text.memmove  0x00000000080059c0       0x34 /usr/local/bin/../lib/gcc/arm-none-eabi/10.3.1/../../../../arm-none-eabi/lib/thumb/v7e-m+fp/hard/libc_nano.a(lib_a-memmove.o)
                0x00000000080059c0                memmove
 .text.__malloc_lock
                0x00000000080059f4        0xc /usr/local/bin/../lib/gcc/arm-none-eabi/10.3.1/../../../../arm-none-eabi/lib/thumb/v7e-m+fp/hard/libc_nano.a(lib_a-mlock.o)
                0x00000000080059f4                __malloc_lock
 .text.__malloc_unlock
                0x0000000008005a00        0xc /usr/local/bin/../lib/gcc/arm-none-eabi/10.3.1/../../../../arm-none-eabi/lib/thumb/v7e-m+fp/hard/libc_nano.a(lib_a-mlock.o)
                0x0000000008005a00                __malloc_unlock
 .text._realloc_r
                0x0000000008005a0c       0x5e /usr/local/bin/../lib/gcc/arm-none-eabi/10.3.1/../../../../arm-none-eabi/lib/thumb/v7e-m+fp/hard/libc_nano.a(lib_a-nano-reallocr.o)
                0x0000000008005a0c                _realloc_r
 *fill*         0x0000000008005a6a        0x2 
 .text._read_r  0x0000000008005a6c       0x24 /usr/local/bin/../lib/gcc/arm-none-eabi/10.3.1/../../../../arm-none-eabi/lib/thumb/v7e-m+fp/hard/libc_nano.a(lib_a-readr.o)
                0x0000000008005a6c                _read_r
 .text._malloc_usable_size_r
                0x0000000008005a90       0x10 /usr/local/bin/../lib/gcc/arm-none-eabi/10.3.1/../../../../arm-none-eabi/lib/thumb/v7e-m+fp/hard/libc_nano.a(lib_a-nano-msizer.o)
                0x0000000008005a90                _malloc_usable_size_r
 *(.glue_7)
 .glue_7        0x0000000008005aa0        0x0 linker stubs
 *(.glue_7t)
 .glue_7t       0x0000000008005aa0        0x0 linker stubs
 *(.eh_frame)
 .eh_frame      0x0000000008005aa0        0x0 /usr/local/bin/../lib/gcc/arm-none-eabi/10.3.1/thumb/v7e-m+fp/hard/crtbegin.o
 *(.init)
 .init          0x0000000008005aa0        0x4 /usr/local/bin/../lib/gcc/arm-none-eabi/10.3.1/thumb/v7e-m+fp/hard/crti.o
                0x0000000008005aa0                _init
 .init          0x0000000008005aa4        0x8 /usr/local/bin/../lib/gcc/arm-none-eabi/10.3.1/thumb/v7e-m+fp/hard/crtn.o
 *(.fini)
 .fini          0x0000000008005aac        0x4 /usr/local/bin/../lib/gcc/arm-none-eabi/10.3.1/thumb/v7e-m+fp/hard/crti.o
                0x0000000008005aac                _fini
 .fini          0x0000000008005ab0        0x8 /usr/local/bin/../lib/gcc/arm-none-eabi/10.3.1/thumb/v7e-m+fp/hard/crtn.o
                0x0000000008005ab8                . = ALIGN (0x4)
                0x0000000008005ab8                _etext = .

.vfp11_veneer   0x0000000008005ab8        0x0
 .vfp11_veneer  0x0000000008005ab8        0x0 linker stubs

.v4_bx          0x0000000008005ab8        0x0
 .v4_bx         0x0000000008005ab8        0x0 linker stubs

.iplt           0x0000000008005ab8        0x0
 .iplt          0x0000000008005ab8        0x0 /usr/local/bin/../lib/gcc/arm-none-eabi/10.3.1/thumb/v7e-m+fp/hard/crtbegin.o

.rodata         0x0000000008005ab8      0x2f0
                0x0000000008005ab8                . = ALIGN (0x4)
 *(.rodata)
 *(.rodata*)
 .rodata.TaskAdd.str1.4
                0x0000000008005ab8       0x28 build/main.o
 .rodata.getStatusName.str1.4
                0x0000000008005ae0       0x94 build/main.o
 .rodata.StartTask03.str1.4
                0x0000000008005b74       0x38 build/main.o
 .rodata.StartTask04.str1.4
                0x0000000008005bac       0x1f build/main.o
 *fill*         0x0000000008005bcb        0x1 
 .rodata.StartTask05.str1.4
                0x0000000008005bcc       0xc8 build/main.o
 .rodata.main.str1.4
                0x0000000008005c94       0x31 build/main.o
 *fill*         0x0000000008005cc5        0x3 
 .rodata.flagBitshiftOffset.0
                0x0000000008005cc8        0x8 build/stm32f4xx_hal_dma.o
 .rodata.AHBPrescTable
                0x0000000008005cd0       0x10 build/system_stm32f4xx.o
                0x0000000008005cd0                AHBPrescTable
 .rodata.APBPrescTable
                0x0000000008005ce0        0x8 build/system_stm32f4xx.o
                0x0000000008005ce0                APBPrescTable
 .rodata.vTaskStartScheduler.str1.4
                0x0000000008005ce8        0x5 build/tasks.o
 *fill*         0x0000000008005ced        0x3 
 .rodata.vTaskList.str1.4
                0x0000000008005cf0        0xf build/tasks.o
 *fill*         0x0000000008005cff        0x1 
 .rodata.prvCheckForValidListAndQueue.str1.4
                0x0000000008005d00        0x5 build/timers.o
 *fill*         0x0000000008005d05        0x3 
 .rodata.xTimerCreateTimerTask.str1.4
                0x0000000008005d08        0x8 build/timers.o
 .rodata._global_impure_ptr
                0x0000000008005d10        0x4 /usr/local/bin/../lib/gcc/arm-none-eabi/10.3.1/../../../../arm-none-eabi/lib/thumb/v7e-m+fp/hard/libc_nano.a(lib_a-impure.o)
                0x0000000008005d10                _global_impure_ptr
 .rodata.__sf_fake_stderr
                0x0000000008005d14       0x20 /usr/local/bin/../lib/gcc/arm-none-eabi/10.3.1/../../../../arm-none-eabi/lib/thumb/v7e-m+fp/hard/libc_nano.a(lib_a-findfp.o)
                0x0000000008005d14                __sf_fake_stderr
 .rodata.__sf_fake_stdin
                0x0000000008005d34       0x20 /usr/local/bin/../lib/gcc/arm-none-eabi/10.3.1/../../../../arm-none-eabi/lib/thumb/v7e-m+fp/hard/libc_nano.a(lib_a-findfp.o)
                0x0000000008005d34                __sf_fake_stdin
 .rodata.__sf_fake_stdout
                0x0000000008005d54       0x20 /usr/local/bin/../lib/gcc/arm-none-eabi/10.3.1/../../../../arm-none-eabi/lib/thumb/v7e-m+fp/hard/libc_nano.a(lib_a-findfp.o)
                0x0000000008005d54                __sf_fake_stdout
 .rodata._svfprintf_r.str1.1
                0x0000000008005d74       0x11 /usr/local/bin/../lib/gcc/arm-none-eabi/10.3.1/../../../../arm-none-eabi/lib/thumb/v7e-m+fp/hard/libc_nano.a(lib_a-nano-svfprintf.o)
 .rodata._vfprintf_r.str1.1
                0x0000000008005d85       0x11 /usr/local/bin/../lib/gcc/arm-none-eabi/10.3.1/../../../../arm-none-eabi/lib/thumb/v7e-m+fp/hard/libc_nano.a(lib_a-nano-vfprintf.o)
 .rodata._printf_i.str1.1
                0x0000000008005d85       0x22 /usr/local/bin/../lib/gcc/arm-none-eabi/10.3.1/../../../../arm-none-eabi/lib/thumb/v7e-m+fp/hard/libc_nano.a(lib_a-nano-vfprintf_i.o)
                0x0000000008005da8                . = ALIGN (0x4)
 *fill*         0x0000000008005da7        0x1 

.ARM.extab
 *(.ARM.extab* .gnu.linkonce.armextab.*)

.ARM            0x0000000008005da8        0x8
                0x0000000008005da8                __exidx_start = .
 *(.ARM.exidx*)
 .ARM.exidx     0x0000000008005da8        0x8 /usr/local/bin/../lib/gcc/arm-none-eabi/10.3.1/thumb/v7e-m+fp/hard/libgcc.a(_udivmoddi4.o)
                0x0000000008005db0                __exidx_end = .

.rel.dyn        0x0000000008005db0        0x0
 .rel.iplt      0x0000000008005db0        0x0 /usr/local/bin/../lib/gcc/arm-none-eabi/10.3.1/thumb/v7e-m+fp/hard/crtbegin.o

.preinit_array  0x0000000008005db0        0x0
                0x0000000008005db0                PROVIDE (__preinit_array_start = .)
 *(.preinit_array*)
                0x0000000008005db0                PROVIDE (__preinit_array_end = .)

.init_array     0x0000000008005db0        0x4
                0x0000000008005db0                PROVIDE (__init_array_start = .)
 *(SORT_BY_NAME(.init_array.*))
 *(.init_array*)
 .init_array    0x0000000008005db0        0x4 /usr/local/bin/../lib/gcc/arm-none-eabi/10.3.1/thumb/v7e-m+fp/hard/crtbegin.o
                0x0000000008005db4                PROVIDE (__init_array_end = .)

.fini_array     0x0000000008005db4        0x4
                [!provide]                        PROVIDE (__fini_array_start = .)
 *(SORT_BY_NAME(.fini_array.*))
 *(.fini_array*)
 .fini_array    0x0000000008005db4        0x4 /usr/local/bin/../lib/gcc/arm-none-eabi/10.3.1/thumb/v7e-m+fp/hard/crtbegin.o
                [!provide]                        PROVIDE (__fini_array_end = .)
                0x0000000008005db8                _sidata = LOADADDR (.data)

.data           0x0000000020000000       0x74 load address 0x0000000008005db8
                0x0000000020000000                . = ALIGN (0x4)
                0x0000000020000000                _sdata = .
 *(.data)
 *(.data*)
 .data.uwTickFreq
                0x0000000020000000        0x1 build/stm32f4xx_hal.o
                0x0000000020000000                uwTickFreq
 *fill*         0x0000000020000001        0x3 
 .data.uwTickPrio
                0x0000000020000004        0x4 build/stm32f4xx_hal.o
                0x0000000020000004                uwTickPrio
 .data.SystemCoreClock
                0x0000000020000008        0x4 build/system_stm32f4xx.o
                0x0000000020000008                SystemCoreClock
 .data.uxCriticalNesting
                0x000000002000000c        0x4 build/port.o
 .data._impure_ptr
                0x0000000020000010        0x4 /usr/local/bin/../lib/gcc/arm-none-eabi/10.3.1/../../../../arm-none-eabi/lib/thumb/v7e-m+fp/hard/libc_nano.a(lib_a-impure.o)
                0x0000000020000010                _impure_ptr
 .data.impure_data
                0x0000000020000014       0x60 /usr/local/bin/../lib/gcc/arm-none-eabi/10.3.1/../../../../arm-none-eabi/lib/thumb/v7e-m+fp/hard/libc_nano.a(lib_a-impure.o)
                0x0000000020000074                . = ALIGN (0x4)
                0x0000000020000074                _edata = .

.igot.plt       0x0000000020000074        0x0 load address 0x0000000008005e2c
 .igot.plt      0x0000000020000074        0x0 /usr/local/bin/../lib/gcc/arm-none-eabi/10.3.1/thumb/v7e-m+fp/hard/crtbegin.o
                0x0000000020000074                . = ALIGN (0x4)

.bss            0x0000000020000074     0x4afc load address 0x0000000008005e2c
                0x0000000020000074                _sbss = .
                0x0000000020000074                __bss_start__ = _sbss
 *(.bss)
 .bss           0x0000000020000074       0x1c /usr/local/bin/../lib/gcc/arm-none-eabi/10.3.1/thumb/v7e-m+fp/hard/crtbegin.o
 *(.bss*)
 .bss.ClrScrFlag
                0x0000000020000090        0x1 build/main.o
                0x0000000020000090                ClrScrFlag
 *fill*         0x0000000020000091        0x3 
 .bss.Task03Handle
                0x0000000020000094        0x4 build/main.o
                0x0000000020000094                Task03Handle
 .bss.Task04Handle
                0x0000000020000098        0x4 build/main.o
                0x0000000020000098                Task04Handle
 .bss.Task05Handle
                0x000000002000009c        0x4 build/main.o
                0x000000002000009c                Task05Handle
 .bss.TaskList_Buffer
                0x00000000200000a0       0x32 build/main.o
                0x00000000200000a0                TaskList_Buffer
 *fill*         0x00000000200000d2        0x2 
 .bss.hadc1     0x00000000200000d4       0x48 build/main.o
                0x00000000200000d4                hadc1
 .bss.hdma_adc1
                0x000000002000011c       0x60 build/main.o
                0x000000002000011c                hdma_adc1
 .bss.huart2    0x000000002000017c       0x48 build/main.o
                0x000000002000017c                huart2
 .bss.htim11    0x00000000200001c4       0x48 build/stm32f4xx_hal_timebase_tim.o
                0x00000000200001c4                htim11
 .bss.uwTick    0x000000002000020c        0x4 build/stm32f4xx_hal.o
                0x000000002000020c                uwTick
 .bss.xQueueRegistry
                0x0000000020000210       0x40 build/queue.o
                0x0000000020000210                xQueueRegistry
 .bss.pxCurrentTCB
                0x0000000020000250        0x4 build/tasks.o
                0x0000000020000250                pxCurrentTCB
 .bss.pxDelayedTaskList
                0x0000000020000254        0x4 build/tasks.o
 .bss.pxOverflowDelayedTaskList
                0x0000000020000258        0x4 build/tasks.o
 .bss.pxReadyTasksLists
                0x000000002000025c      0x460 build/tasks.o
 .bss.uxCurrentNumberOfTasks
                0x00000000200006bc        0x4 build/tasks.o
 .bss.uxDeletedTasksWaitingCleanUp
                0x00000000200006c0        0x4 build/tasks.o
 .bss.uxSchedulerSuspended
                0x00000000200006c4        0x4 build/tasks.o
 .bss.uxTaskNumber
                0x00000000200006c8        0x4 build/tasks.o
 .bss.uxTopReadyPriority
                0x00000000200006cc        0x4 build/tasks.o
 .bss.xDelayedTaskList1
                0x00000000200006d0       0x14 build/tasks.o
 .bss.xDelayedTaskList2
                0x00000000200006e4       0x14 build/tasks.o
 .bss.xIdleTaskHandle
                0x00000000200006f8        0x4 build/tasks.o
 .bss.xNextTaskUnblockTime
                0x00000000200006fc        0x4 build/tasks.o
 .bss.xNumOfOverflows
                0x0000000020000700        0x4 build/tasks.o
 .bss.xPendedTicks
                0x0000000020000704        0x4 build/tasks.o
 .bss.xPendingReadyList
                0x0000000020000708       0x14 build/tasks.o
 .bss.xSchedulerRunning
                0x000000002000071c        0x4 build/tasks.o
 .bss.xSuspendedTaskList
                0x0000000020000720       0x14 build/tasks.o
 .bss.xTasksWaitingTermination
                0x0000000020000734       0x14 build/tasks.o
 .bss.xTickCount
                0x0000000020000748        0x4 build/tasks.o
 .bss.xYieldPending
                0x000000002000074c        0x4 build/tasks.o
 .bss.pxCurrentTimerList
                0x0000000020000750        0x4 build/timers.o
 .bss.pxOverflowTimerList
                0x0000000020000754        0x4 build/timers.o
 .bss.ucStaticTimerQueueStorage.1
                0x0000000020000758       0xa0 build/timers.o
 .bss.xActiveTimerList1
                0x00000000200007f8       0x14 build/timers.o
 .bss.xActiveTimerList2
                0x000000002000080c       0x14 build/timers.o
 .bss.xLastTime.2
                0x0000000020000820        0x4 build/timers.o
 .bss.xStaticTimerQueue.0
                0x0000000020000824       0x50 build/timers.o
 .bss.xTimerQueue
                0x0000000020000874        0x4 build/timers.o
 .bss.xTimerTaskHandle
                0x0000000020000878        0x4 build/timers.o
 .bss.Idle_Stack.2
                0x000000002000087c      0x200 build/cmsis_os2.o
 .bss.Idle_TCB.3
                0x0000000020000a7c       0x5c build/cmsis_os2.o
 .bss.Timer_Stack.0
                0x0000000020000ad8      0x400 build/cmsis_os2.o
 .bss.Timer_TCB.1
                0x0000000020000ed8       0x5c build/cmsis_os2.o
 .bss.pxEnd     0x0000000020000f34        0x4 build/heap_4.o
 .bss.ucHeap    0x0000000020000f38     0x3c00 build/heap_4.o
 .bss.xBlockAllocatedBit
                0x0000000020004b38        0x4 build/heap_4.o
 .bss.xFreeBytesRemaining
                0x0000000020004b3c        0x4 build/heap_4.o
 .bss.xMinimumEverFreeBytesRemaining
                0x0000000020004b40        0x4 build/heap_4.o
 .bss.xNumberOfSuccessfulAllocations
                0x0000000020004b44        0x4 build/heap_4.o
 .bss.xNumberOfSuccessfulFrees
                0x0000000020004b48        0x4 build/heap_4.o
 .bss.xStart    0x0000000020004b4c        0x8 build/heap_4.o
 .bss.ucMaxSysCallPriority
                0x0000000020004b54        0x1 build/port.o
 *fill*         0x0000000020004b55        0x3 
 .bss.ulMaxPRIGROUPValue
                0x0000000020004b58        0x4 build/port.o
 .bss.__sbrk_heap_end
                0x0000000020004b5c        0x4 build/sysmem.o
 .bss.__lock___malloc_recursive_mutex
                0x0000000020004b60        0x1 /usr/local/bin/../lib/gcc/arm-none-eabi/10.3.1/../../../../arm-none-eabi/lib/thumb/v7e-m+fp/hard/libc_nano.a(lib_a-lock.o)
                0x0000000020004b60                __lock___malloc_recursive_mutex
 .bss.__lock___sfp_recursive_mutex
                0x0000000020004b61        0x1 /usr/local/bin/../lib/gcc/arm-none-eabi/10.3.1/../../../../arm-none-eabi/lib/thumb/v7e-m+fp/hard/libc_nano.a(lib_a-lock.o)
                0x0000000020004b61                __lock___sfp_recursive_mutex
 .bss.__lock___sinit_recursive_mutex
                0x0000000020004b62        0x1 /usr/local/bin/../lib/gcc/arm-none-eabi/10.3.1/../../../../arm-none-eabi/lib/thumb/v7e-m+fp/hard/libc_nano.a(lib_a-lock.o)
                0x0000000020004b62                __lock___sinit_recursive_mutex
 *fill*         0x0000000020004b63        0x1 
 .bss.__malloc_free_list
                0x0000000020004b64        0x4 /usr/local/bin/../lib/gcc/arm-none-eabi/10.3.1/../../../../arm-none-eabi/lib/thumb/v7e-m+fp/hard/libc_nano.a(lib_a-nano-mallocr.o)
                0x0000000020004b64                __malloc_free_list
 .bss.__malloc_sbrk_start
                0x0000000020004b68        0x4 /usr/local/bin/../lib/gcc/arm-none-eabi/10.3.1/../../../../arm-none-eabi/lib/thumb/v7e-m+fp/hard/libc_nano.a(lib_a-nano-mallocr.o)
                0x0000000020004b68                __malloc_sbrk_start
 .bss.errno     0x0000000020004b6c        0x4 /usr/local/bin/../lib/gcc/arm-none-eabi/10.3.1/../../../../arm-none-eabi/lib/thumb/v7e-m+fp/hard/libc_nano.a(lib_a-reent.o)
                0x0000000020004b6c                errno
 *(COMMON)
                0x0000000020004b70                . = ALIGN (0x4)
                0x0000000020004b70                _ebss = .
                0x0000000020004b70                __bss_end__ = _ebss

._user_heap_stack
                0x0000000020004b70      0x600 load address 0x0000000008005e2c
                0x0000000020004b70                . = ALIGN (0x8)
                [!provide]                        PROVIDE (end = .)
                0x0000000020004b70                PROVIDE (_end = .)
                0x0000000020004d70                . = (. + _Min_Heap_Size)
 *fill*         0x0000000020004b70      0x200 
                0x0000000020005170                . = (. + _Min_Stack_Size)
 *fill*         0x0000000020004d70      0x400 
                0x0000000020005170                . = ALIGN (0x8)

/DISCARD/
 libc.a(*)
 libm.a(*)
 libgcc.a(*)

.ARM.attributes
                0x0000000000000000       0x30
 *(.ARM.attributes)
 .ARM.attributes
                0x0000000000000000       0x1e /usr/local/bin/../lib/gcc/arm-none-eabi/10.3.1/thumb/v7e-m+fp/hard/crti.o
 .ARM.attributes
                0x000000000000001e       0x34 /usr/local/bin/../lib/gcc/arm-none-eabi/10.3.1/thumb/v7e-m+fp/hard/crtbegin.o
 .ARM.attributes
                0x0000000000000052       0x34 build/main.o
 .ARM.attributes
                0x0000000000000086       0x34 build/stm32f4xx_it.o
 .ARM.attributes
                0x00000000000000ba       0x34 build/stm32f4xx_hal_msp.o
 .ARM.attributes
                0x00000000000000ee       0x34 build/stm32f4xx_hal_timebase_tim.o
 .ARM.attributes
                0x0000000000000122       0x34 build/stm32f4xx_hal_adc.o
 .ARM.attributes
                0x0000000000000156       0x34 build/stm32f4xx_hal_adc_ex.o
 .ARM.attributes
                0x000000000000018a       0x34 build/stm32f4xx_hal_rcc.o
 .ARM.attributes
                0x00000000000001be       0x34 build/stm32f4xx_hal_gpio.o
 .ARM.attributes
                0x00000000000001f2       0x34 build/stm32f4xx_hal_dma.o
 .ARM.attributes
                0x0000000000000226       0x34 build/stm32f4xx_hal_cortex.o
 .ARM.attributes
                0x000000000000025a       0x34 build/stm32f4xx_hal.o
 .ARM.attributes
                0x000000000000028e       0x34 build/stm32f4xx_hal_tim.o
 .ARM.attributes
                0x00000000000002c2       0x34 build/stm32f4xx_hal_tim_ex.o
 .ARM.attributes
                0x00000000000002f6       0x34 build/stm32f4xx_hal_uart.o
 .ARM.attributes
                0x000000000000032a       0x34 build/system_stm32f4xx.o
 .ARM.attributes
                0x000000000000035e       0x34 build/list.o
 .ARM.attributes
                0x0000000000000392       0x34 build/queue.o
 .ARM.attributes
                0x00000000000003c6       0x34 build/tasks.o
 .ARM.attributes
                0x00000000000003fa       0x34 build/timers.o
 .ARM.attributes
                0x000000000000042e       0x34 build/cmsis_os2.o
 .ARM.attributes
                0x0000000000000462       0x34 build/heap_4.o
 .ARM.attributes
                0x0000000000000496       0x34 build/port.o
 .ARM.attributes
                0x00000000000004ca       0x34 build/sysmem.o
 .ARM.attributes
                0x00000000000004fe       0x34 build/syscalls.o
 .ARM.attributes
                0x0000000000000532       0x21 build/startup_stm32f411xe.o
 .ARM.attributes
                0x0000000000000553       0x34 /usr/local/bin/../lib/gcc/arm-none-eabi/10.3.1/../../../../arm-none-eabi/lib/thumb/v7e-m+fp/hard/libc_nano.a(lib_a-errno.o)
 .ARM.attributes
                0x0000000000000587       0x34 /usr/local/bin/../lib/gcc/arm-none-eabi/10.3.1/../../../../arm-none-eabi/lib/thumb/v7e-m+fp/hard/libc_nano.a(lib_a-impure.o)
 .ARM.attributes
                0x00000000000005bb       0x34 /usr/local/bin/../lib/gcc/arm-none-eabi/10.3.1/../../../../arm-none-eabi/lib/thumb/v7e-m+fp/hard/libc_nano.a(lib_a-init.o)
 .ARM.attributes
                0x00000000000005ef       0x34 /usr/local/bin/../lib/gcc/arm-none-eabi/10.3.1/../../../../arm-none-eabi/lib/thumb/v7e-m+fp/hard/libc_nano.a(lib_a-memcpy-stub.o)
 .ARM.attributes
                0x0000000000000623       0x34 /usr/local/bin/../lib/gcc/arm-none-eabi/10.3.1/../../../../arm-none-eabi/lib/thumb/v7e-m+fp/hard/libc_nano.a(lib_a-memset.o)
 .ARM.attributes
                0x0000000000000657       0x34 /usr/local/bin/../lib/gcc/arm-none-eabi/10.3.1/../../../../arm-none-eabi/lib/thumb/v7e-m+fp/hard/libc_nano.a(lib_a-printf.o)
 .ARM.attributes
                0x000000000000068b       0x34 /usr/local/bin/../lib/gcc/arm-none-eabi/10.3.1/../../../../arm-none-eabi/lib/thumb/v7e-m+fp/hard/libc_nano.a(lib_a-puts.o)
 .ARM.attributes
                0x00000000000006bf       0x34 /usr/local/bin/../lib/gcc/arm-none-eabi/10.3.1/../../../../arm-none-eabi/lib/thumb/v7e-m+fp/hard/libc_nano.a(lib_a-sprintf.o)
 .ARM.attributes
                0x00000000000006f3       0x34 /usr/local/bin/../lib/gcc/arm-none-eabi/10.3.1/../../../../arm-none-eabi/lib/thumb/v7e-m+fp/hard/libc_nano.a(lib_a-strcpy.o)
 .ARM.attributes
                0x0000000000000727       0x17 /usr/local/bin/../lib/gcc/arm-none-eabi/10.3.1/../../../../arm-none-eabi/lib/thumb/v7e-m+fp/hard/libc_nano.a(lib_a-strlen.o)
 .ARM.attributes
                0x000000000000073e       0x34 /usr/local/bin/../lib/gcc/arm-none-eabi/10.3.1/../../../../arm-none-eabi/lib/thumb/v7e-m+fp/hard/libc_nano.a(lib_a-wbuf.o)
 .ARM.attributes
                0x0000000000000772       0x34 /usr/local/bin/../lib/gcc/arm-none-eabi/10.3.1/../../../../arm-none-eabi/lib/thumb/v7e-m+fp/hard/libc_nano.a(lib_a-wsetup.o)
 .ARM.attributes
                0x00000000000007a6       0x34 /usr/local/bin/../lib/gcc/arm-none-eabi/10.3.1/../../../../arm-none-eabi/lib/thumb/v7e-m+fp/hard/libc_nano.a(lib_a-fflush.o)
 .ARM.attributes
                0x00000000000007da       0x34 /usr/local/bin/../lib/gcc/arm-none-eabi/10.3.1/../../../../arm-none-eabi/lib/thumb/v7e-m+fp/hard/libc_nano.a(lib_a-findfp.o)
 .ARM.attributes
                0x000000000000080e       0x34 /usr/local/bin/../lib/gcc/arm-none-eabi/10.3.1/../../../../arm-none-eabi/lib/thumb/v7e-m+fp/hard/libc_nano.a(lib_a-fwalk.o)
 .ARM.attributes
                0x0000000000000842       0x34 /usr/local/bin/../lib/gcc/arm-none-eabi/10.3.1/../../../../arm-none-eabi/lib/thumb/v7e-m+fp/hard/libc_nano.a(lib_a-lock.o)
 .ARM.attributes
                0x0000000000000876       0x34 /usr/local/bin/../lib/gcc/arm-none-eabi/10.3.1/../../../../arm-none-eabi/lib/thumb/v7e-m+fp/hard/libc_nano.a(lib_a-makebuf.o)
 .ARM.attributes
                0x00000000000008aa       0x34 /usr/local/bin/../lib/gcc/arm-none-eabi/10.3.1/../../../../arm-none-eabi/lib/thumb/v7e-m+fp/hard/libc_nano.a(lib_a-nano-freer.o)
 .ARM.attributes
                0x00000000000008de       0x34 /usr/local/bin/../lib/gcc/arm-none-eabi/10.3.1/../../../../arm-none-eabi/lib/thumb/v7e-m+fp/hard/libc_nano.a(lib_a-nano-mallocr.o)
 .ARM.attributes
                0x0000000000000912       0x34 /usr/local/bin/../lib/gcc/arm-none-eabi/10.3.1/../../../../arm-none-eabi/lib/thumb/v7e-m+fp/hard/libc_nano.a(lib_a-nano-svfprintf.o)
 .ARM.attributes
                0x0000000000000946       0x34 /usr/local/bin/../lib/gcc/arm-none-eabi/10.3.1/../../../../arm-none-eabi/lib/thumb/v7e-m+fp/hard/libc_nano.a(lib_a-nano-vfprintf.o)
 .ARM.attributes
                0x000000000000097a       0x34 /usr/local/bin/../lib/gcc/arm-none-eabi/10.3.1/../../../../arm-none-eabi/lib/thumb/v7e-m+fp/hard/libc_nano.a(lib_a-nano-vfprintf_i.o)
 .ARM.attributes
                0x00000000000009ae       0x34 /usr/local/bin/../lib/gcc/arm-none-eabi/10.3.1/../../../../arm-none-eabi/lib/thumb/v7e-m+fp/hard/libc_nano.a(lib_a-sbrkr.o)
 .ARM.attributes
                0x00000000000009e2       0x34 /usr/local/bin/../lib/gcc/arm-none-eabi/10.3.1/../../../../arm-none-eabi/lib/thumb/v7e-m+fp/hard/libc_nano.a(lib_a-stdio.o)
 .ARM.attributes
                0x0000000000000a16       0x34 /usr/local/bin/../lib/gcc/arm-none-eabi/10.3.1/../../../../arm-none-eabi/lib/thumb/v7e-m+fp/hard/libc_nano.a(lib_a-writer.o)
 .ARM.attributes
                0x0000000000000a4a       0x34 /usr/local/bin/../lib/gcc/arm-none-eabi/10.3.1/../../../../arm-none-eabi/lib/thumb/v7e-m+fp/hard/libc_nano.a(lib_a-closer.o)
 .ARM.attributes
                0x0000000000000a7e       0x34 /usr/local/bin/../lib/gcc/arm-none-eabi/10.3.1/../../../../arm-none-eabi/lib/thumb/v7e-m+fp/hard/libc_nano.a(lib_a-fstatr.o)
 .ARM.attributes
                0x0000000000000ab2       0x34 /usr/local/bin/../lib/gcc/arm-none-eabi/10.3.1/../../../../arm-none-eabi/lib/thumb/v7e-m+fp/hard/libc_nano.a(lib_a-isattyr.o)
 .ARM.attributes
                0x0000000000000ae6       0x34 /usr/local/bin/../lib/gcc/arm-none-eabi/10.3.1/../../../../arm-none-eabi/lib/thumb/v7e-m+fp/hard/libc_nano.a(lib_a-lseekr.o)
 .ARM.attributes
                0x0000000000000b1a       0x1c /usr/local/bin/../lib/gcc/arm-none-eabi/10.3.1/../../../../arm-none-eabi/lib/thumb/v7e-m+fp/hard/libc_nano.a(lib_a-memchr.o)
 .ARM.attributes
                0x0000000000000b36       0x34 /usr/local/bin/../lib/gcc/arm-none-eabi/10.3.1/../../../../arm-none-eabi/lib/thumb/v7e-m+fp/hard/libc_nano.a(lib_a-memmove.o)
 .ARM.attributes
                0x0000000000000b6a       0x34 /usr/local/bin/../lib/gcc/arm-none-eabi/10.3.1/../../../../arm-none-eabi/lib/thumb/v7e-m+fp/hard/libc_nano.a(lib_a-mlock.o)
 .ARM.attributes
                0x0000000000000b9e       0x34 /usr/local/bin/../lib/gcc/arm-none-eabi/10.3.1/../../../../arm-none-eabi/lib/thumb/v7e-m+fp/hard/libc_nano.a(lib_a-nano-reallocr.o)
 .ARM.attributes
                0x0000000000000bd2       0x34 /usr/local/bin/../lib/gcc/arm-none-eabi/10.3.1/../../../../arm-none-eabi/lib/thumb/v7e-m+fp/hard/libc_nano.a(lib_a-readr.o)
 .ARM.attributes
                0x0000000000000c06       0x34 /usr/local/bin/../lib/gcc/arm-none-eabi/10.3.1/../../../../arm-none-eabi/lib/thumb/v7e-m+fp/hard/libc_nano.a(lib_a-reent.o)
 .ARM.attributes
                0x0000000000000c3a       0x34 /usr/local/bin/../lib/gcc/arm-none-eabi/10.3.1/../../../../arm-none-eabi/lib/thumb/v7e-m+fp/hard/libc_nano.a(lib_a-nano-msizer.o)
 .ARM.attributes
                0x0000000000000c6e       0x1e /usr/local/bin/../lib/gcc/arm-none-eabi/10.3.1/thumb/v7e-m+fp/hard/libgcc.a(_aeabi_uldivmod.o)
 .ARM.attributes
                0x0000000000000c8c       0x34 /usr/local/bin/../lib/gcc/arm-none-eabi/10.3.1/thumb/v7e-m+fp/hard/libgcc.a(_udivmoddi4.o)
 .ARM.attributes
                0x0000000000000cc0       0x1e /usr/local/bin/../lib/gcc/arm-none-eabi/10.3.1/thumb/v7e-m+fp/hard/libgcc.a(_dvmd_tls.o)
 .ARM.attributes
                0x0000000000000cde       0x1e /usr/local/bin/../lib/gcc/arm-none-eabi/10.3.1/thumb/v7e-m+fp/hard/crtn.o
OUTPUT(build/FreeRTOS.elf elf32-littlearm)
LOAD linker stubs
LOAD /usr/local/bin/../lib/gcc/arm-none-eabi/10.3.1/../../../../arm-none-eabi/lib/thumb/v7e-m+fp/hard/libc.a
LOAD /usr/local/bin/../lib/gcc/arm-none-eabi/10.3.1/../../../../arm-none-eabi/lib/thumb/v7e-m+fp/hard/libm.a
LOAD /usr/local/bin/../lib/gcc/arm-none-eabi/10.3.1/thumb/v7e-m+fp/hard/libgcc.a

.debug_info     0x0000000000000000    0x22df2
 .debug_info    0x0000000000000000     0x228b build/main.o
 .debug_info    0x000000000000228b      0xb29 build/stm32f4xx_it.o
 .debug_info    0x0000000000002db4     0x1092 build/stm32f4xx_hal_msp.o
 .debug_info    0x0000000000003e46      0xd0a build/stm32f4xx_hal_timebase_tim.o
 .debug_info    0x0000000000004b50     0x1002 build/stm32f4xx_hal_adc.o
 .debug_info    0x0000000000005b52      0xda5 build/stm32f4xx_hal_adc_ex.o
 .debug_info    0x00000000000068f7      0xc13 build/stm32f4xx_hal_rcc.o
 .debug_info    0x000000000000750a      0x872 build/stm32f4xx_hal_gpio.o
 .debug_info    0x0000000000007d7c      0xbc9 build/stm32f4xx_hal_dma.o
 .debug_info    0x0000000000008945     0x10fb build/stm32f4xx_hal_cortex.o
 .debug_info    0x0000000000009a40      0xa66 build/stm32f4xx_hal.o
 .debug_info    0x000000000000a4a6     0x40c4 build/stm32f4xx_hal_tim.o
 .debug_info    0x000000000000e56a     0x1c87 build/stm32f4xx_hal_tim_ex.o
 .debug_info    0x00000000000101f1     0x4326 build/stm32f4xx_hal_uart.o
 .debug_info    0x0000000000014517      0x5e5 build/system_stm32f4xx.o
 .debug_info    0x0000000000014afc      0x30f build/list.o
 .debug_info    0x0000000000014e0b     0x2968 build/queue.o
 .debug_info    0x0000000000017773     0x375f build/tasks.o
 .debug_info    0x000000000001aed2     0x1bd3 build/timers.o
 .debug_info    0x000000000001caa5     0x4d8f build/cmsis_os2.o
 .debug_info    0x0000000000021834      0x61a build/heap_4.o
 .debug_info    0x0000000000021e4e      0x5c8 build/port.o
 .debug_info    0x0000000000022416      0x185 build/sysmem.o
 .debug_info    0x000000000002259b      0x835 build/syscalls.o
 .debug_info    0x0000000000022dd0       0x22 build/startup_stm32f411xe.o

.debug_abbrev   0x0000000000000000     0x3db4
 .debug_abbrev  0x0000000000000000      0x33c build/main.o
 .debug_abbrev  0x000000000000033c      0x1b8 build/stm32f4xx_it.o
 .debug_abbrev  0x00000000000004f4      0x1d8 build/stm32f4xx_hal_msp.o
 .debug_abbrev  0x00000000000006cc      0x213 build/stm32f4xx_hal_timebase_tim.o
 .debug_abbrev  0x00000000000008df      0x252 build/stm32f4xx_hal_adc.o
 .debug_abbrev  0x0000000000000b31      0x275 build/stm32f4xx_hal_adc_ex.o
 .debug_abbrev  0x0000000000000da6      0x2aa build/stm32f4xx_hal_rcc.o
 .debug_abbrev  0x0000000000001050      0x22b build/stm32f4xx_hal_gpio.o
 .debug_abbrev  0x000000000000127b      0x2bf build/stm32f4xx_hal_dma.o
 .debug_abbrev  0x000000000000153a      0x382 build/stm32f4xx_hal_cortex.o
 .debug_abbrev  0x00000000000018bc      0x23a build/stm32f4xx_hal.o
 .debug_abbrev  0x0000000000001af6      0x29a build/stm32f4xx_hal_tim.o
 .debug_abbrev  0x0000000000001d90      0x2b0 build/stm32f4xx_hal_tim_ex.o
 .debug_abbrev  0x0000000000002040      0x367 build/stm32f4xx_hal_uart.o
 .debug_abbrev  0x00000000000023a7      0x11b build/system_stm32f4xx.o
 .debug_abbrev  0x00000000000024c2      0x124 build/list.o
 .debug_abbrev  0x00000000000025e6      0x3c4 build/queue.o
 .debug_abbrev  0x00000000000029aa      0x387 build/tasks.o
 .debug_abbrev  0x0000000000002d31      0x366 build/timers.o
 .debug_abbrev  0x0000000000003097      0x56a build/cmsis_os2.o
 .debug_abbrev  0x0000000000003601      0x269 build/heap_4.o
 .debug_abbrev  0x000000000000386a      0x28a build/port.o
 .debug_abbrev  0x0000000000003af4       0xea build/sysmem.o
 .debug_abbrev  0x0000000000003bde      0x1c4 build/syscalls.o
 .debug_abbrev  0x0000000000003da2       0x12 build/startup_stm32f411xe.o

.debug_loc      0x0000000000000000    0x1e5b3
 .debug_loc     0x0000000000000000      0x617 build/main.o
 .debug_loc     0x0000000000000617       0x80 build/stm32f4xx_it.o
 .debug_loc     0x0000000000000697      0x1e8 build/stm32f4xx_hal_msp.o
 .debug_loc     0x000000000000087f       0xf5 build/stm32f4xx_hal_timebase_tim.o
 .debug_loc     0x0000000000000974      0xdb9 build/stm32f4xx_hal_adc.o
 .debug_loc     0x000000000000172d      0xc8a build/stm32f4xx_hal_adc_ex.o
 .debug_loc     0x00000000000023b7      0x6e4 build/stm32f4xx_hal_rcc.o
 .debug_loc     0x0000000000002a9b      0x5e8 build/stm32f4xx_hal_gpio.o
 .debug_loc     0x0000000000003083      0xd6d build/stm32f4xx_hal_dma.o
 .debug_loc     0x0000000000003df0      0x7a4 build/stm32f4xx_hal_cortex.o
 .debug_loc     0x0000000000004594      0x1e1 build/stm32f4xx_hal.o
 .debug_loc     0x0000000000004775     0x5cc1 build/stm32f4xx_hal_tim.o
 .debug_loc     0x000000000000a436     0x212a build/stm32f4xx_hal_tim_ex.o
 .debug_loc     0x000000000000c560     0x4d30 build/stm32f4xx_hal_uart.o
 .debug_loc     0x0000000000011290      0x158 build/system_stm32f4xx.o
 .debug_loc     0x00000000000113e8       0xe5 build/list.o
 .debug_loc     0x00000000000114cd     0x1fe4 build/queue.o
 .debug_loc     0x00000000000134b1     0x3187 build/tasks.o
 .debug_loc     0x0000000000016638     0x1586 build/timers.o
 .debug_loc     0x0000000000017bbe     0x5dbc build/cmsis_os2.o
 .debug_loc     0x000000000001d97a      0x4e4 build/heap_4.o
 .debug_loc     0x000000000001de5e      0x1c0 build/port.o
 .debug_loc     0x000000000001e01e       0x84 build/sysmem.o
 .debug_loc     0x000000000001e0a2      0x511 build/syscalls.o

.debug_aranges  0x0000000000000000     0x1688
 .debug_aranges
                0x0000000000000000       0xa0 build/main.o
 .debug_aranges
                0x00000000000000a0       0x68 build/stm32f4xx_it.o
 .debug_aranges
                0x0000000000000108       0x40 build/stm32f4xx_hal_msp.o
 .debug_aranges
                0x0000000000000148       0x30 build/stm32f4xx_hal_timebase_tim.o
 .debug_aranges
                0x0000000000000178       0xe8 build/stm32f4xx_hal_adc.o
 .debug_aranges
                0x0000000000000260       0x90 build/stm32f4xx_hal_adc_ex.o
 .debug_aranges
                0x00000000000002f0       0x88 build/stm32f4xx_hal_rcc.o
 .debug_aranges
                0x0000000000000378       0x58 build/stm32f4xx_hal_gpio.o
 .debug_aranges
                0x00000000000003d0       0x90 build/stm32f4xx_hal_dma.o
 .debug_aranges
                0x0000000000000460       0xb0 build/stm32f4xx_hal_cortex.o
 .debug_aranges
                0x0000000000000510       0xf0 build/stm32f4xx_hal.o
 .debug_aranges
                0x0000000000000600      0x3d0 build/stm32f4xx_hal_tim.o
 .debug_aranges
                0x00000000000009d0      0x168 build/stm32f4xx_hal_tim_ex.o
 .debug_aranges
                0x0000000000000b38      0x208 build/stm32f4xx_hal_uart.o
 .debug_aranges
                0x0000000000000d40       0x28 build/system_stm32f4xx.o
 .debug_aranges
                0x0000000000000d68       0x40 build/list.o
 .debug_aranges
                0x0000000000000da8      0x158 build/queue.o
 .debug_aranges
                0x0000000000000f00      0x230 build/tasks.o
 .debug_aranges
                0x0000000000001130       0xf0 build/timers.o
 .debug_aranges
                0x0000000000001220      0x2a0 build/cmsis_os2.o
 .debug_aranges
                0x00000000000014c0       0x58 build/heap_4.o
 .debug_aranges
                0x0000000000001518       0x80 build/port.o
 .debug_aranges
                0x0000000000001598       0x20 build/sysmem.o
 .debug_aranges
                0x00000000000015b8       0xa8 build/syscalls.o
 .debug_aranges
                0x0000000000001660       0x28 build/startup_stm32f411xe.o

.debug_ranges   0x0000000000000000     0x1800
 .debug_ranges  0x0000000000000000       0x90 build/main.o
 .debug_ranges  0x0000000000000090       0x58 build/stm32f4xx_it.o
 .debug_ranges  0x00000000000000e8       0x30 build/stm32f4xx_hal_msp.o
 .debug_ranges  0x0000000000000118       0x20 build/stm32f4xx_hal_timebase_tim.o
 .debug_ranges  0x0000000000000138       0xd8 build/stm32f4xx_hal_adc.o
 .debug_ranges  0x0000000000000210       0x80 build/stm32f4xx_hal_adc_ex.o
 .debug_ranges  0x0000000000000290       0x90 build/stm32f4xx_hal_rcc.o
 .debug_ranges  0x0000000000000320       0x48 build/stm32f4xx_hal_gpio.o
 .debug_ranges  0x0000000000000368       0x80 build/stm32f4xx_hal_dma.o
 .debug_ranges  0x00000000000003e8      0x100 build/stm32f4xx_hal_cortex.o
 .debug_ranges  0x00000000000004e8       0xe0 build/stm32f4xx_hal.o
 .debug_ranges  0x00000000000005c8      0x3c0 build/stm32f4xx_hal_tim.o
 .debug_ranges  0x0000000000000988      0x158 build/stm32f4xx_hal_tim_ex.o
 .debug_ranges  0x0000000000000ae0      0x210 build/stm32f4xx_hal_uart.o
 .debug_ranges  0x0000000000000cf0       0x18 build/system_stm32f4xx.o
 .debug_ranges  0x0000000000000d08       0x30 build/list.o
 .debug_ranges  0x0000000000000d38      0x218 build/queue.o
 .debug_ranges  0x0000000000000f50      0x390 build/tasks.o
 .debug_ranges  0x00000000000012e0       0xe0 build/timers.o
 .debug_ranges  0x00000000000013c0      0x2a8 build/cmsis_os2.o
 .debug_ranges  0x0000000000001668       0x48 build/heap_4.o
 .debug_ranges  0x00000000000016b0       0x88 build/port.o
 .debug_ranges  0x0000000000001738       0x10 build/sysmem.o
 .debug_ranges  0x0000000000001748       0x98 build/syscalls.o
 .debug_ranges  0x00000000000017e0       0x20 build/startup_stm32f411xe.o

.debug_line     0x0000000000000000    0x1a116
 .debug_line    0x0000000000000000      0x86b build/main.o
 .debug_line    0x000000000000086b      0x2b8 build/stm32f4xx_it.o
 .debug_line    0x0000000000000b23      0x339 build/stm32f4xx_hal_msp.o
 .debug_line    0x0000000000000e5c      0x27e build/stm32f4xx_hal_timebase_tim.o
 .debug_line    0x00000000000010da      0xfd8 build/stm32f4xx_hal_adc.o
 .debug_line    0x00000000000020b2      0xc2c build/stm32f4xx_hal_adc_ex.o
 .debug_line    0x0000000000002cde      0xac0 build/stm32f4xx_hal_rcc.o
 .debug_line    0x000000000000379e      0x673 build/stm32f4xx_hal_gpio.o
 .debug_line    0x0000000000003e11      0xdd5 build/stm32f4xx_hal_dma.o
 .debug_line    0x0000000000004be6      0x741 build/stm32f4xx_hal_cortex.o
 .debug_line    0x0000000000005327      0x515 build/stm32f4xx_hal.o
 .debug_line    0x000000000000583c     0x499e build/stm32f4xx_hal_tim.o
 .debug_line    0x000000000000a1da     0x1bfc build/stm32f4xx_hal_tim_ex.o
 .debug_line    0x000000000000bdd6     0x426b build/stm32f4xx_hal_uart.o
 .debug_line    0x0000000000010041      0x200 build/system_stm32f4xx.o
 .debug_line    0x0000000000010241      0x309 build/list.o
 .debug_line    0x000000000001054a     0x1fd2 build/queue.o
 .debug_line    0x000000000001251c     0x30c7 build/tasks.o
 .debug_line    0x00000000000155e3      0xea8 build/timers.o
 .debug_line    0x000000000001648b     0x29a5 build/cmsis_os2.o
 .debug_line    0x0000000000018e30      0x6ba build/heap_4.o
 .debug_line    0x00000000000194ea      0x6ba build/port.o
 .debug_line    0x0000000000019ba4      0x14a build/sysmem.o
 .debug_line    0x0000000000019cee      0x3b2 build/syscalls.o
 .debug_line    0x000000000001a0a0       0x76 build/startup_stm32f411xe.o

.debug_str      0x0000000000000000     0x781f
 .debug_str     0x0000000000000000     0x13a1 build/main.o
                                       0x1505 (size before relaxing)
 .debug_str     0x00000000000013a1      0x121 build/stm32f4xx_it.o
                                        0x974 (size before relaxing)
 .debug_str     0x00000000000014c2       0xb5 build/stm32f4xx_hal_msp.o
                                        0xdaf (size before relaxing)
 .debug_str     0x0000000000001577      0x100 build/stm32f4xx_hal_timebase_tim.o
                                        0xcf7 (size before relaxing)
 .debug_str     0x0000000000001677      0x2b8 build/stm32f4xx_hal_adc.o
                                        0x94c (size before relaxing)
 .debug_str     0x000000000000192f      0x2dc build/stm32f4xx_hal_adc_ex.o
                                        0x9a0 (size before relaxing)
 .debug_str     0x0000000000001c0b      0x1bb build/stm32f4xx_hal_rcc.o
                                        0x702 (size before relaxing)
 .debug_str     0x0000000000001dc6       0xd9 build/stm32f4xx_hal_gpio.o
                                        0x4dc (size before relaxing)
 .debug_str     0x0000000000001e9f      0x2bd build/stm32f4xx_hal_dma.o
                                        0x760 (size before relaxing)
 .debug_str     0x000000000000215c      0x4db build/stm32f4xx_hal_cortex.o
                                        0xad5 (size before relaxing)
 .debug_str     0x0000000000002637      0x26e build/stm32f4xx_hal.o
                                        0x9fe (size before relaxing)
 .debug_str     0x00000000000028a5      0xe97 build/stm32f4xx_hal_tim.o
                                       0x16b3 (size before relaxing)
 .debug_str     0x000000000000373c      0x591 build/stm32f4xx_hal_tim_ex.o
                                        0xea4 (size before relaxing)
 .debug_str     0x0000000000003ccd      0x5fd build/stm32f4xx_hal_uart.o
                                        0xd85 (size before relaxing)
 .debug_str     0x00000000000042ca       0x47 build/system_stm32f4xx.o
                                        0x371 (size before relaxing)
 .debug_str     0x0000000000004311      0x141 build/list.o
                                        0x2ec (size before relaxing)
 .debug_str     0x0000000000004452      0xa02 build/queue.o
                                        0xd02 (size before relaxing)
 .debug_str     0x0000000000004e54      0xc65 build/tasks.o
                                       0x1398 (size before relaxing)
 .debug_str     0x0000000000005ab9      0x5d8 build/timers.o
                                        0xc32 (size before relaxing)
 .debug_str     0x0000000000006091     0x10b9 build/cmsis_os2.o
                                       0x1fe7 (size before relaxing)
 .debug_str     0x000000000000714a      0x2bf build/heap_4.o
                                        0x4fa (size before relaxing)
 .debug_str     0x0000000000007409      0x17d build/port.o
                                        0x46c (size before relaxing)
 .debug_str     0x0000000000007586       0x7a build/sysmem.o
                                        0x20f (size before relaxing)
 .debug_str     0x0000000000007600      0x1fb build/syscalls.o
                                        0x3e3 (size before relaxing)
 .debug_str     0x00000000000077fb       0x24 build/startup_stm32f411xe.o
                                         0x54 (size before relaxing)

.comment        0x0000000000000000       0x49
 .comment       0x0000000000000000       0x49 build/main.o
                                         0x4a (size before relaxing)
 .comment       0x0000000000000049       0x4a build/stm32f4xx_it.o
 .comment       0x0000000000000049       0x4a build/stm32f4xx_hal_msp.o
 .comment       0x0000000000000049       0x4a build/stm32f4xx_hal_timebase_tim.o
 .comment       0x0000000000000049       0x4a build/stm32f4xx_hal_adc.o
 .comment       0x0000000000000049       0x4a build/stm32f4xx_hal_adc_ex.o
 .comment       0x0000000000000049       0x4a build/stm32f4xx_hal_rcc.o
 .comment       0x0000000000000049       0x4a build/stm32f4xx_hal_gpio.o
 .comment       0x0000000000000049       0x4a build/stm32f4xx_hal_dma.o
 .comment       0x0000000000000049       0x4a build/stm32f4xx_hal_cortex.o
 .comment       0x0000000000000049       0x4a build/stm32f4xx_hal.o
 .comment       0x0000000000000049       0x4a build/stm32f4xx_hal_tim.o
 .comment       0x0000000000000049       0x4a build/stm32f4xx_hal_tim_ex.o
 .comment       0x0000000000000049       0x4a build/stm32f4xx_hal_uart.o
 .comment       0x0000000000000049       0x4a build/system_stm32f4xx.o
 .comment       0x0000000000000049       0x4a build/list.o
 .comment       0x0000000000000049       0x4a build/queue.o
 .comment       0x0000000000000049       0x4a build/tasks.o
 .comment       0x0000000000000049       0x4a build/timers.o
 .comment       0x0000000000000049       0x4a build/cmsis_os2.o
 .comment       0x0000000000000049       0x4a build/heap_4.o
 .comment       0x0000000000000049       0x4a build/port.o
 .comment       0x0000000000000049       0x4a build/sysmem.o
 .comment       0x0000000000000049       0x4a build/syscalls.o

.debug_frame    0x0000000000000000     0x49f8
 .debug_frame   0x0000000000000000      0x1d4 build/main.o
 .debug_frame   0x00000000000001d4       0xd0 build/stm32f4xx_it.o
 .debug_frame   0x00000000000002a4       0x9c build/stm32f4xx_hal_msp.o
 .debug_frame   0x0000000000000340       0x54 build/stm32f4xx_hal_timebase_tim.o
 .debug_frame   0x0000000000000394      0x268 build/stm32f4xx_hal_adc.o
 .debug_frame   0x00000000000005fc      0x18c build/stm32f4xx_hal_adc_ex.o
 .debug_frame   0x0000000000000788      0x16c build/stm32f4xx_hal_rcc.o
 .debug_frame   0x00000000000008f4       0xd8 build/stm32f4xx_hal_gpio.o
 .debug_frame   0x00000000000009cc      0x188 build/stm32f4xx_hal_dma.o
 .debug_frame   0x0000000000000b54      0x158 build/stm32f4xx_hal_cortex.o
 .debug_frame   0x0000000000000cac      0x1ec build/stm32f4xx_hal.o
 .debug_frame   0x0000000000000e98      0xb24 build/stm32f4xx_hal_tim.o
 .debug_frame   0x00000000000019bc      0x40c build/stm32f4xx_hal_tim_ex.o
 .debug_frame   0x0000000000001dc8      0x5e4 build/stm32f4xx_hal_uart.o
 .debug_frame   0x00000000000023ac       0x30 build/system_stm32f4xx.o
 .debug_frame   0x00000000000023dc       0x70 build/list.o
 .debug_frame   0x000000000000244c      0x458 build/queue.o
 .debug_frame   0x00000000000028a4      0x724 build/tasks.o
 .debug_frame   0x0000000000002fc8      0x30c build/timers.o
 .debug_frame   0x00000000000032d4      0x900 build/cmsis_os2.o
 .debug_frame   0x0000000000003bd4       0xd0 build/heap_4.o
 .debug_frame   0x0000000000003ca4      0x110 build/port.o
 .debug_frame   0x0000000000003db4       0x28 build/sysmem.o
 .debug_frame   0x0000000000003ddc      0x190 build/syscalls.o
 .debug_frame   0x0000000000003f6c       0x20 /usr/local/bin/../lib/gcc/arm-none-eabi/10.3.1/../../../../arm-none-eabi/lib/thumb/v7e-m+fp/hard/libc_nano.a(lib_a-errno.o)
 .debug_frame   0x0000000000003f8c       0x2c /usr/local/bin/../lib/gcc/arm-none-eabi/10.3.1/../../../../arm-none-eabi/lib/thumb/v7e-m+fp/hard/libc_nano.a(lib_a-init.o)
 .debug_frame   0x0000000000003fb8       0x28 /usr/local/bin/../lib/gcc/arm-none-eabi/10.3.1/../../../../arm-none-eabi/lib/thumb/v7e-m+fp/hard/libc_nano.a(lib_a-memcpy-stub.o)
 .debug_frame   0x0000000000003fe0       0x20 /usr/local/bin/../lib/gcc/arm-none-eabi/10.3.1/../../../../arm-none-eabi/lib/thumb/v7e-m+fp/hard/libc_nano.a(lib_a-memset.o)
 .debug_frame   0x0000000000004000       0x74 /usr/local/bin/../lib/gcc/arm-none-eabi/10.3.1/../../../../arm-none-eabi/lib/thumb/v7e-m+fp/hard/libc_nano.a(lib_a-printf.o)
 .debug_frame   0x0000000000004074       0x3c /usr/local/bin/../lib/gcc/arm-none-eabi/10.3.1/../../../../arm-none-eabi/lib/thumb/v7e-m+fp/hard/libc_nano.a(lib_a-puts.o)
 .debug_frame   0x00000000000040b0       0x6c /usr/local/bin/../lib/gcc/arm-none-eabi/10.3.1/../../../../arm-none-eabi/lib/thumb/v7e-m+fp/hard/libc_nano.a(lib_a-sprintf.o)
 .debug_frame   0x000000000000411c       0x20 /usr/local/bin/../lib/gcc/arm-none-eabi/10.3.1/../../../../arm-none-eabi/lib/thumb/v7e-m+fp/hard/libc_nano.a(lib_a-strcpy.o)
 .debug_frame   0x000000000000413c       0x40 /usr/local/bin/../lib/gcc/arm-none-eabi/10.3.1/../../../../arm-none-eabi/lib/thumb/v7e-m+fp/hard/libc_nano.a(lib_a-wbuf.o)
 .debug_frame   0x000000000000417c       0x2c /usr/local/bin/../lib/gcc/arm-none-eabi/10.3.1/../../../../arm-none-eabi/lib/thumb/v7e-m+fp/hard/libc_nano.a(lib_a-wsetup.o)
 .debug_frame   0x00000000000041a8       0x5c /usr/local/bin/../lib/gcc/arm-none-eabi/10.3.1/../../../../arm-none-eabi/lib/thumb/v7e-m+fp/hard/libc_nano.a(lib_a-fflush.o)
 .debug_frame   0x0000000000004204      0x14c /usr/local/bin/../lib/gcc/arm-none-eabi/10.3.1/../../../../arm-none-eabi/lib/thumb/v7e-m+fp/hard/libc_nano.a(lib_a-findfp.o)
 .debug_frame   0x0000000000004350       0x54 /usr/local/bin/../lib/gcc/arm-none-eabi/10.3.1/../../../../arm-none-eabi/lib/thumb/v7e-m+fp/hard/libc_nano.a(lib_a-fwalk.o)
 .debug_frame   0x00000000000043a4       0xb0 /usr/local/bin/../lib/gcc/arm-none-eabi/10.3.1/../../../../arm-none-eabi/lib/thumb/v7e-m+fp/hard/libc_nano.a(lib_a-lock.o)
 .debug_frame   0x0000000000004454       0x58 /usr/local/bin/../lib/gcc/arm-none-eabi/10.3.1/../../../../arm-none-eabi/lib/thumb/v7e-m+fp/hard/libc_nano.a(lib_a-makebuf.o)
 .debug_frame   0x00000000000044ac       0x38 /usr/local/bin/../lib/gcc/arm-none-eabi/10.3.1/../../../../arm-none-eabi/lib/thumb/v7e-m+fp/hard/libc_nano.a(lib_a-nano-freer.o)
 .debug_frame   0x00000000000044e4       0x4c /usr/local/bin/../lib/gcc/arm-none-eabi/10.3.1/../../../../arm-none-eabi/lib/thumb/v7e-m+fp/hard/libc_nano.a(lib_a-nano-mallocr.o)
 .debug_frame   0x0000000000004530       0x90 /usr/local/bin/../lib/gcc/arm-none-eabi/10.3.1/../../../../arm-none-eabi/lib/thumb/v7e-m+fp/hard/libc_nano.a(lib_a-nano-svfprintf.o)
 .debug_frame   0x00000000000045c0       0xac /usr/local/bin/../lib/gcc/arm-none-eabi/10.3.1/../../../../arm-none-eabi/lib/thumb/v7e-m+fp/hard/libc_nano.a(lib_a-nano-vfprintf.o)
 .debug_frame   0x000000000000466c       0x60 /usr/local/bin/../lib/gcc/arm-none-eabi/10.3.1/../../../../arm-none-eabi/lib/thumb/v7e-m+fp/hard/libc_nano.a(lib_a-nano-vfprintf_i.o)
 .debug_frame   0x00000000000046cc       0x2c /usr/local/bin/../lib/gcc/arm-none-eabi/10.3.1/../../../../arm-none-eabi/lib/thumb/v7e-m+fp/hard/libc_nano.a(lib_a-sbrkr.o)
 .debug_frame   0x00000000000046f8       0x88 /usr/local/bin/../lib/gcc/arm-none-eabi/10.3.1/../../../../arm-none-eabi/lib/thumb/v7e-m+fp/hard/libc_nano.a(lib_a-stdio.o)
 .debug_frame   0x0000000000004780       0x2c /usr/local/bin/../lib/gcc/arm-none-eabi/10.3.1/../../../../arm-none-eabi/lib/thumb/v7e-m+fp/hard/libc_nano.a(lib_a-writer.o)