Archive member included to satisfy reference by file (symbol)

/usr/local/bin/../lib/gcc/arm-none-eabi/10.3.1/../../../../arm-none-eabi/lib/thumb/v7e-m+fp/hard/libc_nano.a(lib_a-errno.o)
                              build/sysmem.o (__errno)
/usr/local/bin/../lib/gcc/arm-none-eabi/10.3.1/../../../../arm-none-eabi/lib/thumb/v7e-m+fp/hard/libc_nano.a(lib_a-exit.o)
                              /usr/local/bin/../lib/gcc/arm-none-eabi/10.3.1/../../../../arm-none-eabi/lib/thumb/v7e-m+fp/hard/crt0.o (exit)
/usr/local/bin/../lib/gcc/arm-none-eabi/10.3.1/../../../../arm-none-eabi/lib/thumb/v7e-m+fp/hard/libc_nano.a(lib_a-impure.o)
                              /usr/local/bin/../lib/gcc/arm-none-eabi/10.3.1/../../../../arm-none-eabi/lib/thumb/v7e-m+fp/hard/libc_nano.a(lib_a-exit.o) (_global_impure_ptr)
/usr/local/bin/../lib/gcc/arm-none-eabi/10.3.1/../../../../arm-none-eabi/lib/thumb/v7e-m+fp/hard/libc_nano.a(lib_a-init.o)
                              /usr/local/bin/../lib/gcc/arm-none-eabi/10.3.1/../../../../arm-none-eabi/lib/thumb/v7e-m+fp/hard/crt0.o (__libc_init_array)
/usr/local/bin/../lib/gcc/arm-none-eabi/10.3.1/../../../../arm-none-eabi/lib/thumb/v7e-m+fp/hard/libc_nano.a(lib_a-memcpy-stub.o)
                              build/queue.o (memcpy)
/usr/local/bin/../lib/gcc/arm-none-eabi/10.3.1/../../../../arm-none-eabi/lib/thumb/v7e-m+fp/hard/libc_nano.a(lib_a-memset.o)
                              /usr/local/bin/../lib/gcc/arm-none-eabi/10.3.1/../../../../arm-none-eabi/lib/thumb/v7e-m+fp/hard/crt0.o (memset)
/usr/local/bin/../lib/gcc/arm-none-eabi/10.3.1/../../../../arm-none-eabi/lib/thumb/v7e-m+fp/hard/libc_nano.a(lib_a-printf.o)
                              build/main.o (printf)
/usr/local/bin/../lib/gcc/arm-none-eabi/10.3.1/../../../../arm-none-eabi/lib/thumb/v7e-m+fp/hard/libc_nano.a(lib_a-puts.o)
                              build/main.o (puts)
/usr/local/bin/../lib/gcc/arm-none-eabi/10.3.1/../../../../arm-none-eabi/lib/thumb/v7e-m+fp/hard/libc_nano.a(lib_a-sprintf.o)
                              build/tasks.o (sprintf)
/usr/local/bin/../lib/gcc/arm-none-eabi/10.3.1/../../../../arm-none-eabi/lib/thumb/v7e-m+fp/hard/libc_nano.a(lib_a-strcpy.o)
                              build/tasks.o (strcpy)
/usr/local/bin/../lib/gcc/arm-none-eabi/10.3.1/../../../../arm-none-eabi/lib/thumb/v7e-m+fp/hard/libc_nano.a(lib_a-strlen.o)
                              build/tasks.o (strlen)
/usr/local/bin/../lib/gcc/arm-none-eabi/10.3.1/../../../../arm-none-eabi/lib/thumb/v7e-m+fp/hard/libc_nano.a(lib_a-wbuf.o)
                              /usr/local/bin/../lib/gcc/arm-none-eabi/10.3.1/../../../../arm-none-eabi/lib/thumb/v7e-m+fp/hard/libc_nano.a(lib_a-puts.o) (__swbuf_r)
/usr/local/bin/../lib/gcc/arm-none-eabi/10.3.1/../../../../arm-none-eabi/lib/thumb/v7e-m+fp/hard/libc_nano.a(lib_a-wsetup.o)
                              /usr/local/bin/../lib/gcc/arm-none-eabi/10.3.1/../../../../arm-none-eabi/lib/thumb/v7e-m+fp/hard/libc_nano.a(lib_a-puts.o) (__swsetup_r)
/usr/local/bin/../lib/gcc/arm-none-eabi/10.3.1/../../../../arm-none-eabi/lib/thumb/v7e-m+fp/hard/libc_nano.a(lib_a-fflush.o)
                              /usr/local/bin/../lib/gcc/arm-none-eabi/10.3.1/../../../../arm-none-eabi/lib/thumb/v7e-m+fp/hard/libc_nano.a(lib_a-wbuf.o) (_fflush_r)
/usr/local/bin/../lib/gcc/arm-none-eabi/10.3.1/../../../../arm-none-eabi/lib/thumb/v7e-m+fp/hard/libc_nano.a(lib_a-findfp.o)
                              /usr/local/bin/../lib/gcc/arm-none-eabi/10.3.1/../../../../arm-none-eabi/lib/thumb/v7e-m+fp/hard/libc_nano.a(lib_a-printf.o) (__sinit)
/usr/local/bin/../lib/gcc/arm-none-eabi/10.3.1/../../../../arm-none-eabi/lib/thumb/v7e-m+fp/hard/libc_nano.a(lib_a-fwalk.o)
                              /usr/local/bin/../lib/gcc/arm-none-eabi/10.3.1/../../../../arm-none-eabi/lib/thumb/v7e-m+fp/hard/libc_nano.a(lib_a-findfp.o) (_fwalk)
/usr/local/bin/../lib/gcc/arm-none-eabi/10.3.1/../../../../arm-none-eabi/lib/thumb/v7e-m+fp/hard/libc_nano.a(lib_a-lock.o)
                              /usr/local/bin/../lib/gcc/arm-none-eabi/10.3.1/../../../../arm-none-eabi/lib/thumb/v7e-m+fp/hard/libc_nano.a(lib_a-findfp.o) (__retarget_lock_init_recursive)
/usr/local/bin/../lib/gcc/arm-none-eabi/10.3.1/../../../../arm-none-eabi/lib/thumb/v7e-m+fp/hard/libc_nano.a(lib_a-makebuf.o)
                              /usr/local/bin/../lib/gcc/arm-none-eabi/10.3.1/../../../../arm-none-eabi/lib/thumb/v7e-m+fp/hard/libc_nano.a(lib_a-wsetup.o) (__smakebuf_r)
/usr/local/bin/../lib/gcc/arm-none-eabi/10.3.1/../../../../arm-none-eabi/lib/thumb/v7e-m+fp/hard/libc_nano.a(lib_a-nano-freer.o)
                              /usr/local/bin/../lib/gcc/arm-none-eabi/10.3.1/../../../../arm-none-eabi/lib/thumb/v7e-m+fp/hard/libc_nano.a(lib_a-wsetup.o) (_free_r)
/usr/local/bin/../lib/gcc/arm-none-eabi/10.3.1/../../../../arm-none-eabi/lib/thumb/v7e-m+fp/hard/libc_nano.a(lib_a-nano-mallocr.o)
[...]
Memory Configuration

Name             Origin             Length             Attributes
RAM              0x0000000020000000 0x0000000000020000 xrw
FLASH            0x0000000008000000 0x0000000000080000 xr
*default*        0x0000000000000000 0xffffffffffffffff

Linker script and memory map

LOAD /usr/local/bin/../lib/gcc/arm-none-eabi/10.3.1/thumb/v7e-m+fp/hard/crti.o
LOAD /usr/local/bin/../lib/gcc/arm-none-eabi/10.3.1/thumb/v7e-m+fp/hard/crtbegin.o
LOAD /usr/local/bin/../lib/gcc/arm-none-eabi/10.3.1/../../../../arm-none-eabi/lib/thumb/v7e-m+fp/hard/crt0.o
LOAD build/main.o
LOAD build/freertos.o
LOAD build/stm32f4xx_it.o
LOAD build/stm32f4xx_hal_msp.o
LOAD build/stm32f4xx_hal_timebase_tim.o
LOAD build/stm32f4xx_hal_adc.o
LOAD build/stm32f4xx_hal_adc_ex.o
LOAD build/stm32f4xx_ll_adc.o
LOAD build/stm32f4xx_hal_rcc.o
LOAD build/stm32f4xx_hal_rcc_ex.o
LOAD build/stm32f4xx_hal_flash.o
LOAD build/stm32f4xx_hal_flash_ex.o
LOAD build/stm32f4xx_hal_flash_ramfunc.o
LOAD build/stm32f4xx_hal_gpio.o
LOAD build/stm32f4xx_hal_dma_ex.o
LOAD build/stm32f4xx_hal_dma.o
LOAD build/stm32f4xx_hal_pwr.o
LOAD build/stm32f4xx_hal_pwr_ex.o
LOAD build/stm32f4xx_hal_cortex.o
LOAD build/stm32f4xx_hal.o
LOAD build/stm32f4xx_hal_exti.o
LOAD build/stm32f4xx_hal_tim.o
LOAD build/stm32f4xx_hal_tim_ex.o
LOAD build/stm32f4xx_hal_uart.o
LOAD build/system_stm32f4xx.o
LOAD build/croutine.o
LOAD build/event_groups.o
LOAD build/list.o
LOAD build/queue.o
LOAD build/stream_buffer.o
LOAD build/tasks.o
LOAD build/timers.o
LOAD build/cmsis_os2.o
LOAD build/heap_4.o
LOAD build/port.o
LOAD build/sysmem.o
LOAD build/syscalls.o
LOAD build/startup_stm32f411xe.o
LOAD /usr/local/bin/../lib/gcc/arm-none-eabi/10.3.1/../../../../arm-none-eabi/lib/thumb/v7e-m+fp/hard/libc_nano.a
LOAD /usr/local/bin/../lib/gcc/arm-none-eabi/10.3.1/../../../../arm-none-eabi/lib/thumb/v7e-m+fp/hard/libm.a
LOAD /usr/local/bin/../lib/gcc/arm-none-eabi/10.3.1/../../../../arm-none-eabi/lib/thumb/v7e-m+fp/hard/libnosys.a
START GROUP
LOAD /usr/local/bin/../lib/gcc/arm-none-eabi/10.3.1/thumb/v7e-m+fp/hard/libgcc.a
LOAD /usr/local/bin/../lib/gcc/arm-none-eabi/10.3.1/../../../../arm-none-eabi/lib/thumb/v7e-m+fp/hard/libc_nano.a
END GROUP
START GROUP
LOAD /usr/local/bin/../lib/gcc/arm-none-eabi/10.3.1/thumb/v7e-m+fp/hard/libgcc.a
LOAD /usr/local/bin/../lib/gcc/arm-none-eabi/10.3.1/../../../../arm-none-eabi/lib/thumb/v7e-m+fp/hard/libc_nano.a
END GROUP
LOAD /usr/local/bin/../lib/gcc/arm-none-eabi/10.3.1/thumb/v7e-m+fp/hard/crtend.o
LOAD /usr/local/bin/../lib/gcc/arm-none-eabi/10.3.1/thumb/v7e-m+fp/hard/crtn.o
                0x0000000020020000                _estack = (ORIGIN (RAM) + LENGTH (RAM))
                0x0000000000000200                _Min_Heap_Size = 0x200
                0x0000000000000400                _Min_Stack_Size = 0x400

.isr_vector     0x0000000008000000      0x198
                0x0000000008000000                . = ALIGN (0x4)
 *(.isr_vector)
 .isr_vector    0x0000000008000000      0x198 build/startup_stm32f411xe.o
                0x0000000008000000                g_pfnVectors
                0x0000000008000198                . = ALIGN (0x4)

.text           0x00000000080001a0     0x540c
                0x00000000080001a0                . = ALIGN (0x4)
 *(.text)
 .text          0x00000000080001a0       0x40 /usr/local/bin/../lib/gcc/arm-none-eabi/10.3.1/thumb/v7e-m+fp/hard/crtbegin.o
 .text          0x00000000080001e0       0xa0 /usr/local/bin/../lib/gcc/arm-none-eabi/10.3.1/../../../../arm-none-eabi/lib/thumb/v7e-m+fp/hard/libc_nano.a(lib_a-memchr.o)
                0x00000000080001e0                memchr
 .text          0x0000000008000280       0x30 /usr/local/bin/../lib/gcc/arm-none-eabi/10.3.1/thumb/v7e-m+fp/hard/libgcc.a(_aeabi_uldivmod.o)
                0x0000000008000280                __aeabi_uldivmod
 .text          0x00000000080002b0      0x2d0 /usr/local/bin/../lib/gcc/arm-none-eabi/10.3.1/thumb/v7e-m+fp/hard/libgcc.a(_udivmoddi4.o)
                0x00000000080002b0                __udivmoddi4
 .text          0x0000000008000580        0x4 /usr/local/bin/../lib/gcc/arm-none-eabi/10.3.1/thumb/v7e-m+fp/hard/libgcc.a(_dvmd_tls.o)
                0x0000000008000580                __aeabi_ldiv0
                0x0000000008000580                __aeabi_idiv0
 *(.text*)
 .text.MX_GPIO_Init
                0x0000000008000584       0xb8 build/main.o
 .text.MX_DMA_Init
                0x000000000800063c       0x34 build/main.o
 .text.StartTask03
                0x0000000008000670       0x4c build/main.o
                0x0000000008000670                StartTask03
 .text.StartTask04
                0x00000000080006bc       0x50 build/main.o
                0x00000000080006bc                StartTask04
 .text.StartTask05
                0x000000000800070c       0x4c build/main.o
                0x000000000800070c                StartTask05
 .text.StartTask06
                0x0000000008000758       0x48 build/main.o
                0x0000000008000758                StartTask06
 .text.__io_putchar
                0x00000000080007a0       0x20 build/main.o
                0x00000000080007a0                __io_putchar
 .text.HAL_GPIO_EXTI_Callback
                0x00000000080007c0       0x24 build/main.o
                0x00000000080007c0                HAL_GPIO_EXTI_Callback
 .text.HAL_ADC_ConvCpltCallback
                0x00000000080007e4        0x2 build/main.o
                0x00000000080007e4                HAL_ADC_ConvCpltCallback
 *fill*         0x00000000080007e6        0x2 
 .text.TaskAdd  0x00000000080007e8       0x40 build/main.o
                0x00000000080007e8                TaskAdd
 .text.HAL_TIM_PeriodElapsedCallback
                0x0000000008000828       0x18 build/main.o
                0x0000000008000828                HAL_TIM_PeriodElapsedCallback
 .text.Error_Handler
                0x0000000008000840        0x4 build/main.o
                0x0000000008000840                Error_Handler
 .text.MX_ADC1_Init
                0x0000000008000844       0x70 build/main.o
 .text.MX_USART2_UART_Init
                0x00000000080008b4       0x34 build/main.o
 .text.SystemClock_Config
                0x00000000080008e8       0xa0 build/main.o
                0x00000000080008e8                SystemClock_Config
 .text.main     0x0000000008000988      0x150 build/main.o
                0x0000000008000988                main
 .text.NMI_Handler
                0x0000000008000ad8        0x2 build/stm32f4xx_it.o
                0x0000000008000ad8                NMI_Handler
 .text.HardFault_Handler
                0x0000000008000ada        0x2 build/stm32f4xx_it.o
                0x0000000008000ada                HardFault_Handler
 .text.MemManage_Handler
                0x0000000008000adc        0x2 build/stm32f4xx_it.o
                0x0000000008000adc                MemManage_Handler
 .text.BusFault_Handler
                0x0000000008000ade        0x2 build/stm32f4xx_it.o
                0x0000000008000ade                BusFault_Handler
 .text.UsageFault_Handler
                0x0000000008000ae0        0x2 build/stm32f4xx_it.o
                0x0000000008000ae0                UsageFault_Handler
 .text.DebugMon_Handler
                0x0000000008000ae2        0x2 build/stm32f4xx_it.o
                0x0000000008000ae2                DebugMon_Handler
 .text.ADC_IRQHandler
                0x0000000008000ae4       0x10 build/stm32f4xx_it.o
                0x0000000008000ae4                ADC_IRQHandler
 .text.TIM1_TRG_COM_TIM11_IRQHandler
                0x0000000008000af4       0x10 build/stm32f4xx_it.o
                0x0000000008000af4                TIM1_TRG_COM_TIM11_IRQHandler
 .text.EXTI15_10_IRQHandler
                0x0000000008000b04        0xc build/stm32f4xx_it.o
                0x0000000008000b04                EXTI15_10_IRQHandler
 .text.DMA2_Stream0_IRQHandler
                0x0000000008000b10       0x10 build/stm32f4xx_it.o
                0x0000000008000b10                DMA2_Stream0_IRQHandler
 .text.HAL_MspInit
                0x0000000008000b20       0x44 build/stm32f4xx_hal_msp.o
                0x0000000008000b20                HAL_MspInit
 .text.HAL_ADC_MspInit
                0x0000000008000b64       0x88 build/stm32f4xx_hal_msp.o
                0x0000000008000b64                HAL_ADC_MspInit
 .text.HAL_UART_MspInit
                0x0000000008000bec       0x70 build/stm32f4xx_hal_msp.o
                0x0000000008000bec                HAL_UART_MspInit
 .text.HAL_InitTick
                0x0000000008000c5c       0x98 build/stm32f4xx_hal_timebase_tim.o
                0x0000000008000c5c                HAL_InitTick
 .text.ADC_Init
                0x0000000008000cf4      0x134 build/stm32f4xx_hal_adc.o
 .text.HAL_ADC_Init
                0x0000000008000e28       0x56 build/stm32f4xx_hal_adc.o
                0x0000000008000e28                HAL_ADC_Init
 .text.HAL_ADC_LevelOutOfWindowCallback
                0x0000000008000e7e        0x2 build/stm32f4xx_hal_adc.o
                0x0000000008000e7e                HAL_ADC_LevelOutOfWindowCallback
 .text.HAL_ADC_ErrorCallback
                0x0000000008000e80        0x2 build/stm32f4xx_hal_adc.o
                0x0000000008000e80                HAL_ADC_ErrorCallback
 .text.HAL_ADC_IRQHandler
                0x0000000008000e82      0x142 build/stm32f4xx_hal_adc.o
                0x0000000008000e82                HAL_ADC_IRQHandler
 .text.HAL_ADC_ConfigChannel
                0x0000000008000fc4      0x1ac build/stm32f4xx_hal_adc.o
                0x0000000008000fc4                HAL_ADC_ConfigChannel
 .text.HAL_ADCEx_InjectedConvCpltCallback
                0x0000000008001170        0x2 build/stm32f4xx_hal_adc_ex.o
                0x0000000008001170                HAL_ADCEx_InjectedConvCpltCallback
 *fill*         0x0000000008001172        0x2 
 .text.HAL_RCC_OscConfig
                0x0000000008001174      0x3f8 build/stm32f4xx_hal_rcc.o
                0x0000000008001174                HAL_RCC_OscConfig
 .text.HAL_RCC_GetSysClockFreq
                0x000000000800156c       0xd4 build/stm32f4xx_hal_rcc.o
                0x000000000800156c                HAL_RCC_GetSysClockFreq
 .text.HAL_RCC_ClockConfig
                0x0000000008001640      0x160 build/stm32f4xx_hal_rcc.o
                0x0000000008001640                HAL_RCC_ClockConfig
 .text.HAL_RCC_GetHCLKFreq
                0x00000000080017a0        0xc build/stm32f4xx_hal_rcc.o
                0x00000000080017a0                HAL_RCC_GetHCLKFreq
 .text.HAL_RCC_GetPCLK1Freq
                0x00000000080017ac       0x20 build/stm32f4xx_hal_rcc.o
                0x00000000080017ac                HAL_RCC_GetPCLK1Freq
 .text.HAL_RCC_GetPCLK2Freq
                0x00000000080017cc       0x20 build/stm32f4xx_hal_rcc.o
                0x00000000080017cc                HAL_RCC_GetPCLK2Freq
 .text.HAL_RCC_GetClockConfig
                0x00000000080017ec       0x3c build/stm32f4xx_hal_rcc.o
                0x00000000080017ec                HAL_RCC_GetClockConfig
 .text.HAL_GPIO_Init
                0x0000000008001828      0x1c0 build/stm32f4xx_hal_gpio.o
                0x0000000008001828                HAL_GPIO_Init
 .text.HAL_GPIO_WritePin
                0x00000000080019e8        0xc build/stm32f4xx_hal_gpio.o
                0x00000000080019e8                HAL_GPIO_WritePin
 .text.HAL_GPIO_TogglePin
                0x00000000080019f4       0x12 build/stm32f4xx_hal_gpio.o
                0x00000000080019f4                HAL_GPIO_TogglePin
 *fill*         0x0000000008001a06        0x2 
 .text.HAL_GPIO_EXTI_IRQHandler
                0x0000000008001a08       0x1c build/stm32f4xx_hal_gpio.o
                0x0000000008001a08                HAL_GPIO_EXTI_IRQHandler
 .text.DMA_CalcBaseAndBitshift
                0x0000000008001a24       0x44 build/stm32f4xx_hal_dma.o
 .text.DMA_CheckFifoParam
                0x0000000008001a68       0x8e build/stm32f4xx_hal_dma.o
 *fill*         0x0000000008001af6        0x2 
 .text.HAL_DMA_Init
                0x0000000008001af8       0xcc build/stm32f4xx_hal_dma.o
                0x0000000008001af8                HAL_DMA_Init
 .text.HAL_DMA_IRQHandler
                0x0000000008001bc4      0x1dc build/stm32f4xx_hal_dma.o
                0x0000000008001bc4                HAL_DMA_IRQHandler
 .text.HAL_NVIC_SetPriorityGrouping
                0x0000000008001da0       0x24 build/stm32f4xx_hal_cortex.o
                0x0000000008001da0                HAL_NVIC_SetPriorityGrouping
 .text.HAL_NVIC_SetPriority
                0x0000000008001dc4       0x70 build/stm32f4xx_hal_cortex.o
                0x0000000008001dc4                HAL_NVIC_SetPriority
 .text.HAL_NVIC_EnableIRQ
                0x0000000008001e34       0x1c build/stm32f4xx_hal_cortex.o
                0x0000000008001e34                HAL_NVIC_EnableIRQ
 .text.HAL_Init
                0x0000000008001e50       0x34 build/stm32f4xx_hal.o
                0x0000000008001e50                HAL_Init
 .text.HAL_IncTick
                0x0000000008001e84       0x18 build/stm32f4xx_hal.o
                0x0000000008001e84                HAL_IncTick
 .text.HAL_GetTick
                0x0000000008001e9c        0xc build/stm32f4xx_hal.o
                0x0000000008001e9c                HAL_GetTick
 .text.HAL_TIM_Base_MspInit
                0x0000000008001ea8        0x2 build/stm32f4xx_hal_tim.o
                0x0000000008001ea8                HAL_TIM_Base_MspInit
 *fill*         0x0000000008001eaa        0x2 
 .text.HAL_TIM_Base_Start_IT
                0x0000000008001eac       0x78 build/stm32f4xx_hal_tim.o
                0x0000000008001eac                HAL_TIM_Base_Start_IT
 .text.HAL_TIM_OC_DelayElapsedCallback
                0x0000000008001f24        0x2 build/stm32f4xx_hal_tim.o
                0x0000000008001f24                HAL_TIM_OC_DelayElapsedCallback
 .text.HAL_TIM_IC_CaptureCallback
                0x0000000008001f26        0x2 build/stm32f4xx_hal_tim.o
                0x0000000008001f26                HAL_TIM_IC_CaptureCallback
 .text.HAL_TIM_PWM_PulseFinishedCallback
                0x0000000008001f28        0x2 build/stm32f4xx_hal_tim.o
                0x0000000008001f28                HAL_TIM_PWM_PulseFinishedCallback
 .text.HAL_TIM_TriggerCallback
                0x0000000008001f2a        0x2 build/stm32f4xx_hal_tim.o
                0x0000000008001f2a                HAL_TIM_TriggerCallback
 .text.HAL_TIM_IRQHandler
                0x0000000008001f2c      0x15e build/stm32f4xx_hal_tim.o
                0x0000000008001f2c                HAL_TIM_IRQHandler
 *fill*         0x000000000800208a        0x2 
 .text.TIM_Base_SetConfig
                0x000000000800208c       0xac build/stm32f4xx_hal_tim.o
                0x000000000800208c                TIM_Base_SetConfig
 .text.HAL_TIM_Base_Init
                0x0000000008002138       0x58 build/stm32f4xx_hal_tim.o
                0x0000000008002138                HAL_TIM_Base_Init
 .text.HAL_TIMEx_CommutCallback
                0x0000000008002190        0x2 build/stm32f4xx_hal_tim_ex.o
                0x0000000008002190                HAL_TIMEx_CommutCallback
 .text.HAL_TIMEx_BreakCallback
                0x0000000008002192        0x2 build/stm32f4xx_hal_tim_ex.o
                0x0000000008002192                HAL_TIMEx_BreakCallback
 .text.UART_EndRxTransfer
                0x0000000008002194       0x5c build/stm32f4xx_hal_uart.o
 .text.UART_SetConfig
                0x00000000080021f0      0x110 build/stm32f4xx_hal_uart.o
 .text.UART_WaitOnFlagUntilTimeout
                0x0000000008002300       0x8a build/stm32f4xx_hal_uart.o
 .text.HAL_UART_Init
                0x000000000800238a       0x60 build/stm32f4xx_hal_uart.o
                0x000000000800238a                HAL_UART_Init
 .text.HAL_UART_Transmit
                0x00000000080023ea       0xcc build/stm32f4xx_hal_uart.o
                0x00000000080023ea                HAL_UART_Transmit
 *fill*         0x00000000080024b6        0x2 
 .text.SystemInit
                0x00000000080024b8       0x14 build/system_stm32f4xx.o
                0x00000000080024b8                SystemInit
 .text.vListInitialise
                0x00000000080024cc       0x16 build/list.o
                0x00000000080024cc                vListInitialise
 .text.vListInitialiseItem
                0x00000000080024e2        0x6 build/list.o
                0x00000000080024e2                vListInitialiseItem
 .text.vListInsertEnd
                0x00000000080024e8       0x16 build/list.o
                0x00000000080024e8                vListInsertEnd
 .text.vListInsert
                0x00000000080024fe       0x32 build/list.o
                0x00000000080024fe                vListInsert
 .text.uxListRemove
                0x0000000008002530       0x26 build/list.o
                0x0000000008002530                uxListRemove
 .text.prvGetDisinheritPriorityAfterTimeout
                0x0000000008002556       0x10 build/queue.o
 .text.prvIsQueueFull
                0x0000000008002566       0x1e build/queue.o
 .text.prvIsQueueEmpty
                0x0000000008002584       0x1a build/queue.o
 .text.prvCopyDataToQueue
                0x000000000800259e       0x76 build/queue.o
 .text.prvCopyDataFromQueue
                0x0000000008002614       0x24 build/queue.o
 .text.prvUnlockQueue
                0x0000000008002638       0x6e build/queue.o
 .text.xQueueGenericReset
                0x00000000080026a6       0x84 build/queue.o
                0x00000000080026a6                xQueueGenericReset
 .text.prvInitialiseNewQueue
                0x000000000800272a       0x22 build/queue.o
 .text.xQueueGenericCreateStatic
                0x000000000800274c       0x94 build/queue.o
                0x000000000800274c                xQueueGenericCreateStatic
 .text.xQueueGenericCreate
                0x00000000080027e0       0x48 build/queue.o
                0x00000000080027e0                xQueueGenericCreate
 .text.xQueueCreateCountingSemaphore
                0x0000000008002828       0x3c build/queue.o
                0x0000000008002828                xQueueCreateCountingSemaphore
 .text.xQueueGenericSend
                0x0000000008002864      0x188 build/queue.o
                0x0000000008002864                xQueueGenericSend
 .text.xQueueGenericSendFromISR
                0x00000000080029ec       0xce build/queue.o
                0x00000000080029ec                xQueueGenericSendFromISR
 .text.xQueueReceive
                0x0000000008002aba      0x15e build/queue.o
                0x0000000008002aba                xQueueReceive
 .text.xQueueSemaphoreTake
                0x0000000008002c18      0x1a6 build/queue.o
                0x0000000008002c18                xQueueSemaphoreTake
 .text.uxQueueMessagesWaiting
                0x0000000008002dbe       0x26 build/queue.o
                0x0000000008002dbe                uxQueueMessagesWaiting
 .text.vQueueAddToRegistry
                0x0000000008002de4       0x28 build/queue.o
                0x0000000008002de4                vQueueAddToRegistry
 .text.vQueueWaitForMessageRestricted
                0x0000000008002e0c       0x52 build/queue.o
                0x0000000008002e0c                vQueueWaitForMessageRestricted
 *fill*         0x0000000008002e5e        0x2 
 .text.prvResetNextTaskUnblockTime
                0x0000000008002e60       0x2c build/tasks.o
 .text.prvInitialiseNewTask
                0x0000000008002e8c       0xa6 build/tasks.o
 *fill*         0x0000000008002f32        0x2 
 .text.prvInitialiseTaskLists
                0x0000000008002f34       0x68 build/tasks.o
 .text.prvAddNewTaskToReadyList
                0x0000000008002f9c       0xac build/tasks.o
 .text.prvDeleteTCB
                0x0000000008003048       0x38 build/tasks.o
 .text.prvCheckTasksWaitingTermination
                0x0000000008003080       0x4c build/tasks.o
 .text.prvIdleTask
                0x00000000080030cc       0x28 build/tasks.o
 .text.prvAddCurrentTaskToDelayedList
                0x00000000080030f4       0x7c build/tasks.o
 .text.xTaskCreateStatic
                0x0000000008003170       0x76 build/tasks.o
                0x0000000008003170                xTaskCreateStatic
 .text.xTaskCreate
                0x00000000080031e6       0x68 build/tasks.o
                0x00000000080031e6                xTaskCreate
 *fill*         0x000000000800324e        0x2 
 .text.vTaskStartScheduler
                0x0000000008003250       0x9c build/tasks.o
                0x0000000008003250                vTaskStartScheduler
 .text.vTaskSuspendAll
                0x00000000080032ec       0x10 build/tasks.o
                0x00000000080032ec                vTaskSuspendAll
 .text.xTaskGetTickCount
                0x00000000080032fc        0xc build/tasks.o
                0x00000000080032fc                xTaskGetTickCount
 .text.pcTaskGetName
                0x0000000008003308       0x28 build/tasks.o
                0x0000000008003308                pcTaskGetName
 .text.xTaskIncrementTick
                0x0000000008003330      0x118 build/tasks.o
                0x0000000008003330                xTaskIncrementTick
 .text.xTaskResumeAll
                0x0000000008003448       0xf8 build/tasks.o
                0x0000000008003448                xTaskResumeAll
 .text.vTaskDelay
                0x0000000008003540       0x4c build/tasks.o
                0x0000000008003540                vTaskDelay
 .text.vTaskSwitchContext
                0x000000000800358c       0x94 build/tasks.o
                0x000000000800358c                vTaskSwitchContext
 .text.vTaskPlaceOnEventList
                0x0000000008003620       0x30 build/tasks.o
                0x0000000008003620                vTaskPlaceOnEventList
 .text.vTaskPlaceOnEventListRestricted
                0x0000000008003650       0x38 build/tasks.o
                0x0000000008003650                vTaskPlaceOnEventListRestricted
 .text.xTaskRemoveFromEventList
                0x0000000008003688       0x8c build/tasks.o
                0x0000000008003688                xTaskRemoveFromEventList
 .text.vTaskInternalSetTimeOutState
                0x0000000008003714       0x18 build/tasks.o
                0x0000000008003714                vTaskInternalSetTimeOutState
 .text.xTaskCheckForTimeOut
                0x000000000800372c       0x84 build/tasks.o
                0x000000000800372c                xTaskCheckForTimeOut
 .text.vTaskMissedYield
                0x00000000080037b0        0xc build/tasks.o
                0x00000000080037b0                vTaskMissedYield
 .text.xTaskGetSchedulerState
                0x00000000080037bc       0x20 build/tasks.o
                0x00000000080037bc                xTaskGetSchedulerState
 .text.xTaskPriorityInherit
                0x00000000080037dc       0x98 build/tasks.o
                0x00000000080037dc                xTaskPriorityInherit
 .text.xTaskPriorityDisinherit
                0x0000000008003874       0x90 build/tasks.o
                0x0000000008003874                xTaskPriorityDisinherit
 .text.vTaskPriorityDisinheritAfterTimeout
                0x0000000008003904       0xa0 build/tasks.o
                0x0000000008003904                vTaskPriorityDisinheritAfterTimeout
 .text.pvTaskIncrementMutexHeldCount
                0x00000000080039a4       0x1c build/tasks.o
                0x00000000080039a4                pvTaskIncrementMutexHeldCount
 .text.prvGetNextExpireTime
                0x00000000080039c0       0x20 build/timers.o
 .text.prvInsertTimerInActiveList
                0x00000000080039e0       0x48 build/timers.o
 .text.prvCheckForValidListAndQueue
                0x0000000008003a28       0x70 build/timers.o
 .text.xTimerCreateTimerTask
                0x0000000008003a98       0x64 build/timers.o
                0x0000000008003a98                xTimerCreateTimerTask
 .text.xTimerGenericCommand
                0x0000000008003afc       0x6c build/timers.o
                0x0000000008003afc                xTimerGenericCommand
 .text.prvSwitchTimerLists
                0x0000000008003b68       0x7c build/timers.o
 .text.prvSampleTimeNow
                0x0000000008003be4       0x2c build/timers.o
 .text.prvProcessExpiredTimer
                0x0000000008003c10       0x6c build/timers.o
 .text.prvProcessTimerOrBlockTask
                0x0000000008003c7c       0x74 build/timers.o
 .text.prvProcessReceivedCommands
                0x0000000008003cf0      0x10c build/timers.o
 .text.prvTimerTask
                0x0000000008003dfc       0x16 build/timers.o
 .text.SysTick_Handler
                0x0000000008003e12       0x18 build/cmsis_os2.o
                0x0000000008003e12                SysTick_Handler
 *fill*         0x0000000008003e2a        0x2 
 .text.vApplicationGetIdleTaskMemory
                0x0000000008003e2c       0x18 build/cmsis_os2.o
                0x0000000008003e2c                vApplicationGetIdleTaskMemory
 .text.vApplicationGetTimerTaskMemory
                0x0000000008003e44       0x18 build/cmsis_os2.o
                0x0000000008003e44                vApplicationGetTimerTaskMemory
 .text.prvHeapInit
                0x0000000008003e5c       0x64 build/heap_4.o
 .text.prvInsertBlockIntoFreeList
                0x0000000008003ec0       0x64 build/heap_4.o
 .text.pvPortMalloc
                0x0000000008003f24       0xfc build/heap_4.o
                0x0000000008003f24                pvPortMalloc
 .text.vPortFree
                0x0000000008004020       0x7c build/heap_4.o
                0x0000000008004020                vPortFree
 .text.prvTaskExitError
                0x000000000800409c       0x40 build/port.o
 .text.prvPortStartFirstTask
                0x00000000080040dc       0x28 build/port.o
 .text.vPortEnableVFP
                0x0000000008004104       0x14 build/port.o
 .text.pxPortInitialiseStack
                0x0000000008004118       0x2c build/port.o
                0x0000000008004118                pxPortInitialiseStack
 *fill*         0x0000000008004144        0xc 
 .text.SVC_Handler
                0x0000000008004150       0x24 build/port.o
                0x0000000008004150                SVC_Handler
 .text.vPortEnterCritical
                0x0000000008004174       0x44 build/port.o
                0x0000000008004174                vPortEnterCritical
 .text.vPortExitCritical
                0x00000000080041b8       0x2c build/port.o
                0x00000000080041b8                vPortExitCritical
 *fill*         0x00000000080041e4        0xc 
 .text.PendSV_Handler
                0x00000000080041f0       0x64 build/port.o
                0x00000000080041f0                PendSV_Handler
 .text.xPortSysTickHandler
                0x0000000008004254       0x2c build/port.o
                0x0000000008004254                xPortSysTickHandler
 .text.vPortSetupTimerInterrupt
                0x0000000008004280       0x28 build/port.o
                0x0000000008004280                vPortSetupTimerInterrupt
 .text.xPortStartScheduler
                0x00000000080042a8      0x118 build/port.o
                0x00000000080042a8                xPortStartScheduler
 .text.vPortValidateInterruptPriority
                0x00000000080043c0       0x5c build/port.o
                0x00000000080043c0                vPortValidateInterruptPriority
 .text._sbrk    0x000000000800441c       0x48 build/sysmem.o
                0x000000000800441c                _sbrk
 .text._read    0x0000000008004464       0x20 build/syscalls.o
                0x0000000008004464                _read
 .text._write   0x0000000008004484       0x1c build/syscalls.o
                0x0000000008004484                _write
 .text._close   0x00000000080044a0        0x6 build/syscalls.o
                0x00000000080044a0                _close
 .text._fstat   0x00000000080044a6        0xa build/syscalls.o
                0x00000000080044a6                _fstat
 .text._isatty  0x00000000080044b0        0x4 build/syscalls.o
                0x00000000080044b0                _isatty
 .text._lseek   0x00000000080044b4        0x4 build/syscalls.o
                0x00000000080044b4                _lseek
 .text.Reset_Handler
                0x00000000080044b8       0x50 build/startup_stm32f411xe.o
                0x00000000080044b8                Reset_Handler
 .text.Default_Handler
                0x0000000008004508        0x2 build/startup_stm32f411xe.o
                0x0000000008004508                RTC_Alarm_IRQHandler
                0x0000000008004508                EXTI2_IRQHandler
                0x0000000008004508                SPI4_IRQHandler
                0x0000000008004508                TIM1_CC_IRQHandler
                0x0000000008004508                DMA2_Stream5_IRQHandler
                0x0000000008004508                DMA1_Stream5_IRQHandler
                0x0000000008004508                PVD_IRQHandler
                0x0000000008004508                SDIO_IRQHandler
                0x0000000008004508                TAMP_STAMP_IRQHandler
                0x0000000008004508                EXTI3_IRQHandler
                0x0000000008004508                TIM1_UP_TIM10_IRQHandler
                0x0000000008004508                I2C3_ER_IRQHandler
                0x0000000008004508                EXTI0_IRQHandler
                0x0000000008004508                I2C2_EV_IRQHandler
                0x0000000008004508                DMA1_Stream2_IRQHandler
                0x0000000008004508                FPU_IRQHandler
                0x0000000008004508                DMA2_Stream2_IRQHandler
                0x0000000008004508                SPI1_IRQHandler
                0x0000000008004508                TIM1_BRK_TIM9_IRQHandler
                0x0000000008004508                DMA2_Stream3_IRQHandler
                0x0000000008004508                USART6_IRQHandler
                0x0000000008004508                TIM4_IRQHandler
                0x0000000008004508                I2C1_EV_IRQHandler
                0x0000000008004508                DMA1_Stream6_IRQHandler
                0x0000000008004508                DMA1_Stream1_IRQHandler
                0x0000000008004508                TIM3_IRQHandler
                0x0000000008004508                RCC_IRQHandler
                0x0000000008004508                Default_Handler
                0x0000000008004508                DMA1_Stream7_IRQHandler
                0x0000000008004508                SPI5_IRQHandler
                0x0000000008004508                TIM5_IRQHandler
                0x0000000008004508                DMA2_Stream7_IRQHandler
                0x0000000008004508                I2C3_EV_IRQHandler
                0x0000000008004508                EXTI9_5_IRQHandler
                0x0000000008004508                RTC_WKUP_IRQHandler
                0x0000000008004508                SPI2_IRQHandler
                0x0000000008004508                DMA1_Stream0_IRQHandler
                0x0000000008004508                EXTI4_IRQHandler
                0x0000000008004508                WWDG_IRQHandler
                0x0000000008004508                TIM2_IRQHandler
                0x0000000008004508                OTG_FS_WKUP_IRQHandler
                0x0000000008004508                EXTI1_IRQHandler
                0x0000000008004508                USART2_IRQHandler
                0x0000000008004508                I2C2_ER_IRQHandler
                0x0000000008004508                DMA2_Stream1_IRQHandler
                0x0000000008004508                FLASH_IRQHandler
                0x0000000008004508                DMA2_Stream4_IRQHandler
                0x0000000008004508                USART1_IRQHandler
                0x0000000008004508                OTG_FS_IRQHandler
                0x0000000008004508                SPI3_IRQHandler
                0x0000000008004508                DMA1_Stream4_IRQHandler
                0x0000000008004508                I2C1_ER_IRQHandler
                0x0000000008004508                DMA2_Stream6_IRQHandler
                0x0000000008004508                DMA1_Stream3_IRQHandler
 *fill*         0x000000000800450a        0x2 
 .text.__errno  0x000000000800450c        0xc /usr/local/bin/../lib/gcc/arm-none-eabi/10.3.1/../../../../arm-none-eabi/lib/thumb/v7e-m+fp/hard/libc_nano.a(lib_a-errno.o)
                0x000000000800450c                __errno
 .text.__libc_init_array
                0x0000000008004518       0x48 /usr/local/bin/../lib/gcc/arm-none-eabi/10.3.1/../../../../arm-none-eabi/lib/thumb/v7e-m+fp/hard/libc_nano.a(lib_a-init.o)
                0x0000000008004518                __libc_init_array
 .text.memcpy   0x0000000008004560       0x1c /usr/local/bin/../lib/gcc/arm-none-eabi/10.3.1/../../../../arm-none-eabi/lib/thumb/v7e-m+fp/hard/libc_nano.a(lib_a-memcpy-stub.o)
                0x0000000008004560                memcpy
 .text.memset   0x000000000800457c       0x10 /usr/local/bin/../lib/gcc/arm-none-eabi/10.3.1/../../../../arm-none-eabi/lib/thumb/v7e-m+fp/hard/libc_nano.a(lib_a-memset.o)
                0x000000000800457c                memset
 .text.printf   0x000000000800458c       0x30 /usr/local/bin/../lib/gcc/arm-none-eabi/10.3.1/../../../../arm-none-eabi/lib/thumb/v7e-m+fp/hard/libc_nano.a(lib_a-printf.o)
                0x000000000800458c                printf
                0x000000000800458c                iprintf
 .text._puts_r  0x00000000080045bc       0xdc /usr/local/bin/../lib/gcc/arm-none-eabi/10.3.1/../../../../arm-none-eabi/lib/thumb/v7e-m+fp/hard/libc_nano.a(lib_a-puts.o)
                0x00000000080045bc                _puts_r
 .text.puts     0x0000000008004698       0x10 /usr/local/bin/../lib/gcc/arm-none-eabi/10.3.1/../../../../arm-none-eabi/lib/thumb/v7e-m+fp/hard/libc_nano.a(lib_a-puts.o)
                0x0000000008004698                puts
 .text.__swbuf_r
                0x00000000080046a8       0xa4 /usr/local/bin/../lib/gcc/arm-none-eabi/10.3.1/../../../../arm-none-eabi/lib/thumb/v7e-m+fp/hard/libc_nano.a(lib_a-wbuf.o)
                0x00000000080046a8                __swbuf_r
 .text.__swsetup_r
                0x000000000800474c       0xdc /usr/local/bin/../lib/gcc/arm-none-eabi/10.3.1/../../../../arm-none-eabi/lib/thumb/v7e-m+fp/hard/libc_nano.a(lib_a-wsetup.o)
                0x000000000800474c                __swsetup_r
 .text.__sflush_r
                0x0000000008004828      0x10c /usr/local/bin/../lib/gcc/arm-none-eabi/10.3.1/../../../../arm-none-eabi/lib/thumb/v7e-m+fp/hard/libc_nano.a(lib_a-fflush.o)
                0x0000000008004828                __sflush_r
 .text._fflush_r
                0x0000000008004934       0x78 /usr/local/bin/../lib/gcc/arm-none-eabi/10.3.1/../../../../arm-none-eabi/lib/thumb/v7e-m+fp/hard/libc_nano.a(lib_a-fflush.o)
                0x0000000008004934                _fflush_r
 .text.std      0x00000000080049ac       0x48 /usr/local/bin/../lib/gcc/arm-none-eabi/10.3.1/../../../../arm-none-eabi/lib/thumb/v7e-m+fp/hard/libc_nano.a(lib_a-findfp.o)
 .text._cleanup_r
                0x00000000080049f4        0xc /usr/local/bin/../lib/gcc/arm-none-eabi/10.3.1/../../../../arm-none-eabi/lib/thumb/v7e-m+fp/hard/libc_nano.a(lib_a-findfp.o)
                0x00000000080049f4                _cleanup_r
 .text.__sfmoreglue
                0x0000000008004a00       0x2c /usr/local/bin/../lib/gcc/arm-none-eabi/10.3.1/../../../../arm-none-eabi/lib/thumb/v7e-m+fp/hard/libc_nano.a(lib_a-findfp.o)
                0x0000000008004a00                __sfmoreglue
 .text.__sfp_lock_acquire
                0x0000000008004a2c        0xc /usr/local/bin/../lib/gcc/arm-none-eabi/10.3.1/../../../../arm-none-eabi/lib/thumb/v7e-m+fp/hard/libc_nano.a(lib_a-findfp.o)
                0x0000000008004a2c                __sfp_lock_acquire
 .text.__sfp_lock_release
                0x0000000008004a38        0xc /usr/local/bin/../lib/gcc/arm-none-eabi/10.3.1/../../../../arm-none-eabi/lib/thumb/v7e-m+fp/hard/libc_nano.a(lib_a-findfp.o)
                0x0000000008004a38                __sfp_lock_release
 .text.__sinit_lock_acquire
                0x0000000008004a44        0xc /usr/local/bin/../lib/gcc/arm-none-eabi/10.3.1/../../../../arm-none-eabi/lib/thumb/v7e-m+fp/hard/libc_nano.a(lib_a-findfp.o)
                0x0000000008004a44                __sinit_lock_acquire
 .text.__sinit_lock_release
                0x0000000008004a50        0xc /usr/local/bin/../lib/gcc/arm-none-eabi/10.3.1/../../../../arm-none-eabi/lib/thumb/v7e-m+fp/hard/libc_nano.a(lib_a-findfp.o)
                0x0000000008004a50                __sinit_lock_release
 .text.__sinit  0x0000000008004a5c       0x70 /usr/local/bin/../lib/gcc/arm-none-eabi/10.3.1/../../../../arm-none-eabi/lib/thumb/v7e-m+fp/hard/libc_nano.a(lib_a-findfp.o)
                0x0000000008004a5c                __sinit
 .text.__sfp    0x0000000008004acc       0x8c /usr/local/bin/../lib/gcc/arm-none-eabi/10.3.1/../../../../arm-none-eabi/lib/thumb/v7e-m+fp/hard/libc_nano.a(lib_a-findfp.o)
                0x0000000008004acc                __sfp
 .text._fwalk_reent
                0x0000000008004b58       0x3e /usr/local/bin/../lib/gcc/arm-none-eabi/10.3.1/../../../../arm-none-eabi/lib/thumb/v7e-m+fp/hard/libc_nano.a(lib_a-fwalk.o)
                0x0000000008004b58                _fwalk_reent
 .text.__retarget_lock_init_recursive
                0x0000000008004b96        0x2 /usr/local/bin/../lib/gcc/arm-none-eabi/10.3.1/../../../../arm-none-eabi/lib/thumb/v7e-m+fp/hard/libc_nano.a(lib_a-lock.o)
                0x0000000008004b96                __retarget_lock_init_recursive
 .text.__retarget_lock_acquire_recursive
                0x0000000008004b98        0x2 /usr/local/bin/../lib/gcc/arm-none-eabi/10.3.1/../../../../arm-none-eabi/lib/thumb/v7e-m+fp/hard/libc_nano.a(lib_a-lock.o)
                0x0000000008004b98                __retarget_lock_acquire_recursive
 .text.__retarget_lock_release_recursive
                0x0000000008004b9a        0x2 /usr/local/bin/../lib/gcc/arm-none-eabi/10.3.1/../../../../arm-none-eabi/lib/thumb/v7e-m+fp/hard/libc_nano.a(lib_a-lock.o)
                0x0000000008004b9a                __retarget_lock_release_recursive
 .text.__swhatbuf_r
                0x0000000008004b9c       0x4a /usr/local/bin/../lib/gcc/arm-none-eabi/10.3.1/../../../../arm-none-eabi/lib/thumb/v7e-m+fp/hard/libc_nano.a(lib_a-makebuf.o)
                0x0000000008004b9c                __swhatbuf_r
 *fill*         0x0000000008004be6        0x2 
 .text.__smakebuf_r
                0x0000000008004be8       0x80 /usr/local/bin/../lib/gcc/arm-none-eabi/10.3.1/../../../../arm-none-eabi/lib/thumb/v7e-m+fp/hard/libc_nano.a(lib_a-makebuf.o)
                0x0000000008004be8                __smakebuf_r
 .text._free_r  0x0000000008004c68       0x98 /usr/local/bin/../lib/gcc/arm-none-eabi/10.3.1/../../../../arm-none-eabi/lib/thumb/v7e-m+fp/hard/libc_nano.a(lib_a-nano-freer.o)
                0x0000000008004c68                _free_r
 .text.sbrk_aligned
                0x0000000008004d00       0x40 /usr/local/bin/../lib/gcc/arm-none-eabi/10.3.1/../../../../arm-none-eabi/lib/thumb/v7e-m+fp/hard/libc_nano.a(lib_a-nano-mallocr.o)
 .text._malloc_r
                0x0000000008004d40       0xe8 /usr/local/bin/../lib/gcc/arm-none-eabi/10.3.1/../../../../arm-none-eabi/lib/thumb/v7e-m+fp/hard/libc_nano.a(lib_a-nano-mallocr.o)
                0x0000000008004d40                _malloc_r
 .text.__sfputc_r
                0x0000000008004e28       0x2e /usr/local/bin/../lib/gcc/arm-none-eabi/10.3.1/../../../../arm-none-eabi/lib/thumb/v7e-m+fp/hard/libc_nano.a(lib_a-nano-vfprintf.o)
 .text.__sfputs_r
                0x0000000008004e56       0x24 /usr/local/bin/../lib/gcc/arm-none-eabi/10.3.1/../../../../arm-none-eabi/lib/thumb/v7e-m+fp/hard/libc_nano.a(lib_a-nano-vfprintf.o)
                0x0000000008004e56                __sfputs_r
 *fill*         0x0000000008004e7a        0x2 
 .text._vfprintf_r
                0x0000000008004e7c      0x260 /usr/local/bin/../lib/gcc/arm-none-eabi/10.3.1/../../../../arm-none-eabi/lib/thumb/v7e-m+fp/hard/libc_nano.a(lib_a-nano-vfprintf.o)
                0x0000000008004e7c                _vfiprintf_r
                0x0000000008004e7c                _vfprintf_r
 .text._printf_common
                0x00000000080050dc       0xda /usr/local/bin/../lib/gcc/arm-none-eabi/10.3.1/../../../../arm-none-eabi/lib/thumb/v7e-m+fp/hard/libc_nano.a(lib_a-nano-vfprintf_i.o)
                0x00000000080050dc                _printf_common
 *fill*         0x00000000080051b6        0x2 
 .text._printf_i
                0x00000000080051b8      0x24c /usr/local/bin/../lib/gcc/arm-none-eabi/10.3.1/../../../../arm-none-eabi/lib/thumb/v7e-m+fp/hard/libc_nano.a(lib_a-nano-vfprintf_i.o)
                0x00000000080051b8                _printf_i
 .text._sbrk_r  0x0000000008005404       0x20 /usr/local/bin/../lib/gcc/arm-none-eabi/10.3.1/../../../../arm-none-eabi/lib/thumb/v7e-m+fp/hard/libc_nano.a(lib_a-sbrkr.o)
                0x0000000008005404                _sbrk_r
 .text.__sread  0x0000000008005424       0x22 /usr/local/bin/../lib/gcc/arm-none-eabi/10.3.1/../../../../arm-none-eabi/lib/thumb/v7e-m+fp/hard/libc_nano.a(lib_a-stdio.o)
                0x0000000008005424                __sread
 .text.__swrite
                0x0000000008005446       0x38 /usr/local/bin/../lib/gcc/arm-none-eabi/10.3.1/../../../../arm-none-eabi/lib/thumb/v7e-m+fp/hard/libc_nano.a(lib_a-stdio.o)
                0x0000000008005446                __swrite
 .text.__sseek  0x000000000800547e       0x24 /usr/local/bin/../lib/gcc/arm-none-eabi/10.3.1/../../../../arm-none-eabi/lib/thumb/v7e-m+fp/hard/libc_nano.a(lib_a-stdio.o)
                0x000000000800547e                __sseek
 .text.__sclose
                0x00000000080054a2        0x8 /usr/local/bin/../lib/gcc/arm-none-eabi/10.3.1/../../../../arm-none-eabi/lib/thumb/v7e-m+fp/hard/libc_nano.a(lib_a-stdio.o)
                0x00000000080054a2                __sclose
 *fill*         0x00000000080054aa        0x2 
 .text._write_r
                0x00000000080054ac       0x24 /usr/local/bin/../lib/gcc/arm-none-eabi/10.3.1/../../../../arm-none-eabi/lib/thumb/v7e-m+fp/hard/libc_nano.a(lib_a-writer.o)
                0x00000000080054ac                _write_r
 .text._close_r
                0x00000000080054d0       0x20 /usr/local/bin/../lib/gcc/arm-none-eabi/10.3.1/../../../../arm-none-eabi/lib/thumb/v7e-m+fp/hard/libc_nano.a(lib_a-closer.o)
                0x00000000080054d0                _close_r
 .text._fstat_r
                0x00000000080054f0       0x24 /usr/local/bin/../lib/gcc/arm-none-eabi/10.3.1/../../../../arm-none-eabi/lib/thumb/v7e-m+fp/hard/libc_nano.a(lib_a-fstatr.o)
                0x00000000080054f0                _fstat_r
 .text._isatty_r
                0x0000000008005514       0x20 /usr/local/bin/../lib/gcc/arm-none-eabi/10.3.1/../../../../arm-none-eabi/lib/thumb/v7e-m+fp/hard/libc_nano.a(lib_a-isattyr.o)
                0x0000000008005514                _isatty_r
 .text._lseek_r
                0x0000000008005534       0x24 /usr/local/bin/../lib/gcc/arm-none-eabi/10.3.1/../../../../arm-none-eabi/lib/thumb/v7e-m+fp/hard/libc_nano.a(lib_a-lseekr.o)
                0x0000000008005534                _lseek_r
 .text.__malloc_lock
                0x0000000008005558        0xc /usr/local/bin/../lib/gcc/arm-none-eabi/10.3.1/../../../../arm-none-eabi/lib/thumb/v7e-m+fp/hard/libc_nano.a(lib_a-mlock.o)
                0x0000000008005558                __malloc_lock
 .text.__malloc_unlock
                0x0000000008005564        0xc /usr/local/bin/../lib/gcc/arm-none-eabi/10.3.1/../../../../arm-none-eabi/lib/thumb/v7e-m+fp/hard/libc_nano.a(lib_a-mlock.o)
                0x0000000008005564                __malloc_unlock
 .text._read_r  0x0000000008005570       0x24 /usr/local/bin/../lib/gcc/arm-none-eabi/10.3.1/../../../../arm-none-eabi/lib/thumb/v7e-m+fp/hard/libc_nano.a(lib_a-readr.o)
                0x0000000008005570                _read_r
 *(.glue_7)
 .glue_7        0x0000000008005594        0x0 linker stubs
 *(.glue_7t)
 .glue_7t       0x0000000008005594        0x0 linker stubs
 *(.eh_frame)
 .eh_frame      0x0000000008005594        0x0 /usr/local/bin/../lib/gcc/arm-none-eabi/10.3.1/thumb/v7e-m+fp/hard/crtbegin.o
 *(.init)
 .init          0x0000000008005594        0x4 /usr/local/bin/../lib/gcc/arm-none-eabi/10.3.1/thumb/v7e-m+fp/hard/crti.o
                0x0000000008005594                _init
 .init          0x0000000008005598        0x8 /usr/local/bin/../lib/gcc/arm-none-eabi/10.3.1/thumb/v7e-m+fp/hard/crtn.o
 *(.fini)
 .fini          0x00000000080055a0        0x4 /usr/local/bin/../lib/gcc/arm-none-eabi/10.3.1/thumb/v7e-m+fp/hard/crti.o
                0x00000000080055a0                _fini
 .fini          0x00000000080055a4        0x8 /usr/local/bin/../lib/gcc/arm-none-eabi/10.3.1/thumb/v7e-m+fp/hard/crtn.o
                0x00000000080055ac                . = ALIGN (0x4)
                0x00000000080055ac                _etext = .

.vfp11_veneer   0x00000000080055ac        0x0
 .vfp11_veneer  0x00000000080055ac        0x0 linker stubs

.v4_bx          0x00000000080055ac        0x0
 .v4_bx         0x00000000080055ac        0x0 linker stubs

.iplt           0x00000000080055ac        0x0
 .iplt          0x00000000080055ac        0x0 /usr/local/bin/../lib/gcc/arm-none-eabi/10.3.1/thumb/v7e-m+fp/hard/crtbegin.o

.rodata         0x00000000080055ac      0x234
                0x00000000080055ac                . = ALIGN (0x4)
 *(.rodata)
 *(.rodata*)
 .rodata.StartTask03.str1.4
                0x00000000080055ac       0x49 build/main.o
 *fill*         0x00000000080055f5        0x3 
 .rodata.StartTask05.str1.4
                0x00000000080055f8       0x17 build/main.o
 *fill*         0x000000000800560f        0x1 
 .rodata.StartTask06.str1.4
                0x0000000008005610       0x17 build/main.o
 *fill*         0x0000000008005627        0x1 
 .rodata.TaskAdd.str1.4
                0x0000000008005628       0x28 build/main.o
 .rodata.main.str1.4
                0x0000000008005650       0xbd build/main.o
 *fill*         0x000000000800570d        0x3 
 .rodata.flagBitshiftOffset.0
                0x0000000008005710        0x8 build/stm32f4xx_hal_dma.o
 .rodata.AHBPrescTable
                0x0000000008005718       0x10 build/system_stm32f4xx.o
                0x0000000008005718                AHBPrescTable
 .rodata.APBPrescTable
                0x0000000008005728        0x8 build/system_stm32f4xx.o
                0x0000000008005728                APBPrescTable
 .rodata.vTaskStartScheduler.str1.4
                0x0000000008005730        0x5 build/tasks.o
 *fill*         0x0000000008005735        0x3 
 .rodata.prvCheckForValidListAndQueue.str1.4
                0x0000000008005738        0x5 build/timers.o
 *fill*         0x000000000800573d        0x3 
 .rodata.xTimerCreateTimerTask.str1.4
                0x0000000008005740        0x8 build/timers.o
 .rodata._global_impure_ptr
                0x0000000008005748        0x4 /usr/local/bin/../lib/gcc/arm-none-eabi/10.3.1/../../../../arm-none-eabi/lib/thumb/v7e-m+fp/hard/libc_nano.a(lib_a-impure.o)
                0x0000000008005748                _global_impure_ptr
 .rodata.__sf_fake_stderr
                0x000000000800574c       0x20 /usr/local/bin/../lib/gcc/arm-none-eabi/10.3.1/../../../../arm-none-eabi/lib/thumb/v7e-m+fp/hard/libc_nano.a(lib_a-findfp.o)
                0x000000000800574c                __sf_fake_stderr
 .rodata.__sf_fake_stdin
                0x000000000800576c       0x20 /usr/local/bin/../lib/gcc/arm-none-eabi/10.3.1/../../../../arm-none-eabi/lib/thumb/v7e-m+fp/hard/libc_nano.a(lib_a-findfp.o)
                0x000000000800576c                __sf_fake_stdin
 .rodata.__sf_fake_stdout
                0x000000000800578c       0x20 /usr/local/bin/../lib/gcc/arm-none-eabi/10.3.1/../../../../arm-none-eabi/lib/thumb/v7e-m+fp/hard/libc_nano.a(lib_a-findfp.o)
                0x000000000800578c                __sf_fake_stdout
 .rodata._vfprintf_r.str1.1
                0x00000000080057ac       0x11 /usr/local/bin/../lib/gcc/arm-none-eabi/10.3.1/../../../../arm-none-eabi/lib/thumb/v7e-m+fp/hard/libc_nano.a(lib_a-nano-vfprintf.o)
 .rodata._printf_i.str1.1
                0x00000000080057bd       0x22 /usr/local/bin/../lib/gcc/arm-none-eabi/10.3.1/../../../../arm-none-eabi/lib/thumb/v7e-m+fp/hard/libc_nano.a(lib_a-nano-vfprintf_i.o)
                0x00000000080057e0                . = ALIGN (0x4)
 *fill*         0x00000000080057df        0x1 

.ARM.extab
 *(.ARM.extab* .gnu.linkonce.armextab.*)

.ARM            0x00000000080057e0        0x8
                0x00000000080057e0                __exidx_start = .
 *(.ARM.exidx*)
 .ARM.exidx     0x00000000080057e0        0x8 /usr/local/bin/../lib/gcc/arm-none-eabi/10.3.1/thumb/v7e-m+fp/hard/libgcc.a(_udivmoddi4.o)
                0x00000000080057e8                __exidx_end = .

.rel.dyn        0x00000000080057e8        0x0
 .rel.iplt      0x00000000080057e8        0x0 /usr/local/bin/../lib/gcc/arm-none-eabi/10.3.1/thumb/v7e-m+fp/hard/crtbegin.o

.preinit_array  0x00000000080057e8        0x0
                0x00000000080057e8                PROVIDE (__preinit_array_start = .)
 *(.preinit_array*)
                0x00000000080057e8                PROVIDE (__preinit_array_end = .)

.init_array     0x00000000080057e8        0x4
                0x00000000080057e8                PROVIDE (__init_array_start = .)
 *(SORT_BY_NAME(.init_array.*))
 *(.init_array*)
 .init_array    0x00000000080057e8        0x4 /usr/local/bin/../lib/gcc/arm-none-eabi/10.3.1/thumb/v7e-m+fp/hard/crtbegin.o
                0x00000000080057ec                PROVIDE (__init_array_end = .)

.fini_array     0x00000000080057ec        0x4
                [!provide]                        PROVIDE (__fini_array_start = .)
 *(SORT_BY_NAME(.fini_array.*))
 *(.fini_array*)
 .fini_array    0x00000000080057ec        0x4 /usr/local/bin/../lib/gcc/arm-none-eabi/10.3.1/thumb/v7e-m+fp/hard/crtbegin.o
                [!provide]                        PROVIDE (__fini_array_end = .)
                0x00000000080057f0                _sidata = LOADADDR (.data)

.data           0x0000000020000000       0x78 load address 0x00000000080057f0
                0x0000000020000000                . = ALIGN (0x4)
                0x0000000020000000                _sdata = .
 *(.data)
 *(.data*)
 .data.uxMaxCount
                0x0000000020000000        0x4 build/main.o
                0x0000000020000000                uxMaxCount
 .data.uwTickFreq
                0x0000000020000004        0x1 build/stm32f4xx_hal.o
                0x0000000020000004                uwTickFreq
 *fill*         0x0000000020000005        0x3 
 .data.uwTickPrio
                0x0000000020000008        0x4 build/stm32f4xx_hal.o
                0x0000000020000008                uwTickPrio
 .data.SystemCoreClock
                0x000000002000000c        0x4 build/system_stm32f4xx.o
                0x000000002000000c                SystemCoreClock
 .data.uxCriticalNesting
                0x0000000020000010        0x4 build/port.o
 .data._impure_ptr
                0x0000000020000014        0x4 /usr/local/bin/../lib/gcc/arm-none-eabi/10.3.1/../../../../arm-none-eabi/lib/thumb/v7e-m+fp/hard/libc_nano.a(lib_a-impure.o)
                0x0000000020000014                _impure_ptr
 .data.impure_data
                0x0000000020000018       0x60 /usr/local/bin/../lib/gcc/arm-none-eabi/10.3.1/../../../../arm-none-eabi/lib/thumb/v7e-m+fp/hard/libc_nano.a(lib_a-impure.o)
                0x0000000020000078                . = ALIGN (0x4)
                0x0000000020000078                _edata = .

.igot.plt       0x0000000020000078        0x0 load address 0x0000000008005868
 .igot.plt      0x0000000020000078        0x0 /usr/local/bin/../lib/gcc/arm-none-eabi/10.3.1/thumb/v7e-m+fp/hard/crtbegin.o
                0x0000000020000078                . = ALIGN (0x4)

.bss            0x0000000020000078     0x4ad4 load address 0x0000000008005868
                0x0000000020000078                _sbss = .
                0x0000000020000078                __bss_start__ = _sbss
 *(.bss)
 .bss           0x0000000020000078       0x1c /usr/local/bin/../lib/gcc/arm-none-eabi/10.3.1/thumb/v7e-m+fp/hard/crtbegin.o
 *(.bss*)
 .bss.ClrScrFlag
                0x0000000020000094        0x1 build/main.o
                0x0000000020000094                ClrScrFlag
 *fill*         0x0000000020000095        0x3 
 .bss.CouSemo   0x0000000020000098        0x4 build/main.o
                0x0000000020000098                CouSemo
 .bss.Task03Handle
                0x000000002000009c        0x4 build/main.o
                0x000000002000009c                Task03Handle
 .bss.Task04Handle
                0x00000000200000a0        0x4 build/main.o
                0x00000000200000a0                Task04Handle
 .bss.Task05Handle
                0x00000000200000a4        0x4 build/main.o
                0x00000000200000a4                Task05Handle
 .bss.Task06Handle
                0x00000000200000a8        0x4 build/main.o
                0x00000000200000a8                Task06Handle
 .bss.hadc1     0x00000000200000ac       0x48 build/main.o
                0x00000000200000ac                hadc1
 .bss.hdma_adc1
                0x00000000200000f4       0x60 build/main.o
                0x00000000200000f4                hdma_adc1
 .bss.huart2    0x0000000020000154       0x48 build/main.o
                0x0000000020000154                huart2
 .bss.uxInitialCount
                0x000000002000019c        0x4 build/main.o
                0x000000002000019c                uxInitialCount
 .bss.htim11    0x00000000200001a0       0x48 build/stm32f4xx_hal_timebase_tim.o
                0x00000000200001a0                htim11
 .bss.uwTick    0x00000000200001e8        0x4 build/stm32f4xx_hal.o
                0x00000000200001e8                uwTick
 .bss.xQueueRegistry
                0x00000000200001ec       0x40 build/queue.o
                0x00000000200001ec                xQueueRegistry
 .bss.pxCurrentTCB
                0x000000002000022c        0x4 build/tasks.o
                0x000000002000022c                pxCurrentTCB
 .bss.pxDelayedTaskList
                0x0000000020000230        0x4 build/tasks.o
 .bss.pxOverflowDelayedTaskList
                0x0000000020000234        0x4 build/tasks.o
 .bss.pxReadyTasksLists
                0x0000000020000238      0x460 build/tasks.o
 .bss.uxCurrentNumberOfTasks
                0x0000000020000698        0x4 build/tasks.o
 .bss.uxDeletedTasksWaitingCleanUp
                0x000000002000069c        0x4 build/tasks.o
 .bss.uxSchedulerSuspended
                0x00000000200006a0        0x4 build/tasks.o
 .bss.uxTaskNumber
                0x00000000200006a4        0x4 build/tasks.o
 .bss.uxTopReadyPriority
                0x00000000200006a8        0x4 build/tasks.o
 .bss.xDelayedTaskList1
                0x00000000200006ac       0x14 build/tasks.o
 .bss.xDelayedTaskList2
                0x00000000200006c0       0x14 build/tasks.o
 .bss.xIdleTaskHandle
                0x00000000200006d4        0x4 build/tasks.o
 .bss.xNextTaskUnblockTime
                0x00000000200006d8        0x4 build/tasks.o
 .bss.xNumOfOverflows
                0x00000000200006dc        0x4 build/tasks.o
 .bss.xPendedTicks
                0x00000000200006e0        0x4 build/tasks.o
 .bss.xPendingReadyList
                0x00000000200006e4       0x14 build/tasks.o
 .bss.xSchedulerRunning
                0x00000000200006f8        0x4 build/tasks.o
 .bss.xSuspendedTaskList
                0x00000000200006fc       0x14 build/tasks.o
 .bss.xTasksWaitingTermination
                0x0000000020000710       0x14 build/tasks.o
 .bss.xTickCount
                0x0000000020000724        0x4 build/tasks.o
 .bss.xYieldPending
                0x0000000020000728        0x4 build/tasks.o
 .bss.pxCurrentTimerList
                0x000000002000072c        0x4 build/timers.o
 .bss.pxOverflowTimerList
                0x0000000020000730        0x4 build/timers.o
 .bss.ucStaticTimerQueueStorage.1
                0x0000000020000734       0xa0 build/timers.o
 .bss.xActiveTimerList1
                0x00000000200007d4       0x14 build/timers.o
 .bss.xActiveTimerList2
                0x00000000200007e8       0x14 build/timers.o
 .bss.xLastTime.2
                0x00000000200007fc        0x4 build/timers.o
 .bss.xStaticTimerQueue.0
                0x0000000020000800       0x50 build/timers.o
 .bss.xTimerQueue
                0x0000000020000850        0x4 build/timers.o
 .bss.xTimerTaskHandle
                0x0000000020000854        0x4 build/timers.o
 .bss.Idle_Stack.2
                0x0000000020000858      0x200 build/cmsis_os2.o
 .bss.Idle_TCB.3
                0x0000000020000a58       0x5c build/cmsis_os2.o
 .bss.Timer_Stack.0
                0x0000000020000ab4      0x400 build/cmsis_os2.o
 .bss.Timer_TCB.1
                0x0000000020000eb4       0x5c build/cmsis_os2.o
 .bss.pxEnd     0x0000000020000f10        0x4 build/heap_4.o
 .bss.ucHeap    0x0000000020000f14     0x3c00 build/heap_4.o
 .bss.xBlockAllocatedBit
                0x0000000020004b14        0x4 build/heap_4.o
 .bss.xFreeBytesRemaining
                0x0000000020004b18        0x4 build/heap_4.o
 .bss.xMinimumEverFreeBytesRemaining
                0x0000000020004b1c        0x4 build/heap_4.o
 .bss.xNumberOfSuccessfulAllocations
                0x0000000020004b20        0x4 build/heap_4.o
 .bss.xNumberOfSuccessfulFrees
                0x0000000020004b24        0x4 build/heap_4.o
 .bss.xStart    0x0000000020004b28        0x8 build/heap_4.o
 .bss.ucMaxSysCallPriority
                0x0000000020004b30        0x1 build/port.o
 *fill*         0x0000000020004b31        0x3 
 .bss.ulMaxPRIGROUPValue
                0x0000000020004b34        0x4 build/port.o
 .bss.__sbrk_heap_end
                0x0000000020004b38        0x4 build/sysmem.o
 .bss.__lock___malloc_recursive_mutex
                0x0000000020004b3c        0x1 /usr/local/bin/../lib/gcc/arm-none-eabi/10.3.1/../../../../arm-none-eabi/lib/thumb/v7e-m+fp/hard/libc_nano.a(lib_a-lock.o)
                0x0000000020004b3c                __lock___malloc_recursive_mutex
 .bss.__lock___sfp_recursive_mutex
                0x0000000020004b3d        0x1 /usr/local/bin/../lib/gcc/arm-none-eabi/10.3.1/../../../../arm-none-eabi/lib/thumb/v7e-m+fp/hard/libc_nano.a(lib_a-lock.o)
                0x0000000020004b3d                __lock___sfp_recursive_mutex
 .bss.__lock___sinit_recursive_mutex
                0x0000000020004b3e        0x1 /usr/local/bin/../lib/gcc/arm-none-eabi/10.3.1/../../../../arm-none-eabi/lib/thumb/v7e-m+fp/hard/libc_nano.a(lib_a-lock.o)
                0x0000000020004b3e                __lock___sinit_recursive_mutex
 *fill*         0x0000000020004b3f        0x1 
 .bss.__malloc_free_list
                0x0000000020004b40        0x4 /usr/local/bin/../lib/gcc/arm-none-eabi/10.3.1/../../../../arm-none-eabi/lib/thumb/v7e-m+fp/hard/libc_nano.a(lib_a-nano-mallocr.o)
                0x0000000020004b40                __malloc_free_list
 .bss.__malloc_sbrk_start
                0x0000000020004b44        0x4 /usr/local/bin/../lib/gcc/arm-none-eabi/10.3.1/../../../../arm-none-eabi/lib/thumb/v7e-m+fp/hard/libc_nano.a(lib_a-nano-mallocr.o)
                0x0000000020004b44                __malloc_sbrk_start
 .bss.errno     0x0000000020004b48        0x4 /usr/local/bin/../lib/gcc/arm-none-eabi/10.3.1/../../../../arm-none-eabi/lib/thumb/v7e-m+fp/hard/libc_nano.a(lib_a-reent.o)
                0x0000000020004b48                errno
 *(COMMON)
                0x0000000020004b4c                . = ALIGN (0x4)
                0x0000000020004b4c                _ebss = .
                0x0000000020004b4c                __bss_end__ = _ebss

._user_heap_stack
                0x0000000020004b4c      0x604 load address 0x0000000008005868
                0x0000000020004b50                . = ALIGN (0x8)
 *fill*         0x0000000020004b4c        0x4 
                [!provide]                        PROVIDE (end = .)
                0x0000000020004b50                PROVIDE (_end = .)
                0x0000000020004d50                . = (. + _Min_Heap_Size)
 *fill*         0x0000000020004b50      0x200 
                0x0000000020005150                . = (. + _Min_Stack_Size)
 *fill*         0x0000000020004d50      0x400 
                0x0000000020005150                . = ALIGN (0x8)

/DISCARD/
 libc.a(*)
 libm.a(*)
 libgcc.a(*)

.ARM.attributes
                0x0000000000000000       0x30
 *(.ARM.attributes)
 .ARM.attributes
                0x0000000000000000       0x1e /usr/local/bin/../lib/gcc/arm-none-eabi/10.3.1/thumb/v7e-m+fp/hard/crti.o
 .ARM.attributes
                0x000000000000001e       0x34 /usr/local/bin/../lib/gcc/arm-none-eabi/10.3.1/thumb/v7e-m+fp/hard/crtbegin.o
 .ARM.attributes
                0x0000000000000052       0x34 build/main.o
 .ARM.attributes
                0x0000000000000086       0x34 build/stm32f4xx_it.o
 .ARM.attributes
                0x00000000000000ba       0x34 build/stm32f4xx_hal_msp.o
 .ARM.attributes
                0x00000000000000ee       0x34 build/stm32f4xx_hal_timebase_tim.o
 .ARM.attributes
                0x0000000000000122       0x34 build/stm32f4xx_hal_adc.o
 .ARM.attributes
                0x0000000000000156       0x34 build/stm32f4xx_hal_adc_ex.o
 .ARM.attributes
                0x000000000000018a       0x34 build/stm32f4xx_hal_rcc.o
 .ARM.attributes
                0x00000000000001be       0x34 build/stm32f4xx_hal_gpio.o
 .ARM.attributes
                0x00000000000001f2       0x34 build/stm32f4xx_hal_dma.o
 .ARM.attributes
                0x0000000000000226       0x34 build/stm32f4xx_hal_cortex.o
 .ARM.attributes
                0x000000000000025a       0x34 build/stm32f4xx_hal.o
 .ARM.attributes
                0x000000000000028e       0x34 build/stm32f4xx_hal_tim.o
 .ARM.attributes
                0x00000000000002c2       0x34 build/stm32f4xx_hal_tim_ex.o
 .ARM.attributes
                0x00000000000002f6       0x34 build/stm32f4xx_hal_uart.o
 .ARM.attributes
                0x000000000000032a       0x34 build/system_stm32f4xx.o
 .ARM.attributes
                0x000000000000035e       0x34 build/list.o
 .ARM.attributes
                0x0000000000000392       0x34 build/queue.o
 .ARM.attributes
                0x00000000000003c6       0x34 build/tasks.o
 .ARM.attributes
                0x00000000000003fa       0x34 build/timers.o
 .ARM.attributes
                0x000000000000042e       0x34 build/cmsis_os2.o
 .ARM.attributes
                0x0000000000000462       0x34 build/heap_4.o
 .ARM.attributes
                0x0000000000000496       0x34 build/port.o
 .ARM.attributes
                0x00000000000004ca       0x34 build/sysmem.o
 .ARM.attributes
                0x00000000000004fe       0x34 build/syscalls.o
 .ARM.attributes
                0x0000000000000532       0x21 build/startup_stm32f411xe.o
 .ARM.attributes
                0x0000000000000553       0x34 /usr/local/bin/../lib/gcc/arm-none-eabi/10.3.1/../../../../arm-none-eabi/lib/thumb/v7e-m+fp/hard/libc_nano.a(lib_a-errno.o)
 .ARM.attributes
                0x0000000000000587       0x34 /usr/local/bin/../lib/gcc/arm-none-eabi/10.3.1/../../../../arm-none-eabi/lib/thumb/v7e-m+fp/hard/libc_nano.a(lib_a-impure.o)
 .ARM.attributes
                0x00000000000005bb       0x34 /usr/local/bin/../lib/gcc/arm-none-eabi/10.3.1/../../../../arm-none-eabi/lib/thumb/v7e-m+fp/hard/libc_nano.a(lib_a-init.o)
 .ARM.attributes
                0x00000000000005ef       0x34 /usr/local/bin/../lib/gcc/arm-none-eabi/10.3.1/../../../../arm-none-eabi/lib/thumb/v7e-m+fp/hard/libc_nano.a(lib_a-memcpy-stub.o)
 .ARM.attributes
                0x0000000000000623       0x34 /usr/local/bin/../lib/gcc/arm-none-eabi/10.3.1/../../../../arm-none-eabi/lib/thumb/v7e-m+fp/hard/libc_nano.a(lib_a-memset.o)
 .ARM.attributes
                0x0000000000000657       0x34 /usr/local/bin/../lib/gcc/arm-none-eabi/10.3.1/../../../../arm-none-eabi/lib/thumb/v7e-m+fp/hard/libc_nano.a(lib_a-printf.o)
 .ARM.attributes
                0x000000000000068b       0x34 /usr/local/bin/../lib/gcc/arm-none-eabi/10.3.1/../../../../arm-none-eabi/lib/thumb/v7e-m+fp/hard/libc_nano.a(lib_a-puts.o)
 .ARM.attributes
                0x00000000000006bf       0x34 /usr/local/bin/../lib/gcc/arm-none-eabi/10.3.1/../../../../arm-none-eabi/lib/thumb/v7e-m+fp/hard/libc_nano.a(lib_a-wbuf.o)
 .ARM.attributes
                0x00000000000006f3       0x34 /usr/local/bin/../lib/gcc/arm-none-eabi/10.3.1/../../../../arm-none-eabi/lib/thumb/v7e-m+fp/hard/libc_nano.a(lib_a-wsetup.o)
 .ARM.attributes
                0x0000000000000727       0x34 /usr/local/bin/../lib/gcc/arm-none-eabi/10.3.1/../../../../arm-none-eabi/lib/thumb/v7e-m+fp/hard/libc_nano.a(lib_a-fflush.o)
 .ARM.attributes
                0x000000000000075b       0x34 /usr/local/bin/../lib/gcc/arm-none-eabi/10.3.1/../../../../arm-none-eabi/lib/thumb/v7e-m+fp/hard/libc_nano.a(lib_a-findfp.o)
 .ARM.attributes
                0x000000000000078f       0x34 /usr/local/bin/../lib/gcc/arm-none-eabi/10.3.1/../../../../arm-none-eabi/lib/thumb/v7e-m+fp/hard/libc_nano.a(lib_a-fwalk.o)
 .ARM.attributes
                0x00000000000007c3       0x34 /usr/local/bin/../lib/gcc/arm-none-eabi/10.3.1/../../../../arm-none-eabi/lib/thumb/v7e-m+fp/hard/libc_nano.a(lib_a-lock.o)
 .ARM.attributes
                0x00000000000007f7       0x34 /usr/local/bin/../lib/gcc/arm-none-eabi/10.3.1/../../../../arm-none-eabi/lib/thumb/v7e-m+fp/hard/libc_nano.a(lib_a-makebuf.o)
 .ARM.attributes
                0x000000000000082b       0x34 /usr/local/bin/../lib/gcc/arm-none-eabi/10.3.1/../../../../arm-none-eabi/lib/thumb/v7e-m+fp/hard/libc_nano.a(lib_a-nano-freer.o)
 .ARM.attributes
                0x000000000000085f       0x34 /usr/local/bin/../lib/gcc/arm-none-eabi/10.3.1/../../../../arm-none-eabi/lib/thumb/v7e-m+fp/hard/libc_nano.a(lib_a-nano-mallocr.o)
 .ARM.attributes
                0x0000000000000893       0x34 /usr/local/bin/../lib/gcc/arm-none-eabi/10.3.1/../../../../arm-none-eabi/lib/thumb/v7e-m+fp/hard/libc_nano.a(lib_a-nano-vfprintf.o)
 .ARM.attributes
                0x00000000000008c7       0x34 /usr/local/bin/../lib/gcc/arm-none-eabi/10.3.1/../../../../arm-none-eabi/lib/thumb/v7e-m+fp/hard/libc_nano.a(lib_a-nano-vfprintf_i.o)
 .ARM.attributes
                0x00000000000008fb       0x34 /usr/local/bin/../lib/gcc/arm-none-eabi/10.3.1/../../../../arm-none-eabi/lib/thumb/v7e-m+fp/hard/libc_nano.a(lib_a-sbrkr.o)
 .ARM.attributes
                0x000000000000092f       0x34 /usr/local/bin/../lib/gcc/arm-none-eabi/10.3.1/../../../../arm-none-eabi/lib/thumb/v7e-m+fp/hard/libc_nano.a(lib_a-stdio.o)
 .ARM.attributes
                0x0000000000000963       0x34 /usr/local/bin/../lib/gcc/arm-none-eabi/10.3.1/../../../../arm-none-eabi/lib/thumb/v7e-m+fp/hard/libc_nano.a(lib_a-writer.o)
 .ARM.attributes
                0x0000000000000997       0x34 /usr/local/bin/../lib/gcc/arm-none-eabi/10.3.1/../../../../arm-none-eabi/lib/thumb/v7e-m+fp/hard/libc_nano.a(lib_a-closer.o)
 .ARM.attributes
                0x00000000000009cb       0x34 /usr/local/bin/../lib/gcc/arm-none-eabi/10.3.1/../../../../arm-none-eabi/lib/thumb/v7e-m+fp/hard/libc_nano.a(lib_a-fstatr.o)
 .ARM.attributes
                0x00000000000009ff       0x34 /usr/local/bin/../lib/gcc/arm-none-eabi/10.3.1/../../../../arm-none-eabi/lib/thumb/v7e-m+fp/hard/libc_nano.a(lib_a-isattyr.o)
 .ARM.attributes
                0x0000000000000a33       0x34 /usr/local/bin/../lib/gcc/arm-none-eabi/10.3.1/../../../../arm-none-eabi/lib/thumb/v7e-m+fp/hard/libc_nano.a(lib_a-lseekr.o)
 .ARM.attributes
                0x0000000000000a67       0x1c /usr/local/bin/../lib/gcc/arm-none-eabi/10.3.1/../../../../arm-none-eabi/lib/thumb/v7e-m+fp/hard/libc_nano.a(lib_a-memchr.o)
 .ARM.attributes
                0x0000000000000a83       0x34 /usr/local/bin/../lib/gcc/arm-none-eabi/10.3.1/../../../../arm-none-eabi/lib/thumb/v7e-m+fp/hard/libc_nano.a(lib_a-mlock.o)
 .ARM.attributes
                0x0000000000000ab7       0x34 /usr/local/bin/../lib/gcc/arm-none-eabi/10.3.1/../../../../arm-none-eabi/lib/thumb/v7e-m+fp/hard/libc_nano.a(lib_a-readr.o)
 .ARM.attributes
                0x0000000000000aeb       0x34 /usr/local/bin/../lib/gcc/arm-none-eabi/10.3.1/../../../../arm-none-eabi/lib/thumb/v7e-m+fp/hard/libc_nano.a(lib_a-reent.o)
 .ARM.attributes
                0x0000000000000b1f       0x1e /usr/local/bin/../lib/gcc/arm-none-eabi/10.3.1/thumb/v7e-m+fp/hard/libgcc.a(_aeabi_uldivmod.o)
 .ARM.attributes
                0x0000000000000b3d       0x34 /usr/local/bin/../lib/gcc/arm-none-eabi/10.3.1/thumb/v7e-m+fp/hard/libgcc.a(_udivmoddi4.o)
 .ARM.attributes
                0x0000000000000b71       0x1e /usr/local/bin/../lib/gcc/arm-none-eabi/10.3.1/thumb/v7e-m+fp/hard/libgcc.a(_dvmd_tls.o)
 .ARM.attributes
                0x0000000000000b8f       0x1e /usr/local/bin/../lib/gcc/arm-none-eabi/10.3.1/thumb/v7e-m+fp/hard/crtn.o
OUTPUT(build/FreeRTOS.elf elf32-littlearm)
LOAD linker stubs
LOAD /usr/local/bin/../lib/gcc/arm-none-eabi/10.3.1/../../../../arm-none-eabi/lib/thumb/v7e-m+fp/hard/libc.a
LOAD /usr/local/bin/../lib/gcc/arm-none-eabi/10.3.1/../../../../arm-none-eabi/lib/thumb/v7e-m+fp/hard/libm.a
LOAD /usr/local/bin/../lib/gcc/arm-none-eabi/10.3.1/thumb/v7e-m+fp/hard/libgcc.a

.debug_info     0x0000000000000000    0x22dc2
 .debug_info    0x0000000000000000     0x225b build/main.o
 .debug_info    0x000000000000225b      0xb29 build/stm32f4xx_it.o
 .debug_info    0x0000000000002d84     0x1092 build/stm32f4xx_hal_msp.o
 .debug_info    0x0000000000003e16      0xd0a build/stm32f4xx_hal_timebase_tim.o
 .debug_info    0x0000000000004b20     0x1002 build/stm32f4xx_hal_adc.o
 .debug_info    0x0000000000005b22      0xda5 build/stm32f4xx_hal_adc_ex.o
 .debug_info    0x00000000000068c7      0xc13 build/stm32f4xx_hal_rcc.o
 .debug_info    0x00000000000074da      0x872 build/stm32f4xx_hal_gpio.o
 .debug_info    0x0000000000007d4c      0xbc9 build/stm32f4xx_hal_dma.o
 .debug_info    0x0000000000008915     0x10fb build/stm32f4xx_hal_cortex.o
 .debug_info    0x0000000000009a10      0xa66 build/stm32f4xx_hal.o
 .debug_info    0x000000000000a476     0x40c4 build/stm32f4xx_hal_tim.o
 .debug_info    0x000000000000e53a     0x1c87 build/stm32f4xx_hal_tim_ex.o
 .debug_info    0x00000000000101c1     0x4326 build/stm32f4xx_hal_uart.o
 .debug_info    0x00000000000144e7      0x5e5 build/system_stm32f4xx.o
 .debug_info    0x0000000000014acc      0x30f build/list.o
 .debug_info    0x0000000000014ddb     0x2968 build/queue.o
 .debug_info    0x0000000000017743     0x375f build/tasks.o
 .debug_info    0x000000000001aea2     0x1bd3 build/timers.o
 .debug_info    0x000000000001ca75     0x4d8f build/cmsis_os2.o
 .debug_info    0x0000000000021804      0x61a build/heap_4.o
 .debug_info    0x0000000000021e1e      0x5c8 build/port.o
 .debug_info    0x00000000000223e6      0x185 build/sysmem.o
 .debug_info    0x000000000002256b      0x835 build/syscalls.o
 .debug_info    0x0000000000022da0       0x22 build/startup_stm32f411xe.o

.debug_abbrev   0x0000000000000000     0x3d7d
 .debug_abbrev  0x0000000000000000      0x305 build/main.o
 .debug_abbrev  0x0000000000000305      0x1b8 build/stm32f4xx_it.o
 .debug_abbrev  0x00000000000004bd      0x1d8 build/stm32f4xx_hal_msp.o
 .debug_abbrev  0x0000000000000695      0x213 build/stm32f4xx_hal_timebase_tim.o
 .debug_abbrev  0x00000000000008a8      0x252 build/stm32f4xx_hal_adc.o
 .debug_abbrev  0x0000000000000afa      0x275 build/stm32f4xx_hal_adc_ex.o
 .debug_abbrev  0x0000000000000d6f      0x2aa build/stm32f4xx_hal_rcc.o
 .debug_abbrev  0x0000000000001019      0x22b build/stm32f4xx_hal_gpio.o
 .debug_abbrev  0x0000000000001244      0x2bf build/stm32f4xx_hal_dma.o
 .debug_abbrev  0x0000000000001503      0x382 build/stm32f4xx_hal_cortex.o
 .debug_abbrev  0x0000000000001885      0x23a build/stm32f4xx_hal.o
 .debug_abbrev  0x0000000000001abf      0x29a build/stm32f4xx_hal_tim.o
 .debug_abbrev  0x0000000000001d59      0x2b0 build/stm32f4xx_hal_tim_ex.o
 .debug_abbrev  0x0000000000002009      0x367 build/stm32f4xx_hal_uart.o
 .debug_abbrev  0x0000000000002370      0x11b build/system_stm32f4xx.o
 .debug_abbrev  0x000000000000248b      0x124 build/list.o
 .debug_abbrev  0x00000000000025af      0x3c4 build/queue.o
 .debug_abbrev  0x0000000000002973      0x387 build/tasks.o
 .debug_abbrev  0x0000000000002cfa      0x366 build/timers.o
 .debug_abbrev  0x0000000000003060      0x56a build/cmsis_os2.o
 .debug_abbrev  0x00000000000035ca      0x269 build/heap_4.o
 .debug_abbrev  0x0000000000003833      0x28a build/port.o
 .debug_abbrev  0x0000000000003abd       0xea build/sysmem.o
 .debug_abbrev  0x0000000000003ba7      0x1c4 build/syscalls.o
 .debug_abbrev  0x0000000000003d6b       0x12 build/startup_stm32f411xe.o

.debug_loc      0x0000000000000000    0x1e5ad
 .debug_loc     0x0000000000000000      0x611 build/main.o
 .debug_loc     0x0000000000000611       0x80 build/stm32f4xx_it.o
 .debug_loc     0x0000000000000691      0x1e8 build/stm32f4xx_hal_msp.o
 .debug_loc     0x0000000000000879       0xf5 build/stm32f4xx_hal_timebase_tim.o
 .debug_loc     0x000000000000096e      0xdb9 build/stm32f4xx_hal_adc.o
 .debug_loc     0x0000000000001727      0xc8a build/stm32f4xx_hal_adc_ex.o
 .debug_loc     0x00000000000023b1      0x6e4 build/stm32f4xx_hal_rcc.o
 .debug_loc     0x0000000000002a95      0x5e8 build/stm32f4xx_hal_gpio.o
 .debug_loc     0x000000000000307d      0xd6d build/stm32f4xx_hal_dma.o
 .debug_loc     0x0000000000003dea      0x7a4 build/stm32f4xx_hal_cortex.o
 .debug_loc     0x000000000000458e      0x1e1 build/stm32f4xx_hal.o
 .debug_loc     0x000000000000476f     0x5cc1 build/stm32f4xx_hal_tim.o
 .debug_loc     0x000000000000a430     0x212a build/stm32f4xx_hal_tim_ex.o
 .debug_loc     0x000000000000c55a     0x4d30 build/stm32f4xx_hal_uart.o
 .debug_loc     0x000000000001128a      0x158 build/system_stm32f4xx.o
 .debug_loc     0x00000000000113e2       0xe5 build/list.o
 .debug_loc     0x00000000000114c7     0x1fe4 build/queue.o
 .debug_loc     0x00000000000134ab     0x3187 build/tasks.o
 .debug_loc     0x0000000000016632     0x1586 build/timers.o
 .debug_loc     0x0000000000017bb8     0x5dbc build/cmsis_os2.o
 .debug_loc     0x000000000001d974      0x4e4 build/heap_4.o
 .debug_loc     0x000000000001de58      0x1c0 build/port.o
 .debug_loc     0x000000000001e018       0x84 build/sysmem.o
 .debug_loc     0x000000000001e09c      0x511 build/syscalls.o

.debug_aranges  0x0000000000000000     0x1690
 .debug_aranges
                0x0000000000000000       0xa8 build/main.o
 .debug_aranges
                0x00000000000000a8       0x68 build/stm32f4xx_it.o
 .debug_aranges
                0x0000000000000110       0x40 build/stm32f4xx_hal_msp.o
 .debug_aranges
                0x0000000000000150       0x30 build/stm32f4xx_hal_timebase_tim.o
 .debug_aranges
                0x0000000000000180       0xe8 build/stm32f4xx_hal_adc.o
 .debug_aranges
                0x0000000000000268       0x90 build/stm32f4xx_hal_adc_ex.o
 .debug_aranges
                0x00000000000002f8       0x88 build/stm32f4xx_hal_rcc.o
 .debug_aranges
                0x0000000000000380       0x58 build/stm32f4xx_hal_gpio.o
 .debug_aranges
                0x00000000000003d8       0x90 build/stm32f4xx_hal_dma.o
 .debug_aranges
                0x0000000000000468       0xb0 build/stm32f4xx_hal_cortex.o
 .debug_aranges
                0x0000000000000518       0xf0 build/stm32f4xx_hal.o
 .debug_aranges
                0x0000000000000608      0x3d0 build/stm32f4xx_hal_tim.o
 .debug_aranges
                0x00000000000009d8      0x168 build/stm32f4xx_hal_tim_ex.o
 .debug_aranges
                0x0000000000000b40      0x208 build/stm32f4xx_hal_uart.o
 .debug_aranges
                0x0000000000000d48       0x28 build/system_stm32f4xx.o
 .debug_aranges
                0x0000000000000d70       0x40 build/list.o
 .debug_aranges
                0x0000000000000db0      0x158 build/queue.o
 .debug_aranges
                0x0000000000000f08      0x230 build/tasks.o
 .debug_aranges
                0x0000000000001138       0xf0 build/timers.o
 .debug_aranges
                0x0000000000001228      0x2a0 build/cmsis_os2.o
 .debug_aranges
                0x00000000000014c8       0x58 build/heap_4.o
 .debug_aranges
                0x0000000000001520       0x80 build/port.o
 .debug_aranges
                0x00000000000015a0       0x20 build/sysmem.o
 .debug_aranges
                0x00000000000015c0       0xa8 build/syscalls.o
 .debug_aranges
                0x0000000000001668       0x28 build/startup_stm32f411xe.o

.debug_ranges   0x0000000000000000     0x1808
 .debug_ranges  0x0000000000000000       0x98 build/main.o
 .debug_ranges  0x0000000000000098       0x58 build/stm32f4xx_it.o
 .debug_ranges  0x00000000000000f0       0x30 build/stm32f4xx_hal_msp.o
 .debug_ranges  0x0000000000000120       0x20 build/stm32f4xx_hal_timebase_tim.o
 .debug_ranges  0x0000000000000140       0xd8 build/stm32f4xx_hal_adc.o
 .debug_ranges  0x0000000000000218       0x80 build/stm32f4xx_hal_adc_ex.o
 .debug_ranges  0x0000000000000298       0x90 build/stm32f4xx_hal_rcc.o
 .debug_ranges  0x0000000000000328       0x48 build/stm32f4xx_hal_gpio.o
 .debug_ranges  0x0000000000000370       0x80 build/stm32f4xx_hal_dma.o
 .debug_ranges  0x00000000000003f0      0x100 build/stm32f4xx_hal_cortex.o
 .debug_ranges  0x00000000000004f0       0xe0 build/stm32f4xx_hal.o
 .debug_ranges  0x00000000000005d0      0x3c0 build/stm32f4xx_hal_tim.o
 .debug_ranges  0x0000000000000990      0x158 build/stm32f4xx_hal_tim_ex.o
 .debug_ranges  0x0000000000000ae8      0x210 build/stm32f4xx_hal_uart.o
 .debug_ranges  0x0000000000000cf8       0x18 build/system_stm32f4xx.o
 .debug_ranges  0x0000000000000d10       0x30 build/list.o
 .debug_ranges  0x0000000000000d40      0x218 build/queue.o
 .debug_ranges  0x0000000000000f58      0x390 build/tasks.o
 .debug_ranges  0x00000000000012e8       0xe0 build/timers.o
 .debug_ranges  0x00000000000013c8      0x2a8 build/cmsis_os2.o
 .debug_ranges  0x0000000000001670       0x48 build/heap_4.o
 .debug_ranges  0x00000000000016b8       0x88 build/port.o
 .debug_ranges  0x0000000000001740       0x10 build/sysmem.o
 .debug_ranges  0x0000000000001750       0x98 build/syscalls.o
 .debug_ranges  0x00000000000017e8       0x20 build/startup_stm32f411xe.o

.debug_line     0x0000000000000000    0x1a0c1
 .debug_line    0x0000000000000000      0x816 build/main.o
 .debug_line    0x0000000000000816      0x2b8 build/stm32f4xx_it.o
 .debug_line    0x0000000000000ace      0x339 build/stm32f4xx_hal_msp.o
 .debug_line    0x0000000000000e07      0x27e build/stm32f4xx_hal_timebase_tim.o
 .debug_line    0x0000000000001085      0xfd8 build/stm32f4xx_hal_adc.o
 .debug_line    0x000000000000205d      0xc2c build/stm32f4xx_hal_adc_ex.o
 .debug_line    0x0000000000002c89      0xac0 build/stm32f4xx_hal_rcc.o
 .debug_line    0x0000000000003749      0x673 build/stm32f4xx_hal_gpio.o
 .debug_line    0x0000000000003dbc      0xdd5 build/stm32f4xx_hal_dma.o
 .debug_line    0x0000000000004b91      0x741 build/stm32f4xx_hal_cortex.o
 .debug_line    0x00000000000052d2      0x515 build/stm32f4xx_hal.o
 .debug_line    0x00000000000057e7     0x499e build/stm32f4xx_hal_tim.o
 .debug_line    0x000000000000a185     0x1bfc build/stm32f4xx_hal_tim_ex.o
 .debug_line    0x000000000000bd81     0x426b build/stm32f4xx_hal_uart.o
 .debug_line    0x000000000000ffec      0x200 build/system_stm32f4xx.o
 .debug_line    0x00000000000101ec      0x309 build/list.o
 .debug_line    0x00000000000104f5     0x1fd2 build/queue.o
 .debug_line    0x00000000000124c7     0x30c7 build/tasks.o
 .debug_line    0x000000000001558e      0xea8 build/timers.o
 .debug_line    0x0000000000016436     0x29a5 build/cmsis_os2.o
 .debug_line    0x0000000000018ddb      0x6ba build/heap_4.o
 .debug_line    0x0000000000019495      0x6ba build/port.o
 .debug_line    0x0000000000019b4f      0x14a build/sysmem.o
 .debug_line    0x0000000000019c99      0x3b2 build/syscalls.o
 .debug_line    0x000000000001a04b       0x76 build/startup_stm32f411xe.o

.debug_str      0x0000000000000000     0x784b
 .debug_str     0x0000000000000000     0x13f4 build/main.o
                                       0x1558 (size before relaxing)
 .debug_str     0x00000000000013f4      0x121 build/stm32f4xx_it.o
                                        0x97b (size before relaxing)
 .debug_str     0x0000000000001515       0xb5 build/stm32f4xx_hal_msp.o
                                        0xdb6 (size before relaxing)
 .debug_str     0x00000000000015ca      0x100 build/stm32f4xx_hal_timebase_tim.o
                                        0xcfe (size before relaxing)
 .debug_str     0x00000000000016ca      0x2b8 build/stm32f4xx_hal_adc.o
                                        0x953 (size before relaxing)
 .debug_str     0x0000000000001982      0x2dc build/stm32f4xx_hal_adc_ex.o
                                        0x9a7 (size before relaxing)
 .debug_str     0x0000000000001c5e      0x1bb build/stm32f4xx_hal_rcc.o
                                        0x709 (size before relaxing)
 .debug_str     0x0000000000001e19       0xd9 build/stm32f4xx_hal_gpio.o
                                        0x4e3 (size before relaxing)
 .debug_str     0x0000000000001ef2      0x2bd build/stm32f4xx_hal_dma.o
                                        0x767 (size before relaxing)
 .debug_str     0x00000000000021af      0x4db build/stm32f4xx_hal_cortex.o
                                        0xadc (size before relaxing)
 .debug_str     0x000000000000268a      0x26e build/stm32f4xx_hal.o
                                        0xa05 (size before relaxing)
 .debug_str     0x00000000000028f8      0xe97 build/stm32f4xx_hal_tim.o
                                       0x16ba (size before relaxing)
 .debug_str     0x000000000000378f      0x591 build/stm32f4xx_hal_tim_ex.o
                                        0xeab (size before relaxing)
 .debug_str     0x0000000000003d20      0x5fd build/stm32f4xx_hal_uart.o
                                        0xd8c (size before relaxing)
 .debug_str     0x000000000000431d       0x47 build/system_stm32f4xx.o
                                        0x378 (size before relaxing)
 .debug_str     0x0000000000004364      0x136 build/list.o
                                        0x2f3 (size before relaxing)
 .debug_str     0x000000000000449a      0x96f build/queue.o
                                        0xd09 (size before relaxing)
 .debug_str     0x0000000000004e09      0xcee build/tasks.o
                                       0x139f (size before relaxing)
 .debug_str     0x0000000000005af7      0x5d8 build/timers.o
                                        0xc39 (size before relaxing)
 .debug_str     0x00000000000060cf     0x10a7 build/cmsis_os2.o
                                       0x1fee (size before relaxing)
 .debug_str     0x0000000000007176      0x2bf build/heap_4.o
                                        0x501 (size before relaxing)
 .debug_str     0x0000000000007435      0x17d build/port.o
                                        0x473 (size before relaxing)
 .debug_str     0x00000000000075b2       0x7a build/sysmem.o
                                        0x216 (size before relaxing)
 .debug_str     0x000000000000762c      0x1fb build/syscalls.o
                                        0x3ea (size before relaxing)
 .debug_str     0x0000000000007827       0x24 build/startup_stm32f411xe.o
                                         0x5b (size before relaxing)

.comment        0x0000000000000000       0x49
 .comment       0x0000000000000000       0x49 build/main.o
                                         0x4a (size before relaxing)
 .comment       0x0000000000000049       0x4a build/stm32f4xx_it.o
 .comment       0x0000000000000049       0x4a build/stm32f4xx_hal_msp.o
 .comment       0x0000000000000049       0x4a build/stm32f4xx_hal_timebase_tim.o
 .comment       0x0000000000000049       0x4a build/stm32f4xx_hal_adc.o
 .comment       0x0000000000000049       0x4a build/stm32f4xx_hal_adc_ex.o
 .comment       0x0000000000000049       0x4a build/stm32f4xx_hal_rcc.o
 .comment       0x0000000000000049       0x4a build/stm32f4xx_hal_gpio.o
 .comment       0x0000000000000049       0x4a build/stm32f4xx_hal_dma.o
 .comment       0x0000000000000049       0x4a build/stm32f4xx_hal_cortex.o
 .comment       0x0000000000000049       0x4a build/stm32f4xx_hal.o
 .comment       0x0000000000000049       0x4a build/stm32f4xx_hal_tim.o
 .comment       0x0000000000000049       0x4a build/stm32f4xx_hal_tim_ex.o
 .comment       0x0000000000000049       0x4a build/stm32f4xx_hal_uart.o
 .comment       0x0000000000000049       0x4a build/system_stm32f4xx.o
 .comment       0x0000000000000049       0x4a build/list.o
 .comment       0x0000000000000049       0x4a build/queue.o
 .comment       0x0000000000000049       0x4a build/tasks.o
 .comment       0x0000000000000049       0x4a build/timers.o
 .comment       0x0000000000000049       0x4a build/cmsis_os2.o
 .comment       0x0000000000000049       0x4a build/heap_4.o
 .comment       0x0000000000000049       0x4a build/port.o
 .comment       0x0000000000000049       0x4a build/sysmem.o
 .comment       0x0000000000000049       0x4a build/syscalls.o

.debug_frame    0x0000000000000000     0x4860
 .debug_frame   0x0000000000000000      0x1dc build/main.o
 .debug_frame   0x00000000000001dc       0xd0 build/stm32f4xx_it.o
 .debug_frame   0x00000000000002ac       0x9c build/stm32f4xx_hal_msp.o
 .debug_frame   0x0000000000000348       0x54 build/stm32f4xx_hal_timebase_tim.o
 .debug_frame   0x000000000000039c      0x268 build/stm32f4xx_hal_adc.o
 .debug_frame   0x0000000000000604      0x18c build/stm32f4xx_hal_adc_ex.o
 .debug_frame   0x0000000000000790      0x16c build/stm32f4xx_hal_rcc.o
 .debug_frame   0x00000000000008fc       0xd8 build/stm32f4xx_hal_gpio.o
 .debug_frame   0x00000000000009d4      0x188 build/stm32f4xx_hal_dma.o
 .debug_frame   0x0000000000000b5c      0x158 build/stm32f4xx_hal_cortex.o
 .debug_frame   0x0000000000000cb4      0x1ec build/stm32f4xx_hal.o
 .debug_frame   0x0000000000000ea0      0xb24 build/stm32f4xx_hal_tim.o
 .debug_frame   0x00000000000019c4      0x40c build/stm32f4xx_hal_tim_ex.o
 .debug_frame   0x0000000000001dd0      0x5e4 build/stm32f4xx_hal_uart.o
 .debug_frame   0x00000000000023b4       0x30 build/system_stm32f4xx.o
 .debug_frame   0x00000000000023e4       0x70 build/list.o
 .debug_frame   0x0000000000002454      0x458 build/queue.o
 .debug_frame   0x00000000000028ac      0x724 build/tasks.o
 .debug_frame   0x0000000000002fd0      0x30c build/timers.o
 .debug_frame   0x00000000000032dc      0x900 build/cmsis_os2.o
 .debug_frame   0x0000000000003bdc       0xd0 build/heap_4.o
 .debug_frame   0x0000000000003cac      0x110 build/port.o
 .debug_frame   0x0000000000003dbc       0x28 build/sysmem.o
 .debug_frame   0x0000000000003de4      0x190 build/syscalls.o
 .debug_frame   0x0000000000003f74       0x20 /usr/local/bin/../lib/gcc/arm-none-eabi/10.3.1/../../../../arm-none-eabi/lib/thumb/v7e-m+fp/hard/libc_nano.a(lib_a-errno.o)
 .debug_frame   0x0000000000003f94       0x2c /usr/local/bin/../lib/gcc/arm-none-eabi/10.3.1/../../../../arm-none-eabi/lib/thumb/v7e-m+fp/hard/libc_nano.a(lib_a-init.o)
 .debug_frame   0x0000000000003fc0       0x28 /usr/local/bin/../lib/gcc/arm-none-eabi/10.3.1/../../../../arm-none-eabi/lib/thumb/v7e-m+fp/hard/libc_nano.a(lib_a-memcpy-stub.o)
 .debug_frame   0x0000000000003fe8       0x20 /usr/local/bin/../lib/gcc/arm-none-eabi/10.3.1/../../../../arm-none-eabi/lib/thumb/v7e-m+fp/hard/libc_nano.a(lib_a-memset.o)
 .debug_frame   0x0000000000004008       0x74 /usr/local/bin/../lib/gcc/arm-none-eabi/10.3.1/../../../../arm-none-eabi/lib/thumb/v7e-m+fp/hard/libc_nano.a(lib_a-printf.o)
 .debug_frame   0x000000000000407c       0x3c /usr/local/bin/../lib/gcc/arm-none-eabi/10.3.1/../../../../arm-none-eabi/lib/thumb/v7e-m+fp/hard/libc_nano.a(lib_a-puts.o)
 .debug_frame   0x00000000000040b8       0x40 /usr/local/bin/../lib/gcc/arm-none-eabi/10.3.1/../../../../arm-none-eabi/lib/thumb/v7e-m+fp/hard/libc_nano.a(lib_a-wbuf.o)
 .debug_frame   0x00000000000040f8       0x2c /usr/local/bin/../lib/gcc/arm-none-eabi/10.3.1/../../../../arm-none-eabi/lib/thumb/v7e-m+fp/hard/libc_nano.a(lib_a-wsetup.o)
 .debug_frame   0x0000000000004124       0x5c /usr/local/bin/../lib/gcc/arm-none-eabi/10.3.1/../../../../arm-none-eabi/lib/thumb/v7e-m+fp/hard/libc_nano.a(lib_a-fflush.o)
 .debug_frame   0x0000000000004180      0x14c /usr/local/bin/../lib/gcc/arm-none-eabi/10.3.1/../../../../arm-none-eabi/lib/thumb/v7e-m+fp/hard/libc_nano.a(lib_a-findfp.o)
 .debug_frame   0x00000000000042cc       0x54 /usr/local/bin/../lib/gcc/arm-none-eabi/10.3.1/../../../../arm-none-eabi/lib/thumb/v7e-m+fp/hard/libc_nano.a(lib_a-fwalk.o)
 .debug_frame   0x0000000000004320       0xb0 /usr/local/bin/../lib/gcc/arm-none-eabi/10.3.1/../../../../arm-none-eabi/lib/thumb/v7e-m+fp/hard/libc_nano.a(lib_a-lock.o)
 .debug_frame   0x00000000000043d0       0x58 /usr/local/bin/../lib/gcc/arm-none-eabi/10.3.1/../../../../arm-none-eabi/lib/thumb/v7e-m+fp/hard/libc_nano.a(lib_a-makebuf.o)
 .debug_frame   0x0000000000004428       0x38 /usr/local/bin/../lib/gcc/arm-none-eabi/10.3.1/../../../../arm-none-eabi/lib/thumb/v7e-m+fp/hard/libc_nano.a(lib_a-nano-freer.o)
 .debug_frame   0x0000000000004460       0x4c /usr/local/bin/../lib/gcc/arm-none-eabi/10.3.1/../../../../arm-none-eabi/lib/thumb/v7e-m+fp/hard/libc_nano.a(lib_a-nano-mallocr.o)
 .debug_frame   0x00000000000044ac       0xac /usr/local/bin/../lib/gcc/arm-none-eabi/10.3.1/../../../../arm-none-eabi/lib/thumb/v7e-m+fp/hard/libc_nano.a(lib_a-nano-vfprintf.o)
 .debug_frame   0x0000000000004558       0x60 /usr/local/bin/../lib/gcc/arm-none-eabi/10.3.1/../../../../arm-none-eabi/lib/thumb/v7e-m+fp/hard/libc_nano.a(lib_a-nano-vfprintf_i.o)
 .debug_frame   0x00000000000045b8       0x2c /usr/local/bin/../lib/gcc/arm-none-eabi/10.3.1/../../../../arm-none-eabi/lib/thumb/v7e-m+fp/hard/libc_nano.a(lib_a-sbrkr.o)
 .debug_frame   0x00000000000045e4       0x88 /usr/local/bin/../lib/gcc/arm-none-eabi/10.3.1/../../../../arm-none-eabi/lib/thumb/v7e-m+fp/hard/libc_nano.a(lib_a-stdio.o)
 .debug_frame   0x000000000000466c       0x2c /usr/local/bin/../lib/gcc/arm-none-eabi/10.3.1/../../../../arm-none-eabi/lib/thumb/v7e-m+fp/hard/libc_nano.a(lib_a-writer.o)
 .debug_frame   0x0000000000004698       0x2c /usr/local/bin/../lib/gcc/arm-none-eabi/10.3.1/../../../../arm-none-eabi/lib/thumb/v7e-m+fp/hard/libc_nano.a(lib_a-closer.o)
 .debug_frame   0x00000000000046c4       0x2c /usr/local/bin/../lib/gcc/arm-none-eabi/10.3.1/../../../../arm-none-eabi/lib/thumb/v7e-m+fp/hard/libc_nano.a(lib_a-fstatr.o)
 .debug_frame   0x00000000000046f0       0x2c /usr/local/bin/../lib/gcc/arm-none-eabi/10.3.1/../../../../arm-none-eabi/lib/thumb/v7e-m+fp/hard/libc_nano.a(lib_a-isattyr.o)
 .debug_frame   0x000000000000471c       0x2c /usr/local/bin/../lib/gcc/arm-none-eabi/10.3.1/../../../../arm-none-eabi/lib/thumb/v7e-m+fp/hard/libc_nano.a(lib_a-lseekr.o)
 .debug_frame   0x0000000000004748       0x30 /usr/local/bin/../lib/gcc/arm-none-eabi/10.3.1/../../../../arm-none-eabi/lib/thumb/v7e-m+fp/hard/libc_nano.a(lib_a-mlock.o)
 .debug_frame   0x0000000000004778       0x2c /usr/local/bin/../lib/gcc/arm-none-eabi/10.3.1/../../../../arm-none-eabi/lib/thumb/v7e-m+fp/hard/libc_nano.a(lib_a-readr.o)
 .debug_frame   0x00000000000047a4       0x5c /usr/local/bin/../lib/gcc/arm-none-eabi/10.3.1/../../../../arm-none-eabi/lib/thumb/v7e-m+fp/hard/libc_nano.a(lib_a-reent.o)
 .debug_frame   0x0000000000004800       0x2c /usr/local/bin/../lib/gcc/arm-none-eabi/10.3.1/thumb/v7e-m+fp/hard/libgcc.a(_aeabi_uldivmod.o)
 .debug_frame   0x000000000000482c       0x34 /usr/local/bin/../lib/gcc/arm-none-eabi/10.3.1/thumb/v7e-m+fp/hard/libgcc.a(_udivmoddi4.o)

Cross Reference Table

Symbol                                            File
ADC_IRQHandler                                    build/stm32f4xx_it.o
AHBPrescTable                                     build/system_stm32f4xx.o
                                                  build/stm32f4xx_hal_rcc.o
APBPrescTable                                     build/system_stm32f4xx.o
                                                  build/stm32f4xx_hal_rcc.o
BusFault_Handler                                  build/stm32f4xx_it.o
ClrScrFlag                                        build/main.o
CouSemo                                           build/main.o
DMA1_Stream0_IRQHandler                           build/startup_stm32f411xe.o
DMA1_Stream1_IRQHandler                           build/startup_stm32f411xe.o
DMA1_Stream2_IRQHandler                           build/startup_stm32f411xe.o
DMA1_Stream3_IRQHandler                           build/startup_stm32f411xe.o
DMA1_Stream4_IRQHandler                           build/startup_stm32f411xe.o
DMA1_Stream5_IRQHandler                           build/startup_stm32f411xe.o
DMA1_Stream6_IRQHandler                           build/startup_stm32f411xe.o
DMA1_Stream7_IRQHandler                           build/startup_stm32f411xe.o
DMA2_Stream0_IRQHandler                           build/stm32f4xx_it.o
DMA2_Stream1_IRQHandler                           build/startup_stm32f411xe.o
DMA2_Stream2_IRQHandler                           build/startup_stm32f411xe.o
DMA2_Stream3_IRQHandler                           build/startup_stm32f411xe.o
DMA2_Stream4_IRQHandler                           build/startup_stm32f411xe.o
DMA2_Stream5_IRQHandler                           build/startup_stm32f411xe.o
DMA2_Stream6_IRQHandler                           build/startup_stm32f411xe.o
DMA2_Stream7_IRQHandler                           build/startup_stm32f411xe.o
DebugMon_Handler                                  build/stm32f4xx_it.o
Default_Handler                                   build/startup_stm32f411xe.o
EXTI0_IRQHandler                                  build/startup_stm32f411xe.o
EXTI15_10_IRQHandler                              build/stm32f4xx_it.o
EXTI1_IRQHandler                                  build/startup_stm32f411xe.o
EXTI2_IRQHandler                                  build/startup_stm32f411xe.o
EXTI3_IRQHandler                                  build/startup_stm32f411xe.o
EXTI4_IRQHandler                                  build/startup_stm32f411xe.o
EXTI9_5_IRQHandler                                build/startup_stm32f411xe.o
Error_Handler                                     build/main.o
                                                  build/stm32f4xx_hal_msp.o